[2026-05-25 04:19:20.869] [info] CPU 0: Partition 0
[2026-05-25 04:19:20.869] [info] CPU 1: Partition 0
[2026-05-25 04:19:20.869] [info] CPU 2: Partition 0
[2026-05-25 04:19:20.869] [info] CPU 3: Partition 0
[2026-05-25 04:19:20.869] [info] Running in language mode
[2026-05-25 04:19:20.869] [info] Simulator Configuration:
[2026-05-25 04:19:20.869] [info] [Core 0] Systolic Array Throughput: 131072 GFLOPS, Spad size: 32768 KB, Accumulator size: 4096 KB
[2026-05-25 04:19:20.869] [info] [Core 1] Systolic Array Throughput: 131072 GFLOPS, Spad size: 32768 KB, Accumulator size: 4096 KB
[2026-05-25 04:19:20.869] [info] [Core 2] Systolic Array Throughput: 131072 GFLOPS, Spad size: 32768 KB, Accumulator size: 4096 KB
[2026-05-25 04:19:20.869] [info] [Core 3] Systolic Array Throughput: 131072 GFLOPS, Spad size: 32768 KB, Accumulator size: 4096 KB
[2026-05-25 04:19:20.869] [info] DRAM Bandwidth 614 GB/s
[2026-05-25 04:19:20.869] [info] Ramulator2 config: /workspace/ONNXim/configs/../configs/ramulator2_configs/HBM2.yaml
[2026-05-25 04:19:20.875] [info] Initialize Booksim2
[2026-05-25 04:19:20.875] [info] Config path : /workspace/ONNXim/configs/../configs/booksim2_configs/fly_c64_m16.icnt
[2026-05-25 04:19:20.877] [info] Register Language Model: tiny_transformer
[2026-05-25 04:19:20.877] [info] Tensor Parallelsim 1, Pipeline Parallelism 1
[2026-05-25 04:19:20.877] [info] Weight size: 0.01 GB
[2026-05-25 04:19:20.877] [info] Simple Language scheduler selected
[2026-05-25 04:19:20.877] [info] num layer 1 num sim layer 1
[2026-05-25 04:19:20.877] [info] ======Start Simulation=====
[2026-05-25 04:19:20.877] [info] Total Memory Usage: 0.01 GB
[2026-05-25 04:19:20.877] [info] Weight Memory Usage: 0.01 GB
[2026-05-25 04:19:20.877] [info] KV Memory Usage: 0.00 GB
[2026-05-25 04:19:20.877] [info] Activation Memory Usage: 0.00 GB
[2026-05-25 04:19:20.877] [debug] [Gemm] input_shape: [4, 232]
[2026-05-25 04:19:20.877] [debug] [Gemm] output_shape : [4, 696]
[2026-05-25 04:19:20.877] [info] [GEMM] spad_size: 33554432 accum_size: 4194304
[2026-05-25 04:19:20.877] [info] [GEMM] required_sram_size: 131072 required_accum_size: 32768
[2026-05-25 04:19:20.877] [info] [GEMM] Used mapping: Total N:4 C:232 M:696 | Outer N:1 C:1 M:6 | Inner N:128 C:256 M:128
[2026-05-25 04:19:20.879] [info] [GemmWs] Keys K = 232, N = 4, M = 696
[2026-05-25 04:19:20.879] [info] [GemmWS]: total 0.00129456 GFLOPs, 0.00033176 GB
[2026-05-25 04:19:20.879] [info] [GemmWS]: Theoretical time(ms): 0.0005403257432590181 Compute time: 9.876709228251457e-06 Memory time: 0.0005403257432590181
[2026-05-25 04:19:20.879] [debug] [KVCacheConcat] input_token_lengths: [4]
[2026-05-25 04:19:20.879] [debug] [KVCacheConcat] number of tiles: 1
[2026-05-25 04:19:20.879] [info] [Attention] total_spad_size_per_head: 238960 B
[2026-05-25 04:19:20.879] [info] [Attention] total_acc_size_per_head: 8224 B
[2026-05-25 04:19:20.879] [info] [Attention] q_len: 4, seq_len: 1028, dk: 58, heads per tile 1
[2026-05-25 04:19:20.879] [info] [Attention] Spad size 16777216
[2026-05-25 04:19:20.879] [info] [Attention] Accum spad size 2097152
[2026-05-25 04:19:20.879] [info] Mapping info Total Loop: N16 C58 M1028 S1 R1 Q1 P1 Tile Out Loop: N4 C1 M1 S1 R1 Q1 P1 Tile In Loop: N4 C58 M1028 S1 R1 Q1 P1
[2026-05-25 04:19:20.893] [info] [Attention] QK 0.001907968 GFLOPs
[2026-05-25 04:19:20.893] [info] [Attention] total 0.003980416 GFLOPs, 0.000957696 GB
[2026-05-25 04:19:20.893] [info] [Attention] Theoretical time(ms): 0.0015597654 Compute time: 4.9191407e-05 Memory time: 0.0015597654
[2026-05-25 04:19:20.893] [info] [Attention] QK compute 0.0000ms Softmax compute 0.0000ms SV compute 0.0000ms
[2026-05-25 04:19:20.893] [debug] [Gemm] input_shape: [4, 232]
[2026-05-25 04:19:20.893] [debug] [Gemm] output_shape : [4, 232]
[2026-05-25 04:19:20.893] [info] [GEMM] spad_size: 33554432 accum_size: 4194304
[2026-05-25 04:19:20.893] [info] [GEMM] required_sram_size: 131072 required_accum_size: 32768
[2026-05-25 04:19:20.893] [info] [GEMM] Used mapping: Total N:4 C:232 M:232 | Outer N:1 C:1 M:2 | Inner N:128 C:256 M:128
[2026-05-25 04:19:20.893] [info] [GemmWs] Keys K = 232, N = 4, M = 232
[2026-05-25 04:19:20.893] [info] [GemmWS]: total 0.00043151996 GFLOPs, 0.000111824 GB
[2026-05-25 04:19:20.893] [info] [GemmWS]: Theoretical time(ms): 0.00018212378449788957 Compute time: 3.2922360393428107e-06 Memory time: 0.00018212378449788957
[2026-05-25 04:19:20.893] [info] [SkipLayerNorm] tokens_per_tile: 1
[2026-05-25 04:19:20.893] [debug] [Gemm] input_shape: [4, 232]
[2026-05-25 04:19:20.893] [debug] [Gemm] output_shape : [4, 512]
[2026-05-25 04:19:20.893] [info] [GEMM] spad_size: 33554432 accum_size: 4194304
[2026-05-25 04:19:20.893] [info] [GEMM] required_sram_size: 131072 required_accum_size: 32768
[2026-05-25 04:19:20.893] [info] [GEMM] Used mapping: Total N:4 C:232 M:512 | Outer N:1 C:1 M:4 | Inner N:128 C:256 M:128
[2026-05-25 04:19:20.894] [info] [GemmWs] Keys K = 232, N = 4, M = 512
[2026-05-25 04:19:20.894] [info] [GemmWS]: total 0.000950272 GFLOPs, 0.00024352 GB
[2026-05-25 04:19:20.894] [info] [GemmWS]: Theoretical time(ms): 0.00039661236428401025 Compute time: 7.25000015577848e-06 Memory time: 0.00039661236428401025
[2026-05-25 04:19:20.894] [info] [BiasAct] tokens_per_tile: 1
[2026-05-25 04:19:20.894] [debug] [Gemm] input_shape: [4, 512]
[2026-05-25 04:19:20.894] [debug] [Gemm] output_shape : [4, 232]
[2026-05-25 04:19:20.894] [info] [GEMM] spad_size: 33554432 accum_size: 4194304
[2026-05-25 04:19:20.894] [info] [GEMM] required_sram_size: 262144 required_accum_size: 32768
[2026-05-25 04:19:20.894] [info] [GEMM] Used mapping: Total N:4 C:512 M:232 | Outer N:1 C:1 M:2 | Inner N:128 C:512 M:128
[2026-05-25 04:19:20.895] [info] [GemmWs] Keys K = 512, N = 4, M = 232
[2026-05-25 04:19:20.895] [info] [GemmWS]: total 0.00095119997 GFLOPs, 0.000243984 GB
[2026-05-25 04:19:20.895] [info] [GemmWS]: Theoretical time(ms): 0.00039736806911605527 Compute time: 7.25707982596191e-06 Memory time: 0.00039736806911605527
[2026-05-25 04:19:20.895] [info] [SkipLayerNorm] tokens_per_tile: 1
[2026-05-25 04:19:20.895] [debug] runnable op, 
[2026-05-25 04:19:20.895] [info]  Model initialization time: 0.017725 seconds
[2026-05-25 04:19:20.895] [info] Schedule model: tiny_transformer at 1000 us
[2026-05-25 04:19:20.895] [info] MODEL tiny_transformer Scheduled, Total Request: 1
[2026-05-25 04:19:20.895] [info] executable layer count 1
[2026-05-25 04:19:20.895] [info] Start layer layer0.attn.QKVgen
[2026-05-25 04:19:20.895] [debug] Layer layer0.attn.QKVgen Core 0 Get Tile at 0
[2026-05-25 04:19:20.895] [debug] Layer layer0.attn.QKVgen Core 1 Get Tile at 0
[2026-05-25 04:19:20.895] [debug] Layer layer0.attn.QKVgen Core 2 Get Tile at 0
[2026-05-25 04:19:20.895] [debug] Layer layer0.attn.QKVgen Core 3 Get Tile at 0
[2026-05-25 04:19:20.895] [info] HBM2-CH_0: BW utilization 0% (0 reads, 0 writes)
[2026-05-25 04:19:20.895] [debug] HBM2-CH_1: BW utilization 0% (0 reads, 0 writes)
[2026-05-25 04:19:20.895] [debug] HBM2-CH_2: BW utilization 0% (0 reads, 0 writes)
[2026-05-25 04:19:20.895] [debug] HBM2-CH_3: BW utilization 0% (0 reads, 0 writes)
[2026-05-25 04:19:20.895] [debug] HBM2-CH_4: BW utilization 0% (0 reads, 0 writes)
[2026-05-25 04:19:20.895] [debug] HBM2-CH_5: BW utilization 0% (0 reads, 0 writes)
[2026-05-25 04:19:20.895] [debug] HBM2-CH_6: BW utilization 0% (0 reads, 0 writes)
[2026-05-25 04:19:20.895] [debug] HBM2-CH_7: BW utilization 0% (0 reads, 0 writes)
[2026-05-25 04:19:20.895] [debug] HBM2-CH_8: BW utilization 0% (0 reads, 0 writes)
[2026-05-25 04:19:20.895] [debug] HBM2-CH_9: BW utilization 0% (0 reads, 0 writes)
[2026-05-25 04:19:20.895] [debug] HBM2-CH_10: BW utilization 0% (0 reads, 0 writes)
[2026-05-25 04:19:20.895] [debug] HBM2-CH_11: BW utilization 0% (0 reads, 0 writes)
[2026-05-25 04:19:20.895] [debug] HBM2-CH_12: BW utilization 0% (0 reads, 0 writes)
[2026-05-25 04:19:20.895] [debug] HBM2-CH_13: BW utilization 0% (0 reads, 0 writes)
[2026-05-25 04:19:20.895] [debug] HBM2-CH_14: BW utilization 0% (0 reads, 0 writes)
[2026-05-25 04:19:20.895] [debug] HBM2-CH_15: BW utilization 0% (0 reads, 0 writes)
[2026-05-25 04:19:20.895] [debug] Layer layer0.attn.QKVgen Core 1 Get Tile at 1
[2026-05-25 04:19:20.895] [debug] Layer layer0.attn.QKVgen Core 2 Get Tile at 1
[2026-05-25 04:19:21.036] [info] Core [0] : MatMul active cycle 371 Vector active cycle 0 
[2026-05-25 04:19:21.036] [info] Core [0] : issued tile 1 
[2026-05-25 04:19:21.036] [info] Core [0] : Memory unit idle cycle 879 Systolic bubble cycle 1841152 Core idle cycle 0 
[2026-05-25 04:19:21.036] [info] Core [0] : PE Utilization(%) 0.36, Systolic Bubble(%) 11.24, Vector Unit Utilization(%) 0.00, Total cycle: 1000
[2026-05-25 04:19:21.036] [debug] Core [1] : MatMul active cycle 308 Vector active cycle 0 
[2026-05-25 04:19:21.036] [debug] Core [1] : issued tile 2 
[2026-05-25 04:19:21.036] [debug] Core [1] : Memory unit idle cycle 759 Systolic bubble cycle 841216 Core idle cycle 0 
[2026-05-25 04:19:21.036] [debug] Core [1] : PE Utilization(%) 0.17, Systolic Bubble(%) 5.13, Vector Unit Utilization(%) 0.00, Total cycle: 1000
[2026-05-25 04:19:21.036] [debug] Core [2] : MatMul active cycle 355 Vector active cycle 0 
[2026-05-25 04:19:21.036] [debug] Core [2] : issued tile 2 
[2026-05-25 04:19:21.036] [debug] Core [2] : Memory unit idle cycle 824 Systolic bubble cycle 1587200 Core idle cycle 0 
[2026-05-25 04:19:21.036] [debug] Core [2] : PE Utilization(%) 0.31, Systolic Bubble(%) 9.69, Vector Unit Utilization(%) 0.00, Total cycle: 1000
[2026-05-25 04:19:21.036] [debug] Core [3] : MatMul active cycle 338 Vector active cycle 0 
[2026-05-25 04:19:21.036] [debug] Core [3] : issued tile 1 
[2026-05-25 04:19:21.036] [debug] Core [3] : Memory unit idle cycle 879 Systolic bubble cycle 1317376 Core idle cycle 0 
[2026-05-25 04:19:21.036] [debug] Core [3] : PE Utilization(%) 0.26, Systolic Bubble(%) 8.04, Vector Unit Utilization(%) 0.00, Total cycle: 1000
[2026-05-25 04:19:21.037] [debug] Layer 18 Core 0 Finish Tile at 1272 Remain tile 6
[2026-05-25 04:19:21.038] [debug] Layer 18 Core 2 Finish Tile at 1288 Remain tile 5
[2026-05-25 04:19:21.038] [debug] Layer 18 Core 3 Finish Tile at 1305 Remain tile 4
[2026-05-25 04:19:21.039] [debug] Layer 18 Core 1 Finish Tile at 1335 Remain tile 3
[2026-05-25 04:19:21.040] [debug] Layer 18 Core 2 Finish Tile at 1544 Remain tile 2
[2026-05-25 04:19:21.041] [debug] Layer 18 Core 1 Finish Tile at 1591 Remain tile 1
[2026-05-25 04:19:21.041] [info] Layer layer0.attn.QKVgen finish at 1591
[2026-05-25 04:19:21.041] [info] Total compute time 1591
[2026-05-25 04:19:21.041] [info] executable layer count 1
[2026-05-25 04:19:21.041] [info] Start layer layer0.attn.KVccat
[2026-05-25 04:19:21.041] [debug] Layer layer0.attn.KVccat Core 0 Get Tile at 1592
[2026-05-25 04:19:21.041] [debug] Layer 20 Core 0 Finish Tile at 1593 Remain tile 1
[2026-05-25 04:19:21.041] [info] Layer layer0.attn.KVccat finish at 1593
[2026-05-25 04:19:21.041] [info] Total compute time 2
[2026-05-25 04:19:21.041] [info] executable layer count 1
[2026-05-25 04:19:21.041] [info] Start layer layer0.attn.Attention.0
[2026-05-25 04:19:21.041] [debug] Layer layer0.attn.Attention.0 Core 0 Get Tile at 1593
[2026-05-25 04:19:21.041] [debug] Layer layer0.attn.Attention.0 Core 1 Get Tile at 1593
[2026-05-25 04:19:21.041] [debug] Layer layer0.attn.Attention.0 Core 2 Get Tile at 1593
[2026-05-25 04:19:21.041] [debug] Layer layer0.attn.Attention.0 Core 3 Get Tile at 1593
[2026-05-25 04:19:21.140] [info] Core [0] : MatMul active cycle 270 Vector active cycle 0 
[2026-05-25 04:19:21.140] [info] Core [0] : issued tile 1 
[2026-05-25 04:19:21.140] [info] Core [0] : Memory unit idle cycle 592 Systolic bubble cycle 4285440 Core idle cycle 301 
[2026-05-25 04:19:21.140] [info] Core [0] : PE Utilization(%) 0.84, Systolic Bubble(%) 26.16, Vector Unit Utilization(%) 0.00, Total cycle: 2000
[2026-05-25 04:19:21.140] [debug] Core [1] : MatMul active cycle 589 Vector active cycle 0 
[2026-05-25 04:19:21.140] [debug] Core [1] : issued tile 1 
[2026-05-25 04:19:21.140] [debug] Core [1] : Memory unit idle cycle 590 Systolic bubble cycle 9348608 Core idle cycle 0 
[2026-05-25 04:19:21.140] [debug] Core [1] : PE Utilization(%) 1.84, Systolic Bubble(%) 57.06, Vector Unit Utilization(%) 0.00, Total cycle: 2000
[2026-05-25 04:19:21.140] [debug] Core [2] : MatMul active cycle 542 Vector active cycle 0 
[2026-05-25 04:19:21.140] [debug] Core [2] : issued tile 1 
[2026-05-25 04:19:21.140] [debug] Core [2] : Memory unit idle cycle 591 Systolic bubble cycle 8676352 Core idle cycle 29 
[2026-05-25 04:19:21.140] [debug] Core [2] : PE Utilization(%) 1.24, Systolic Bubble(%) 52.96, Vector Unit Utilization(%) 0.00, Total cycle: 2000
[2026-05-25 04:19:21.140] [debug] Core [3] : MatMul active cycle 303 Vector active cycle 0 
[2026-05-25 04:19:21.140] [debug] Core [3] : issued tile 1 
[2026-05-25 04:19:21.140] [debug] Core [3] : Memory unit idle cycle 592 Systolic bubble cycle 4809216 Core idle cycle 267 
[2026-05-25 04:19:21.140] [debug] Core [3] : PE Utilization(%) 0.95, Systolic Bubble(%) 29.35, Vector Unit Utilization(%) 0.00, Total cycle: 2000
[2026-05-25 04:19:21.360] [info] Core [0] : MatMul active cycle 0 Vector active cycle 0 
[2026-05-25 04:19:21.360] [info] Core [0] : issued tile 1 
[2026-05-25 04:19:21.360] [info] Core [0] : Memory unit idle cycle 939 Systolic bubble cycle 0 Core idle cycle 0 
[2026-05-25 04:19:21.360] [info] Core [0] : PE Utilization(%) 0.00, Systolic Bubble(%) 0.00, Vector Unit Utilization(%) 0.00, Total cycle: 3000
[2026-05-25 04:19:21.360] [debug] Core [1] : MatMul active cycle 0 Vector active cycle 0 
[2026-05-25 04:19:21.360] [debug] Core [1] : issued tile 1 
[2026-05-25 04:19:21.360] [debug] Core [1] : Memory unit idle cycle 939 Systolic bubble cycle 0 Core idle cycle 0 
[2026-05-25 04:19:21.360] [debug] Core [1] : PE Utilization(%) 0.00, Systolic Bubble(%) 0.00, Vector Unit Utilization(%) 0.00, Total cycle: 3000
[2026-05-25 04:19:21.360] [debug] Core [2] : MatMul active cycle 132 Vector active cycle 0 
[2026-05-25 04:19:21.360] [debug] Core [2] : issued tile 1 
[2026-05-25 04:19:21.360] [debug] Core [2] : Memory unit idle cycle 939 Systolic bubble cycle 0 Core idle cycle 0 
[2026-05-25 04:19:21.361] [debug] Core [2] : PE Utilization(%) 0.00, Systolic Bubble(%) 0.00, Vector Unit Utilization(%) 0.00, Total cycle: 3000
[2026-05-25 04:19:21.361] [debug] Core [3] : MatMul active cycle 4 Vector active cycle 0 
[2026-05-25 04:19:21.361] [debug] Core [3] : issued tile 1 
[2026-05-25 04:19:21.361] [debug] Core [3] : Memory unit idle cycle 939 Systolic bubble cycle 0 Core idle cycle 0 
[2026-05-25 04:19:21.361] [debug] Core [3] : PE Utilization(%) 0.00, Systolic Bubble(%) 0.00, Vector Unit Utilization(%) 0.00, Total cycle: 3000
[2026-05-25 04:19:21.490] [info] Core [0] : MatMul active cycle 961 Vector active cycle 0 
[2026-05-25 04:19:21.490] [info] Core [0] : issued tile 1 
[2026-05-25 04:19:21.490] [info] Core [0] : Memory unit idle cycle 1000 Systolic bubble cycle 11205632 Core idle cycle 0 
[2026-05-25 04:19:21.490] [info] Core [0] : PE Utilization(%) 2.21, Systolic Bubble(%) 68.39, Vector Unit Utilization(%) 0.00, Total cycle: 4000
[2026-05-25 04:19:21.490] [debug] Core [1] : MatMul active cycle 979 Vector active cycle 0 
[2026-05-25 04:19:21.490] [debug] Core [1] : issued tile 1 
[2026-05-25 04:19:21.490] [debug] Core [1] : Memory unit idle cycle 1000 Systolic bubble cycle 11491328 Core idle cycle 0 
[2026-05-25 04:19:21.490] [debug] Core [1] : PE Utilization(%) 2.26, Systolic Bubble(%) 70.14, Vector Unit Utilization(%) 0.00, Total cycle: 4000
[2026-05-25 04:19:21.490] [debug] Core [2] : MatMul active cycle 1000 Vector active cycle 0 
[2026-05-25 04:19:21.490] [debug] Core [2] : issued tile 1 
[2026-05-25 04:19:21.490] [debug] Core [2] : Memory unit idle cycle 1000 Systolic bubble cycle 13919744 Core idle cycle 0 
[2026-05-25 04:19:21.490] [debug] Core [2] : PE Utilization(%) 2.74, Systolic Bubble(%) 84.96, Vector Unit Utilization(%) 0.00, Total cycle: 4000
[2026-05-25 04:19:21.490] [debug] Core [3] : MatMul active cycle 1000 Vector active cycle 0 
[2026-05-25 04:19:21.490] [debug] Core [3] : issued tile 1 
[2026-05-25 04:19:21.490] [debug] Core [3] : Memory unit idle cycle 1000 Systolic bubble cycle 11888128 Core idle cycle 0 
[2026-05-25 04:19:21.490] [debug] Core [3] : PE Utilization(%) 2.34, Systolic Bubble(%) 72.56, Vector Unit Utilization(%) 0.00, Total cycle: 4000
[2026-05-25 04:19:21.496] [info] Core [0] : MatMul active cycle 972 Vector active cycle 40 
[2026-05-25 04:19:21.496] [info] Core [0] : issued tile 1 
[2026-05-25 04:19:21.496] [info] Core [0] : Memory unit idle cycle 1000 Systolic bubble cycle 11483192 Core idle cycle 0 
[2026-05-25 04:19:21.496] [info] Core [0] : PE Utilization(%) 1.61, Systolic Bubble(%) 70.09, Vector Unit Utilization(%) 4.00, Total cycle: 5000
[2026-05-25 04:19:21.496] [debug] Core [1] : MatMul active cycle 972 Vector active cycle 40 
[2026-05-25 04:19:21.496] [debug] Core [1] : issued tile 1 
[2026-05-25 04:19:21.496] [debug] Core [1] : Memory unit idle cycle 1000 Systolic bubble cycle 11488232 Core idle cycle 0 
[2026-05-25 04:19:21.496] [debug] Core [1] : PE Utilization(%) 1.58, Systolic Bubble(%) 70.12, Vector Unit Utilization(%) 4.00, Total cycle: 5000
[2026-05-25 04:19:21.496] [debug] Core [2] : MatMul active cycle 971 Vector active cycle 40 
[2026-05-25 04:19:21.496] [debug] Core [2] : issued tile 1 
[2026-05-25 04:19:21.496] [debug] Core [2] : Memory unit idle cycle 1000 Systolic bubble cycle 10658864 Core idle cycle 0 
[2026-05-25 04:19:21.496] [debug] Core [2] : PE Utilization(%) 1.24, Systolic Bubble(%) 65.06, Vector Unit Utilization(%) 4.00, Total cycle: 5000
[2026-05-25 04:19:21.496] [debug] Core [3] : MatMul active cycle 972 Vector active cycle 40 
[2026-05-25 04:19:21.496] [debug] Core [3] : issued tile 1 
[2026-05-25 04:19:21.496] [debug] Core [3] : Memory unit idle cycle 1000 Systolic bubble cycle 11495232 Core idle cycle 0 
[2026-05-25 04:19:21.496] [debug] Core [3] : PE Utilization(%) 1.54, Systolic Bubble(%) 70.16, Vector Unit Utilization(%) 4.00, Total cycle: 5000
[2026-05-25 04:19:21.503] [info] Core [0] : MatMul active cycle 998 Vector active cycle 0 
[2026-05-25 04:19:21.503] [info] Core [0] : issued tile 1 
[2026-05-25 04:19:21.503] [info] Core [0] : Memory unit idle cycle 1000 Systolic bubble cycle 7882176 Core idle cycle 0 
[2026-05-25 04:19:21.503] [info] Core [0] : PE Utilization(%) 0.69, Systolic Bubble(%) 48.11, Vector Unit Utilization(%) 0.00, Total cycle: 6000
[2026-05-25 04:19:21.503] [debug] Core [1] : MatMul active cycle 998 Vector active cycle 0 
[2026-05-25 04:19:21.503] [debug] Core [1] : issued tile 1 
[2026-05-25 04:19:21.503] [debug] Core [1] : Memory unit idle cycle 1000 Systolic bubble cycle 7882176 Core idle cycle 0 
[2026-05-25 04:19:21.503] [debug] Core [1] : PE Utilization(%) 0.69, Systolic Bubble(%) 48.11, Vector Unit Utilization(%) 0.00, Total cycle: 6000
[2026-05-25 04:19:21.503] [debug] Core [2] : MatMul active cycle 998 Vector active cycle 0 
[2026-05-25 04:19:21.503] [debug] Core [2] : issued tile 1 
[2026-05-25 04:19:21.503] [debug] Core [2] : Memory unit idle cycle 1000 Systolic bubble cycle 8334432 Core idle cycle 0 
[2026-05-25 04:19:21.503] [debug] Core [2] : PE Utilization(%) 0.73, Systolic Bubble(%) 50.87, Vector Unit Utilization(%) 0.00, Total cycle: 6000
[2026-05-25 04:19:21.503] [debug] Core [3] : MatMul active cycle 998 Vector active cycle 0 
[2026-05-25 04:19:21.503] [debug] Core [3] : issued tile 1 
[2026-05-25 04:19:21.503] [debug] Core [3] : Memory unit idle cycle 1000 Systolic bubble cycle 7882176 Core idle cycle 0 
[2026-05-25 04:19:21.503] [debug] Core [3] : PE Utilization(%) 0.69, Systolic Bubble(%) 48.11, Vector Unit Utilization(%) 0.00, Total cycle: 6000
[2026-05-25 04:19:21.510] [info] Core [0] : MatMul active cycle 998 Vector active cycle 0 
[2026-05-25 04:19:21.510] [info] Core [0] : issued tile 1 
[2026-05-25 04:19:21.510] [info] Core [0] : Memory unit idle cycle 1000 Systolic bubble cycle 7882176 Core idle cycle 0 
[2026-05-25 04:19:21.510] [info] Core [0] : PE Utilization(%) 0.69, Systolic Bubble(%) 48.11, Vector Unit Utilization(%) 0.00, Total cycle: 7000
[2026-05-25 04:19:21.510] [debug] Core [1] : MatMul active cycle 998 Vector active cycle 0 
[2026-05-25 04:19:21.510] [debug] Core [1] : issued tile 1 
[2026-05-25 04:19:21.510] [debug] Core [1] : Memory unit idle cycle 1000 Systolic bubble cycle 7882176 Core idle cycle 0 
[2026-05-25 04:19:21.510] [debug] Core [1] : PE Utilization(%) 0.69, Systolic Bubble(%) 48.11, Vector Unit Utilization(%) 0.00, Total cycle: 7000
[2026-05-25 04:19:21.510] [debug] Core [2] : MatMul active cycle 999 Vector active cycle 0 
[2026-05-25 04:19:21.510] [debug] Core [2] : issued tile 1 
[2026-05-25 04:19:21.510] [debug] Core [2] : Memory unit idle cycle 1000 Systolic bubble cycle 8302128 Core idle cycle 0 
[2026-05-25 04:19:21.510] [debug] Core [2] : PE Utilization(%) 0.73, Systolic Bubble(%) 50.67, Vector Unit Utilization(%) 0.00, Total cycle: 7000
[2026-05-25 04:19:21.510] [debug] Core [3] : MatMul active cycle 998 Vector active cycle 0 
[2026-05-25 04:19:21.510] [debug] Core [3] : issued tile 1 
[2026-05-25 04:19:21.510] [debug] Core [3] : Memory unit idle cycle 1000 Systolic bubble cycle 7882176 Core idle cycle 0 
[2026-05-25 04:19:21.510] [debug] Core [3] : PE Utilization(%) 0.69, Systolic Bubble(%) 48.11, Vector Unit Utilization(%) 0.00, Total cycle: 7000
[2026-05-25 04:19:21.516] [info] HBM2-CH_0: BW utilization 26% (2526 reads, 11 writes)
[2026-05-25 04:19:21.516] [debug] HBM2-CH_1: BW utilization 26% (2519 reads, 11 writes)
[2026-05-25 04:19:21.516] [debug] HBM2-CH_2: BW utilization 26% (2519 reads, 11 writes)
[2026-05-25 04:19:21.516] [debug] HBM2-CH_3: BW utilization 26% (2526 reads, 11 writes)
[2026-05-25 04:19:21.516] [debug] HBM2-CH_4: BW utilization 26% (2518 reads, 11 writes)
[2026-05-25 04:19:21.516] [debug] HBM2-CH_5: BW utilization 26% (2522 reads, 11 writes)
[2026-05-25 04:19:21.516] [debug] HBM2-CH_6: BW utilization 26% (2526 reads, 11 writes)
[2026-05-25 04:19:21.516] [debug] HBM2-CH_7: BW utilization 26% (2518 reads, 12 writes)
[2026-05-25 04:19:21.516] [debug] HBM2-CH_8: BW utilization 26% (2525 reads, 11 writes)
[2026-05-25 04:19:21.516] [debug] HBM2-CH_9: BW utilization 26% (2526 reads, 11 writes)
[2026-05-25 04:19:21.516] [debug] HBM2-CH_10: BW utilization 26% (2526 reads, 11 writes)
[2026-05-25 04:19:21.516] [debug] HBM2-CH_11: BW utilization 26% (2520 reads, 11 writes)
[2026-05-25 04:19:21.516] [debug] HBM2-CH_12: BW utilization 26% (2526 reads, 12 writes)
[2026-05-25 04:19:21.516] [debug] HBM2-CH_13: BW utilization 26% (2519 reads, 10 writes)
[2026-05-25 04:19:21.516] [debug] HBM2-CH_14: BW utilization 26% (2518 reads, 10 writes)
[2026-05-25 04:19:21.516] [debug] HBM2-CH_15: BW utilization 26% (2526 reads, 11 writes)
[2026-05-25 04:19:21.516] [info] Core [0] : MatMul active cycle 998 Vector active cycle 0 
[2026-05-25 04:19:21.516] [info] Core [0] : issued tile 1 
[2026-05-25 04:19:21.516] [info] Core [0] : Memory unit idle cycle 1000 Systolic bubble cycle 7882176 Core idle cycle 0 
[2026-05-25 04:19:21.516] [info] Core [0] : PE Utilization(%) 0.69, Systolic Bubble(%) 48.11, Vector Unit Utilization(%) 0.00, Total cycle: 8000
[2026-05-25 04:19:21.516] [debug] Core [1] : MatMul active cycle 998 Vector active cycle 0 
[2026-05-25 04:19:21.516] [debug] Core [1] : issued tile 1 
[2026-05-25 04:19:21.516] [debug] Core [1] : Memory unit idle cycle 1000 Systolic bubble cycle 7882176 Core idle cycle 0 
[2026-05-25 04:19:21.516] [debug] Core [1] : PE Utilization(%) 0.69, Systolic Bubble(%) 48.11, Vector Unit Utilization(%) 0.00, Total cycle: 8000
[2026-05-25 04:19:21.516] [debug] Core [2] : MatMul active cycle 998 Vector active cycle 0 
[2026-05-25 04:19:21.516] [debug] Core [2] : issued tile 1 
[2026-05-25 04:19:21.516] [debug] Core [2] : Memory unit idle cycle 1000 Systolic bubble cycle 7882176 Core idle cycle 0 
[2026-05-25 04:19:21.516] [debug] Core [2] : PE Utilization(%) 0.69, Systolic Bubble(%) 48.11, Vector Unit Utilization(%) 0.00, Total cycle: 8000
[2026-05-25 04:19:21.516] [debug] Core [3] : MatMul active cycle 998 Vector active cycle 0 
[2026-05-25 04:19:21.516] [debug] Core [3] : issued tile 1 
[2026-05-25 04:19:21.516] [debug] Core [3] : Memory unit idle cycle 1000 Systolic bubble cycle 7882176 Core idle cycle 0 
[2026-05-25 04:19:21.516] [debug] Core [3] : PE Utilization(%) 0.69, Systolic Bubble(%) 48.11, Vector Unit Utilization(%) 0.00, Total cycle: 8000
[2026-05-25 04:19:21.523] [info] Core [0] : MatMul active cycle 998 Vector active cycle 2 
[2026-05-25 04:19:21.523] [info] Core [0] : issued tile 1 
[2026-05-25 04:19:21.523] [info] Core [0] : Memory unit idle cycle 1000 Systolic bubble cycle 7882176 Core idle cycle 0 
[2026-05-25 04:19:21.523] [info] Core [0] : PE Utilization(%) 0.69, Systolic Bubble(%) 48.11, Vector Unit Utilization(%) 0.20, Total cycle: 9000
[2026-05-25 04:19:21.523] [debug] Core [1] : MatMul active cycle 998 Vector active cycle 2 
[2026-05-25 04:19:21.523] [debug] Core [1] : issued tile 1 
[2026-05-25 04:19:21.523] [debug] Core [1] : Memory unit idle cycle 1000 Systolic bubble cycle 7882176 Core idle cycle 0 
[2026-05-25 04:19:21.523] [debug] Core [1] : PE Utilization(%) 0.69, Systolic Bubble(%) 48.11, Vector Unit Utilization(%) 0.20, Total cycle: 9000
[2026-05-25 04:19:21.523] [debug] Core [2] : MatMul active cycle 998 Vector active cycle 2 
[2026-05-25 04:19:21.523] [debug] Core [2] : issued tile 1 
[2026-05-25 04:19:21.523] [debug] Core [2] : Memory unit idle cycle 1000 Systolic bubble cycle 7882176 Core idle cycle 0 
[2026-05-25 04:19:21.523] [debug] Core [2] : PE Utilization(%) 0.69, Systolic Bubble(%) 48.11, Vector Unit Utilization(%) 0.20, Total cycle: 9000
[2026-05-25 04:19:21.523] [debug] Core [3] : MatMul active cycle 998 Vector active cycle 2 
[2026-05-25 04:19:21.523] [debug] Core [3] : issued tile 1 
[2026-05-25 04:19:21.523] [debug] Core [3] : Memory unit idle cycle 1000 Systolic bubble cycle 7882176 Core idle cycle 0 
[2026-05-25 04:19:21.523] [debug] Core [3] : PE Utilization(%) 0.69, Systolic Bubble(%) 48.11, Vector Unit Utilization(%) 0.20, Total cycle: 9000
[2026-05-25 04:19:21.523] [debug] Layer 24 Core 2 Finish Tile at 9062 Remain tile 4
[2026-05-25 04:19:21.524] [debug] Layer 24 Core 3 Finish Tile at 9190 Remain tile 3
[2026-05-25 04:19:21.525] [debug] Layer 24 Core 1 Finish Tile at 9215 Remain tile 2
[2026-05-25 04:19:21.525] [debug] Layer 24 Core 0 Finish Tile at 9233 Remain tile 1
[2026-05-25 04:19:21.525] [info] Layer layer0.attn.Attention.0 finish at 9233
[2026-05-25 04:19:21.525] [info] Total compute time 7640
[2026-05-25 04:19:21.525] [info] executable layer count 1
[2026-05-25 04:19:21.525] [info] Start layer layer0.attn.Atccat
[2026-05-25 04:19:21.525] [debug] Layer layer0.attn.Atccat Core 1 Get Tile at 9233
[2026-05-25 04:19:21.525] [debug] Layer 26 Core 1 Finish Tile at 9234 Remain tile 1
[2026-05-25 04:19:21.525] [info] Layer layer0.attn.Atccat finish at 9234
[2026-05-25 04:19:21.525] [info] Total compute time 1
[2026-05-25 04:19:21.525] [info] executable layer count 1
[2026-05-25 04:19:21.525] [info] Start layer layer0.attn.proj
[2026-05-25 04:19:21.525] [debug] Layer layer0.attn.proj Core 1 Get Tile at 9234
[2026-05-25 04:19:21.525] [debug] Layer layer0.attn.proj Core 2 Get Tile at 9234
[2026-05-25 04:19:21.567] [info] Core [0] : MatMul active cycle 229 Vector active cycle 2 
[2026-05-25 04:19:21.567] [info] Core [0] : issued tile 0 
[2026-05-25 04:19:21.567] [info] Core [0] : Memory unit idle cycle 998 Systolic bubble cycle 3698808 Core idle cycle 486 
[2026-05-25 04:19:21.567] [info] Core [0] : PE Utilization(%) 0.32, Systolic Bubble(%) 22.58, Vector Unit Utilization(%) 0.20, Total cycle: 10000
[2026-05-25 04:19:21.567] [debug] Core [1] : MatMul active cycle 671 Vector active cycle 2 
[2026-05-25 04:19:21.567] [debug] Core [1] : issued tile 1 
[2026-05-25 04:19:21.567] [debug] Core [1] : Memory unit idle cycle 877 Systolic bubble cycle 6661832 Core idle cycle 1 
[2026-05-25 04:19:21.567] [debug] Core [1] : PE Utilization(%) 0.94, Systolic Bubble(%) 40.66, Vector Unit Utilization(%) 0.20, Total cycle: 10000
[2026-05-25 04:19:21.567] [debug] Core [2] : MatMul active cycle 526 Vector active cycle 2 
[2026-05-25 04:19:21.567] [debug] Core [2] : issued tile 1 
[2026-05-25 04:19:21.567] [debug] Core [2] : Memory unit idle cycle 899 Systolic bubble cycle 4338000 Core idle cycle 136 
[2026-05-25 04:19:21.567] [debug] Core [2] : PE Utilization(%) 0.62, Systolic Bubble(%) 26.48, Vector Unit Utilization(%) 0.20, Total cycle: 10000
[2026-05-25 04:19:21.567] [debug] Core [3] : MatMul active cycle 186 Vector active cycle 2 
[2026-05-25 04:19:21.567] [debug] Core [3] : issued tile 0 
[2026-05-25 04:19:21.567] [debug] Core [3] : Memory unit idle cycle 998 Systolic bubble cycle 3004272 Core idle cycle 778 
[2026-05-25 04:19:21.567] [debug] Core [3] : PE Utilization(%) 0.26, Systolic Bubble(%) 18.34, Vector Unit Utilization(%) 0.20, Total cycle: 10000
[2026-05-25 04:19:21.568] [debug] Layer 28 Core 2 Finish Tile at 10175 Remain tile 2
[2026-05-25 04:19:21.568] [debug] Layer 28 Core 1 Finish Tile at 10183 Remain tile 1
[2026-05-25 04:19:21.568] [info] Layer layer0.attn.proj finish at 10183
[2026-05-25 04:19:21.568] [info] Total compute time 949
[2026-05-25 04:19:21.568] [info] executable layer count 1
[2026-05-25 04:19:21.568] [info] Start layer layer0.attn.ln
[2026-05-25 04:19:21.568] [debug] Layer layer0.attn.ln Core 1 Get Tile at 10183
[2026-05-25 04:19:21.568] [debug] Layer layer0.attn.ln Core 2 Get Tile at 10183
[2026-05-25 04:19:21.568] [debug] Layer layer0.attn.ln Core 3 Get Tile at 10183
[2026-05-25 04:19:21.568] [debug] Layer layer0.attn.ln Core 0 Get Tile at 10184
[2026-05-25 04:19:21.570] [debug] Layer 30 Core 2 Finish Tile at 10240 Remain tile 4
[2026-05-25 04:19:21.570] [debug] Layer 30 Core 3 Finish Tile at 10243 Remain tile 3
[2026-05-25 04:19:21.570] [debug] Layer 30 Core 0 Finish Tile at 10246 Remain tile 2
[2026-05-25 04:19:21.570] [debug] Layer 30 Core 1 Finish Tile at 10248 Remain tile 1
[2026-05-25 04:19:21.570] [info] Layer layer0.attn.ln finish at 10248
[2026-05-25 04:19:21.570] [info] Total compute time 65
[2026-05-25 04:19:21.571] [info] executable layer count 1
[2026-05-25 04:19:21.571] [info] Start layer layer0.ffn.fc1
[2026-05-25 04:19:21.571] [debug] Layer layer0.ffn.fc1 Core 1 Get Tile at 10248
[2026-05-25 04:19:21.571] [debug] Layer layer0.ffn.fc1 Core 2 Get Tile at 10248
[2026-05-25 04:19:21.571] [debug] Layer layer0.ffn.fc1 Core 3 Get Tile at 10248
[2026-05-25 04:19:21.571] [debug] Layer layer0.ffn.fc1 Core 0 Get Tile at 10249
[2026-05-25 04:19:21.690] [info] Core [0] : MatMul active cycle 175 Vector active cycle 12 
[2026-05-25 04:19:21.690] [info] Core [0] : issued tile 1 
[2026-05-25 04:19:21.690] [info] Core [0] : Memory unit idle cycle 877 Systolic bubble cycle 0 Core idle cycle 184 
[2026-05-25 04:19:21.690] [info] Core [0] : PE Utilization(%) 0.00, Systolic Bubble(%) 0.00, Vector Unit Utilization(%) 1.20, Total cycle: 11000
[2026-05-25 04:19:21.690] [debug] Core [1] : MatMul active cycle 358 Vector active cycle 12 
[2026-05-25 04:19:21.690] [debug] Core [1] : issued tile 1 
[2026-05-25 04:19:21.690] [debug] Core [1] : Memory unit idle cycle 875 Systolic bubble cycle 2872832 Core idle cycle 0 
[2026-05-25 04:19:21.690] [debug] Core [1] : PE Utilization(%) 0.57, Systolic Bubble(%) 17.53, Vector Unit Utilization(%) 1.20, Total cycle: 11000
[2026-05-25 04:19:21.690] [debug] Core [2] : MatMul active cycle 353 Vector active cycle 12 
[2026-05-25 04:19:21.690] [debug] Core [2] : issued tile 1 
[2026-05-25 04:19:21.690] [debug] Core [2] : Memory unit idle cycle 875 Systolic bubble cycle 2762464 Core idle cycle 0 
[2026-05-25 04:19:21.690] [debug] Core [2] : PE Utilization(%) 0.44, Systolic Bubble(%) 16.86, Vector Unit Utilization(%) 1.20, Total cycle: 11000
[2026-05-25 04:19:21.690] [debug] Core [3] : MatMul active cycle 177 Vector active cycle 12 
[2026-05-25 04:19:21.690] [debug] Core [3] : issued tile 1 
[2026-05-25 04:19:21.690] [debug] Core [3] : Memory unit idle cycle 877 Systolic bubble cycle 0 Core idle cycle 183 
[2026-05-25 04:19:21.690] [debug] Core [3] : PE Utilization(%) 0.00, Systolic Bubble(%) 0.00, Vector Unit Utilization(%) 1.20, Total cycle: 11000
[2026-05-25 04:19:21.693] [debug] Layer 32 Core 2 Finish Tile at 11463 Remain tile 4
[2026-05-25 04:19:21.693] [debug] Layer 32 Core 1 Finish Tile at 11466 Remain tile 3
[2026-05-25 04:19:21.693] [debug] Layer 32 Core 3 Finish Tile at 11466 Remain tile 2
[2026-05-25 04:19:21.693] [debug] Layer 32 Core 0 Finish Tile at 11468 Remain tile 1
[2026-05-25 04:19:21.693] [info] Layer layer0.ffn.fc1 finish at 11468
[2026-05-25 04:19:21.693] [info] Total compute time 1220
[2026-05-25 04:19:21.693] [info] executable layer count 1
[2026-05-25 04:19:21.693] [info] Start layer layer0.ffn.act
[2026-05-25 04:19:21.693] [debug] Layer layer0.ffn.act Core 0 Get Tile at 11468
[2026-05-25 04:19:21.693] [debug] Layer layer0.ffn.act Core 1 Get Tile at 11468
[2026-05-25 04:19:21.693] [debug] Layer layer0.ffn.act Core 2 Get Tile at 11468
[2026-05-25 04:19:21.693] [debug] Layer layer0.ffn.act Core 3 Get Tile at 11468
[2026-05-25 04:19:21.697] [debug] Layer 34 Core 2 Finish Tile at 11529 Remain tile 4
[2026-05-25 04:19:21.697] [debug] Layer 34 Core 3 Finish Tile at 11531 Remain tile 3
[2026-05-25 04:19:21.698] [debug] Layer 34 Core 0 Finish Tile at 11533 Remain tile 2
[2026-05-25 04:19:21.698] [debug] Layer 34 Core 1 Finish Tile at 11533 Remain tile 1
[2026-05-25 04:19:21.698] [info] Layer layer0.ffn.act finish at 11533
[2026-05-25 04:19:21.698] [info] Total compute time 65
[2026-05-25 04:19:21.698] [info] executable layer count 1
[2026-05-25 04:19:21.698] [info] Start layer layer0.ffn.fc2
[2026-05-25 04:19:21.698] [debug] Layer layer0.ffn.fc2 Core 1 Get Tile at 11533
[2026-05-25 04:19:21.698] [debug] Layer layer0.ffn.fc2 Core 2 Get Tile at 11533
[2026-05-25 04:19:21.771] [info] Core [0] : MatMul active cycle 466 Vector active cycle 4 
[2026-05-25 04:19:21.771] [info] Core [0] : issued tile 0 
[2026-05-25 04:19:21.771] [info] Core [0] : Memory unit idle cycle 992 Systolic bubble cycle 6126592 Core idle cycle 0 
[2026-05-25 04:19:21.771] [info] Core [0] : PE Utilization(%) 1.21, Systolic Bubble(%) 37.39, Vector Unit Utilization(%) 0.40, Total cycle: 12000
[2026-05-25 04:19:21.771] [debug] Core [1] : MatMul active cycle 464 Vector active cycle 4 
[2026-05-25 04:19:21.771] [debug] Core [1] : issued tile 1 
[2026-05-25 04:19:21.771] [debug] Core [1] : Memory unit idle cycle 727 Systolic bubble cycle 6126592 Core idle cycle 0 
[2026-05-25 04:19:21.771] [debug] Core [1] : PE Utilization(%) 1.21, Systolic Bubble(%) 37.39, Vector Unit Utilization(%) 0.40, Total cycle: 12000
[2026-05-25 04:19:21.771] [debug] Core [2] : MatMul active cycle 461 Vector active cycle 4 
[2026-05-25 04:19:21.771] [debug] Core [2] : issued tile 1 
[2026-05-25 04:19:21.771] [debug] Core [2] : Memory unit idle cycle 775 Systolic bubble cycle 6126592 Core idle cycle 0 
[2026-05-25 04:19:21.771] [debug] Core [2] : PE Utilization(%) 1.21, Systolic Bubble(%) 37.39, Vector Unit Utilization(%) 0.40, Total cycle: 12000
[2026-05-25 04:19:21.771] [debug] Core [3] : MatMul active cycle 464 Vector active cycle 4 
[2026-05-25 04:19:21.771] [debug] Core [3] : issued tile 0 
[2026-05-25 04:19:21.771] [debug] Core [3] : Memory unit idle cycle 992 Systolic bubble cycle 6126592 Core idle cycle 448 
[2026-05-25 04:19:21.771] [debug] Core [3] : PE Utilization(%) 1.21, Systolic Bubble(%) 37.39, Vector Unit Utilization(%) 0.40, Total cycle: 12000
[2026-05-25 04:19:21.792] [info] Core [0] : MatMul active cycle 0 Vector active cycle 0 
[2026-05-25 04:19:21.792] [info] Core [0] : issued tile 0 
[2026-05-25 04:19:21.792] [info] Core [0] : Memory unit idle cycle 1000 Systolic bubble cycle 0 Core idle cycle 833 
[2026-05-25 04:19:21.792] [info] Core [0] : PE Utilization(%) 0.00, Systolic Bubble(%) 0.00, Vector Unit Utilization(%) 0.00, Total cycle: 13000
[2026-05-25 04:19:21.792] [debug] Core [1] : MatMul active cycle 820 Vector active cycle 0 
[2026-05-25 04:19:21.792] [debug] Core [1] : issued tile 1 
[2026-05-25 04:19:21.792] [debug] Core [1] : Memory unit idle cycle 1000 Systolic bubble cycle 8967680 Core idle cycle 0 
[2026-05-25 04:19:21.792] [debug] Core [1] : PE Utilization(%) 1.77, Systolic Bubble(%) 54.73, Vector Unit Utilization(%) 0.00, Total cycle: 13000
[2026-05-25 04:19:21.792] [debug] Core [2] : MatMul active cycle 851 Vector active cycle 0 
[2026-05-25 04:19:21.792] [debug] Core [2] : issued tile 1 
[2026-05-25 04:19:21.792] [debug] Core [2] : Memory unit idle cycle 1000 Systolic bubble cycle 9516928 Core idle cycle 0 
[2026-05-25 04:19:21.792] [debug] Core [2] : PE Utilization(%) 1.51, Systolic Bubble(%) 58.09, Vector Unit Utilization(%) 0.00, Total cycle: 13000
[2026-05-25 04:19:21.792] [debug] Core [3] : MatMul active cycle 0 Vector active cycle 0 
[2026-05-25 04:19:21.792] [debug] Core [3] : issued tile 0 
[2026-05-25 04:19:21.792] [debug] Core [3] : Memory unit idle cycle 1000 Systolic bubble cycle 0 Core idle cycle 1000 
[2026-05-25 04:19:21.792] [debug] Core [3] : PE Utilization(%) 0.00, Systolic Bubble(%) 0.00, Vector Unit Utilization(%) 0.00, Total cycle: 13000
[2026-05-25 04:19:21.792] [debug] Layer 36 Core 2 Finish Tile at 13048 Remain tile 2
[2026-05-25 04:19:21.793] [debug] Layer 36 Core 1 Finish Tile at 13079 Remain tile 1
[2026-05-25 04:19:21.793] [info] Layer layer0.ffn.fc2 finish at 13079
[2026-05-25 04:19:21.793] [info] Total compute time 1546
[2026-05-25 04:19:21.793] [info] executable layer count 1
[2026-05-25 04:19:21.793] [info] Start layer layer0.ffn.ln
[2026-05-25 04:19:21.793] [debug] Layer layer0.ffn.ln Core 1 Get Tile at 13079
[2026-05-25 04:19:21.793] [debug] Layer layer0.ffn.ln Core 2 Get Tile at 13079
[2026-05-25 04:19:21.793] [debug] Layer layer0.ffn.ln Core 3 Get Tile at 13079
[2026-05-25 04:19:21.793] [debug] Layer layer0.ffn.ln Core 0 Get Tile at 13080
[2026-05-25 04:19:21.794] [debug] Layer 38 Core 2 Finish Tile at 13136 Remain tile 4
[2026-05-25 04:19:21.794] [debug] Layer 38 Core 3 Finish Tile at 13138 Remain tile 3
[2026-05-25 04:19:21.794] [debug] Layer 38 Core 1 Finish Tile at 13139 Remain tile 2
[2026-05-25 04:19:21.794] [debug] Layer 38 Core 0 Finish Tile at 13140 Remain tile 1
[2026-05-25 04:19:21.794] [info] Layer layer0.ffn.ln finish at 13140
[2026-05-25 04:19:21.794] [info] Total compute time 61
[2026-05-25 04:19:21.794] [info] Model[tiny_transformer] Request: 0 us, Start: 0 us, finish:13 us, Current Cycle:13140
[2026-05-25 04:19:21.794] [info] No total_seq_len!
[2026-05-25 04:19:21.795] [info] Total Memory Usage: 0.01 GB
[2026-05-25 04:19:21.795] [info] Weight Memory Usage: 0.01 GB
[2026-05-25 04:19:21.795] [info] KV Memory Usage: 0.00 GB
[2026-05-25 04:19:21.795] [info] Activation Memory Usage: 0.00 GB
[2026-05-25 04:19:21.795] [debug] [Gemm] input_shape: [1, 232]
[2026-05-25 04:19:21.795] [debug] [Gemm] output_shape : [1, 696]
[2026-05-25 04:19:21.795] [info] [GEMM] spad_size: 33554432 accum_size: 4194304
[2026-05-25 04:19:21.795] [info] [GEMM] required_sram_size: 131072 required_accum_size: 32768
[2026-05-25 04:19:21.795] [info] [GEMM] Used mapping: Total N:1 C:232 M:696 | Outer N:1 C:1 M:6 | Inner N:128 C:256 M:128
[2026-05-25 04:19:21.796] [info] [GemmWs] Keys K = 232, N = 1, M = 696
[2026-05-25 04:19:21.796] [info] [GemmWS]: total 0.00032364 GFLOPs, 0.000326192 GB
[2026-05-25 04:19:21.796] [info] [GemmWS]: Theoretical time(ms): 0.0005312573421178968 Compute time: 2.469177307062864e-06 Memory time: 0.0005312573421178968
[2026-05-25 04:19:21.796] [debug] [KVCacheConcat] input_token_lengths: [1]
[2026-05-25 04:19:21.796] [debug] [KVCacheConcat] number of tiles: 1
[2026-05-25 04:19:21.796] [info] [Attention] total_spad_size_per_head: 239076 B
[2026-05-25 04:19:21.796] [info] [Attention] total_acc_size_per_head: 2060 B
[2026-05-25 04:19:21.796] [info] [Attention] q_len: 1, seq_len: 1030, dk: 58, heads per tile 1
[2026-05-25 04:19:21.796] [info] [Attention] Spad size 16777216
[2026-05-25 04:19:21.796] [info] [Attention] Accum spad size 2097152
[2026-05-25 04:19:21.796] [info] Mapping info Total Loop: N4 C58 M1030 S1 R1 Q1 P1 Tile Out Loop: N4 C1 M1 S1 R1 Q1 P1 Tile In Loop: N1 C58 M1030 S1 R1 Q1 P1
[2026-05-25 04:19:21.810] [info] [Attention] QK 0.00047792 GFLOPs
[2026-05-25 04:19:21.810] [info] [Attention] total 0.00099704 GFLOPs, 0.000956768 GB
[2026-05-25 04:19:21.810] [info] [Attention] Theoretical time(ms): 0.0015582541 Compute time: 1.2321778e-05 Memory time: 0.0015582541
[2026-05-25 04:19:21.810] [info] [Attention] QK compute 0.0000ms Softmax compute 0.0000ms SV compute 0.0000ms
[2026-05-25 04:19:21.810] [debug] [Gemm] input_shape: [1, 232]
[2026-05-25 04:19:21.810] [debug] [Gemm] output_shape : [1, 232]
[2026-05-25 04:19:21.810] [info] [GEMM] spad_size: 33554432 accum_size: 4194304
[2026-05-25 04:19:21.810] [info] [GEMM] required_sram_size: 131072 required_accum_size: 32768
[2026-05-25 04:19:21.810] [info] [GEMM] Used mapping: Total N:1 C:232 M:232 | Outer N:1 C:1 M:2 | Inner N:128 C:256 M:128
[2026-05-25 04:19:21.811] [info] [GemmWs] Keys K = 232, N = 1, M = 232
[2026-05-25 04:19:21.811] [info] [GemmWS]: total 0.00010787999 GFLOPs, 0.000109040004 GB
[2026-05-25 04:19:21.811] [info] [GemmWS]: Theoretical time(ms): 0.00017758958392732893 Compute time: 8.230590098357027e-07 Memory time: 0.00017758958392732893
[2026-05-25 04:19:21.811] [info] [SkipLayerNorm] tokens_per_tile: 1
[2026-05-25 04:19:21.811] [debug] [Gemm] input_shape: [1, 232]
[2026-05-25 04:19:21.811] [debug] [Gemm] output_shape : [1, 512]
[2026-05-25 04:19:21.811] [info] [GEMM] spad_size: 33554432 accum_size: 4194304
[2026-05-25 04:19:21.811] [info] [GEMM] required_sram_size: 131072 required_accum_size: 32768
[2026-05-25 04:19:21.811] [info] [GEMM] Used mapping: Total N:1 C:232 M:512 | Outer N:1 C:1 M:4 | Inner N:128 C:256 M:128
[2026-05-25 04:19:21.812] [info] [GemmWs] Keys K = 232, N = 1, M = 512
[2026-05-25 04:19:21.812] [info] [GemmWS]: total 0.000237568 GFLOPs, 0.000239056 GB
[2026-05-25 04:19:21.812] [info] [GemmWS]: Theoretical time(ms): 0.0003893420057465846 Compute time: 1.81250003894462e-06 Memory time: 0.0003893420057465846
[2026-05-25 04:19:21.812] [info] [BiasAct] tokens_per_tile: 1
[2026-05-25 04:19:21.812] [debug] [Gemm] input_shape: [1, 512]
[2026-05-25 04:19:21.812] [debug] [Gemm] output_shape : [1, 232]
[2026-05-25 04:19:21.812] [info] [GEMM] spad_size: 33554432 accum_size: 4194304
[2026-05-25 04:19:21.812] [info] [GEMM] required_sram_size: 262144 required_accum_size: 32768
[2026-05-25 04:19:21.812] [info] [GEMM] Used mapping: Total N:1 C:512 M:232 | Outer N:1 C:1 M:2 | Inner N:128 C:512 M:128
[2026-05-25 04:19:21.813] [info] [GemmWs] Keys K = 512, N = 1, M = 232
[2026-05-25 04:19:21.813] [info] [GemmWS]: total 0.00023779999 GFLOPs, 0.00023952 GB
[2026-05-25 04:19:21.813] [info] [GemmWS]: Theoretical time(ms): 0.00039009771057862963 Compute time: 1.8142699564904774e-06 Memory time: 0.00039009771057862963
[2026-05-25 04:19:21.813] [info] [SkipLayerNorm] tokens_per_tile: 1
[2026-05-25 04:19:21.813] [debug] runnable op, 
[2026-05-25 04:19:21.813] [info]  Model initialization time: 0.018167 seconds
[2026-05-25 04:19:21.813] [info] Schedule model: tiny_transformer at 13142000 us
[2026-05-25 04:19:21.813] [info] MODEL tiny_transformer Scheduled, Total Request: 1
[2026-05-25 04:19:21.813] [info] executable layer count 1
[2026-05-25 04:19:21.813] [info] Start layer layer0.attn.QKVgen
[2026-05-25 04:19:21.813] [debug] Layer layer0.attn.QKVgen Core 0 Get Tile at 13141
[2026-05-25 04:19:21.813] [debug] Layer layer0.attn.QKVgen Core 1 Get Tile at 13141
[2026-05-25 04:19:21.813] [debug] Layer layer0.attn.QKVgen Core 2 Get Tile at 13141
[2026-05-25 04:19:21.813] [debug] Layer layer0.attn.QKVgen Core 3 Get Tile at 13141
[2026-05-25 04:19:21.813] [debug] Layer layer0.attn.QKVgen Core 0 Get Tile at 13142
[2026-05-25 04:19:21.813] [debug] Layer layer0.attn.QKVgen Core 3 Get Tile at 13142
[2026-05-25 04:19:21.963] [info] Core [0] : MatMul active cycle 249 Vector active cycle 12 
[2026-05-25 04:19:21.963] [info] Core [0] : issued tile 2 
[2026-05-25 04:19:21.963] [info] Core [0] : Memory unit idle cycle 827 Systolic bubble cycle 0 Core idle cycle 80 
[2026-05-25 04:19:21.963] [info] Core [0] : PE Utilization(%) 0.00, Systolic Bubble(%) 0.00, Vector Unit Utilization(%) 1.20, Total cycle: 14000
[2026-05-25 04:19:21.963] [debug] Core [1] : MatMul active cycle 301 Vector active cycle 12 
[2026-05-25 04:19:21.963] [debug] Core [1] : issued tile 1 
[2026-05-25 04:19:21.963] [debug] Core [1] : Memory unit idle cycle 877 Systolic bubble cycle 1222144 Core idle cycle 0 
[2026-05-25 04:19:21.963] [debug] Core [1] : PE Utilization(%) 0.24, Systolic Bubble(%) 7.46, Vector Unit Utilization(%) 1.20, Total cycle: 14000
[2026-05-25 04:19:21.963] [debug] Core [2] : MatMul active cycle 264 Vector active cycle 12 
[2026-05-25 04:19:21.963] [debug] Core [2] : issued tile 1 
[2026-05-25 04:19:21.963] [debug] Core [2] : Memory unit idle cycle 877 Systolic bubble cycle 734528 Core idle cycle 11 
[2026-05-25 04:19:21.963] [debug] Core [2] : PE Utilization(%) 0.12, Systolic Bubble(%) 4.48, Vector Unit Utilization(%) 1.20, Total cycle: 14000
[2026-05-25 04:19:21.963] [debug] Core [3] : MatMul active cycle 206 Vector active cycle 12 
[2026-05-25 04:19:21.963] [debug] Core [3] : issued tile 2 
[2026-05-25 04:19:21.963] [debug] Core [3] : Memory unit idle cycle 761 Systolic bubble cycle 0 Core idle cycle 79 
[2026-05-25 04:19:21.963] [debug] Core [3] : PE Utilization(%) 0.00, Systolic Bubble(%) 0.00, Vector Unit Utilization(%) 1.20, Total cycle: 14000
[2026-05-25 04:19:21.966] [debug] Layer 43 Core 0 Finish Tile at 14394 Remain tile 6
[2026-05-25 04:19:21.966] [debug] Layer 43 Core 1 Finish Tile at 14419 Remain tile 5
[2026-05-25 04:19:21.966] [debug] Layer 43 Core 2 Finish Tile at 14425 Remain tile 4
[2026-05-25 04:19:21.966] [debug] Layer 43 Core 3 Finish Tile at 14437 Remain tile 3
[2026-05-25 04:19:21.968] [debug] Layer 43 Core 0 Finish Tile at 14650 Remain tile 2
[2026-05-25 04:19:21.968] [debug] Layer 43 Core 3 Finish Tile at 14693 Remain tile 1
[2026-05-25 04:19:21.968] [info] Layer layer0.attn.QKVgen finish at 14693
[2026-05-25 04:19:21.968] [info] Total compute time 1552
[2026-05-25 04:19:21.968] [info] executable layer count 1
[2026-05-25 04:19:21.968] [info] Start layer layer0.attn.KVccat
[2026-05-25 04:19:21.968] [debug] Layer layer0.attn.KVccat Core 2 Get Tile at 14694
[2026-05-25 04:19:21.968] [debug] Layer 45 Core 2 Finish Tile at 14695 Remain tile 1
[2026-05-25 04:19:21.968] [info] Layer layer0.attn.KVccat finish at 14695
[2026-05-25 04:19:21.968] [info] Total compute time 2
[2026-05-25 04:19:21.968] [info] executable layer count 1
[2026-05-25 04:19:21.968] [info] Start layer layer0.attn.Attention.0
[2026-05-25 04:19:21.968] [debug] Layer layer0.attn.Attention.0 Core 2 Get Tile at 14695
[2026-05-25 04:19:21.968] [debug] Layer layer0.attn.Attention.0 Core 3 Get Tile at 14695
[2026-05-25 04:19:21.968] [debug] Layer layer0.attn.Attention.0 Core 0 Get Tile at 14696
[2026-05-25 04:19:21.968] [debug] Layer layer0.attn.Attention.0 Core 1 Get Tile at 14696
[2026-05-25 04:19:22.043] [info] Core [0] : MatMul active cycle 648 Vector active cycle 0 
[2026-05-25 04:19:22.043] [info] Core [0] : issued tile 1 
[2026-05-25 04:19:22.043] [info] Core [0] : Memory unit idle cycle 695 Systolic bubble cycle 10454784 Core idle cycle 29 
[2026-05-25 04:19:22.043] [info] Core [0] : PE Utilization(%) 0.39, Systolic Bubble(%) 63.81, Vector Unit Utilization(%) 0.00, Total cycle: 15000
[2026-05-25 04:19:22.043] [debug] Core [1] : MatMul active cycle 417 Vector active cycle 0 
[2026-05-25 04:19:22.043] [debug] Core [1] : issued tile 1 
[2026-05-25 04:19:22.043] [debug] Core [1] : Memory unit idle cycle 696 Systolic bubble cycle 6274816 Core idle cycle 260 
[2026-05-25 04:19:22.043] [debug] Core [1] : PE Utilization(%) 0.30, Systolic Bubble(%) 38.30, Vector Unit Utilization(%) 0.00, Total cycle: 15000
[2026-05-25 04:19:22.043] [debug] Core [2] : MatMul active cycle 423 Vector active cycle 0 
[2026-05-25 04:19:22.043] [debug] Core [2] : issued tile 1 
[2026-05-25 04:19:22.043] [debug] Core [2] : Memory unit idle cycle 695 Systolic bubble cycle 6274816 Core idle cycle 253 
[2026-05-25 04:19:22.043] [debug] Core [2] : PE Utilization(%) 0.30, Systolic Bubble(%) 38.30, Vector Unit Utilization(%) 0.00, Total cycle: 15000
[2026-05-25 04:19:22.043] [debug] Core [3] : MatMul active cycle 691 Vector active cycle 0 
[2026-05-25 04:19:22.043] [debug] Core [3] : issued tile 1 
[2026-05-25 04:19:22.043] [debug] Core [3] : Memory unit idle cycle 694 Systolic bubble cycle 10436352 Core idle cycle 0 
[2026-05-25 04:19:22.043] [debug] Core [3] : PE Utilization(%) 0.50, Systolic Bubble(%) 63.70, Vector Unit Utilization(%) 0.00, Total cycle: 15000
[2026-05-25 04:19:22.268] [info] HBM2-CH_0: BW utilization 31% (3032 reads, 36 writes)
[2026-05-25 04:19:22.268] [debug] HBM2-CH_1: BW utilization 32% (3038 reads, 37 writes)
[2026-05-25 04:19:22.268] [debug] HBM2-CH_2: BW utilization 32% (3033 reads, 39 writes)
[2026-05-25 04:19:22.268] [debug] HBM2-CH_3: BW utilization 31% (3031 reads, 35 writes)
[2026-05-25 04:19:22.268] [debug] HBM2-CH_4: BW utilization 31% (3018 reads, 39 writes)
[2026-05-25 04:19:22.268] [debug] HBM2-CH_5: BW utilization 31% (3026 reads, 39 writes)
[2026-05-25 04:19:22.268] [debug] HBM2-CH_6: BW utilization 31% (3017 reads, 39 writes)
[2026-05-25 04:19:22.268] [debug] HBM2-CH_7: BW utilization 32% (3039 reads, 41 writes)
[2026-05-25 04:19:22.268] [debug] HBM2-CH_8: BW utilization 31% (3025 reads, 40 writes)
[2026-05-25 04:19:22.268] [debug] HBM2-CH_9: BW utilization 32% (3034 reads, 38 writes)
[2026-05-25 04:19:22.268] [debug] HBM2-CH_10: BW utilization 31% (3020 reads, 38 writes)
[2026-05-25 04:19:22.268] [debug] HBM2-CH_11: BW utilization 31% (3026 reads, 42 writes)
[2026-05-25 04:19:22.268] [debug] HBM2-CH_12: BW utilization 31% (3025 reads, 37 writes)
[2026-05-25 04:19:22.268] [debug] HBM2-CH_13: BW utilization 31% (3021 reads, 37 writes)
[2026-05-25 04:19:22.268] [debug] HBM2-CH_14: BW utilization 32% (3037 reads, 38 writes)
[2026-05-25 04:19:22.268] [debug] HBM2-CH_15: BW utilization 31% (3017 reads, 37 writes)
[2026-05-25 04:19:22.269] [info] Core [0] : MatMul active cycle 1 Vector active cycle 0 
[2026-05-25 04:19:22.269] [info] Core [0] : issued tile 1 
[2026-05-25 04:19:22.269] [info] Core [0] : Memory unit idle cycle 835 Systolic bubble cycle 0 Core idle cycle 0 
[2026-05-25 04:19:22.269] [info] Core [0] : PE Utilization(%) 0.00, Systolic Bubble(%) 0.00, Vector Unit Utilization(%) 0.00, Total cycle: 16000
[2026-05-25 04:19:22.269] [debug] Core [1] : MatMul active cycle 92 Vector active cycle 0 
[2026-05-25 04:19:22.269] [debug] Core [1] : issued tile 1 
[2026-05-25 04:19:22.269] [debug] Core [1] : Memory unit idle cycle 836 Systolic bubble cycle 0 Core idle cycle 0 
[2026-05-25 04:19:22.269] [debug] Core [1] : PE Utilization(%) 0.00, Systolic Bubble(%) 0.00, Vector Unit Utilization(%) 0.00, Total cycle: 16000
[2026-05-25 04:19:22.269] [debug] Core [2] : MatMul active cycle 0 Vector active cycle 0 
[2026-05-25 04:19:22.269] [debug] Core [2] : issued tile 1 
[2026-05-25 04:19:22.269] [debug] Core [2] : Memory unit idle cycle 836 Systolic bubble cycle 0 Core idle cycle 0 
[2026-05-25 04:19:22.269] [debug] Core [2] : PE Utilization(%) 0.00, Systolic Bubble(%) 0.00, Vector Unit Utilization(%) 0.00, Total cycle: 16000
[2026-05-25 04:19:22.269] [debug] Core [3] : MatMul active cycle 0 Vector active cycle 0 
[2026-05-25 04:19:22.269] [debug] Core [3] : issued tile 1 
[2026-05-25 04:19:22.269] [debug] Core [3] : Memory unit idle cycle 837 Systolic bubble cycle 0 Core idle cycle 0 
[2026-05-25 04:19:22.269] [debug] Core [3] : PE Utilization(%) 0.00, Systolic Bubble(%) 0.00, Vector Unit Utilization(%) 0.00, Total cycle: 16000
[2026-05-25 04:19:22.421] [info] Core [0] : MatMul active cycle 1000 Vector active cycle 0 
[2026-05-25 04:19:22.421] [info] Core [0] : issued tile 1 
[2026-05-25 04:19:22.421] [info] Core [0] : Memory unit idle cycle 1000 Systolic bubble cycle 12126976 Core idle cycle 0 
[2026-05-25 04:19:22.421] [info] Core [0] : PE Utilization(%) 0.58, Systolic Bubble(%) 74.02, Vector Unit Utilization(%) 0.00, Total cycle: 17000
[2026-05-25 04:19:22.421] [debug] Core [1] : MatMul active cycle 1000 Vector active cycle 0 
[2026-05-25 04:19:22.421] [debug] Core [1] : issued tile 1 
[2026-05-25 04:19:22.421] [debug] Core [1] : Memory unit idle cycle 1000 Systolic bubble cycle 13606272 Core idle cycle 0 
[2026-05-25 04:19:22.421] [debug] Core [1] : PE Utilization(%) 0.65, Systolic Bubble(%) 83.05, Vector Unit Utilization(%) 0.00, Total cycle: 17000
[2026-05-25 04:19:22.421] [debug] Core [2] : MatMul active cycle 1000 Vector active cycle 0 
[2026-05-25 04:19:22.421] [debug] Core [2] : issued tile 1 
[2026-05-25 04:19:22.421] [debug] Core [2] : Memory unit idle cycle 1000 Systolic bubble cycle 12110720 Core idle cycle 0 
[2026-05-25 04:19:22.421] [debug] Core [2] : PE Utilization(%) 0.58, Systolic Bubble(%) 73.92, Vector Unit Utilization(%) 0.00, Total cycle: 17000
[2026-05-25 04:19:22.421] [debug] Core [3] : MatMul active cycle 987 Vector active cycle 0 
[2026-05-25 04:19:22.421] [debug] Core [3] : issued tile 1 
[2026-05-25 04:19:22.421] [debug] Core [3] : Memory unit idle cycle 1000 Systolic bubble cycle 11899392 Core idle cycle 0 
[2026-05-25 04:19:22.421] [debug] Core [3] : PE Utilization(%) 0.57, Systolic Bubble(%) 72.63, Vector Unit Utilization(%) 0.00, Total cycle: 17000
[2026-05-25 04:19:22.428] [info] Core [0] : MatMul active cycle 985 Vector active cycle 14 
[2026-05-25 04:19:22.428] [info] Core [0] : issued tile 1 
[2026-05-25 04:19:22.428] [info] Core [0] : Memory unit idle cycle 1000 Systolic bubble cycle 11896076 Core idle cycle 0 
[2026-05-25 04:19:22.428] [info] Core [0] : PE Utilization(%) 0.39, Systolic Bubble(%) 72.61, Vector Unit Utilization(%) 1.40, Total cycle: 18000
[2026-05-25 04:19:22.428] [debug] Core [1] : MatMul active cycle 984 Vector active cycle 14 
[2026-05-25 04:19:22.428] [debug] Core [1] : issued tile 1 
[2026-05-25 04:19:22.428] [debug] Core [1] : Memory unit idle cycle 1000 Systolic bubble cycle 11461644 Core idle cycle 0 
[2026-05-25 04:19:22.428] [debug] Core [1] : PE Utilization(%) 0.34, Systolic Bubble(%) 69.96, Vector Unit Utilization(%) 1.40, Total cycle: 18000
[2026-05-25 04:19:22.428] [debug] Core [2] : MatMul active cycle 985 Vector active cycle 14 
[2026-05-25 04:19:22.428] [debug] Core [2] : issued tile 1 
[2026-05-25 04:19:22.428] [debug] Core [2] : Memory unit idle cycle 1000 Systolic bubble cycle 11896006 Core idle cycle 0 
[2026-05-25 04:19:22.428] [debug] Core [2] : PE Utilization(%) 0.39, Systolic Bubble(%) 72.61, Vector Unit Utilization(%) 1.40, Total cycle: 18000
[2026-05-25 04:19:22.428] [debug] Core [3] : MatMul active cycle 985 Vector active cycle 14 
[2026-05-25 04:19:22.428] [debug] Core [3] : issued tile 1 
[2026-05-25 04:19:22.428] [debug] Core [3] : Memory unit idle cycle 1000 Systolic bubble cycle 11895096 Core idle cycle 0 
[2026-05-25 04:19:22.428] [debug] Core [3] : PE Utilization(%) 0.40, Systolic Bubble(%) 72.60, Vector Unit Utilization(%) 1.40, Total cycle: 18000
[2026-05-25 04:19:22.435] [info] Core [0] : MatMul active cycle 998 Vector active cycle 0 
[2026-05-25 04:19:22.435] [info] Core [0] : issued tile 1 
[2026-05-25 04:19:22.435] [info] Core [0] : Memory unit idle cycle 1000 Systolic bubble cycle 7967088 Core idle cycle 0 
[2026-05-25 04:19:22.435] [info] Core [0] : PE Utilization(%) 0.17, Systolic Bubble(%) 48.63, Vector Unit Utilization(%) 0.00, Total cycle: 19000
[2026-05-25 04:19:22.435] [debug] Core [1] : MatMul active cycle 999 Vector active cycle 0 
[2026-05-25 04:19:22.435] [debug] Core [1] : issued tile 1 
[2026-05-25 04:19:22.435] [debug] Core [1] : Memory unit idle cycle 1000 Systolic bubble cycle 8407890 Core idle cycle 0 
[2026-05-25 04:19:22.435] [debug] Core [1] : PE Utilization(%) 0.18, Systolic Bubble(%) 51.32, Vector Unit Utilization(%) 0.00, Total cycle: 19000
[2026-05-25 04:19:22.435] [debug] Core [2] : MatMul active cycle 998 Vector active cycle 0 
[2026-05-25 04:19:22.435] [debug] Core [2] : issued tile 1 
[2026-05-25 04:19:22.435] [debug] Core [2] : Memory unit idle cycle 1000 Systolic bubble cycle 7967088 Core idle cycle 0 
[2026-05-25 04:19:22.435] [debug] Core [2] : PE Utilization(%) 0.17, Systolic Bubble(%) 48.63, Vector Unit Utilization(%) 0.00, Total cycle: 19000
[2026-05-25 04:19:22.435] [debug] Core [3] : MatMul active cycle 998 Vector active cycle 0 
[2026-05-25 04:19:22.435] [debug] Core [3] : issued tile 1 
[2026-05-25 04:19:22.435] [debug] Core [3] : Memory unit idle cycle 1000 Systolic bubble cycle 7967088 Core idle cycle 0 
[2026-05-25 04:19:22.435] [debug] Core [3] : PE Utilization(%) 0.17, Systolic Bubble(%) 48.63, Vector Unit Utilization(%) 0.00, Total cycle: 19000
[2026-05-25 04:19:22.441] [info] Core [0] : MatMul active cycle 998 Vector active cycle 0 
[2026-05-25 04:19:22.441] [info] Core [0] : issued tile 1 
[2026-05-25 04:19:22.441] [info] Core [0] : Memory unit idle cycle 1000 Systolic bubble cycle 7967088 Core idle cycle 0 
[2026-05-25 04:19:22.441] [info] Core [0] : PE Utilization(%) 0.17, Systolic Bubble(%) 48.63, Vector Unit Utilization(%) 0.00, Total cycle: 20000
[2026-05-25 04:19:22.441] [debug] Core [1] : MatMul active cycle 998 Vector active cycle 0 
[2026-05-25 04:19:22.441] [debug] Core [1] : issued tile 1 
[2026-05-25 04:19:22.441] [debug] Core [1] : Memory unit idle cycle 1000 Systolic bubble cycle 7967088 Core idle cycle 0 
[2026-05-25 04:19:22.441] [debug] Core [1] : PE Utilization(%) 0.17, Systolic Bubble(%) 48.63, Vector Unit Utilization(%) 0.00, Total cycle: 20000
[2026-05-25 04:19:22.441] [debug] Core [2] : MatMul active cycle 998 Vector active cycle 0 
[2026-05-25 04:19:22.441] [debug] Core [2] : issued tile 1 
[2026-05-25 04:19:22.441] [debug] Core [2] : Memory unit idle cycle 1000 Systolic bubble cycle 7967088 Core idle cycle 0 
[2026-05-25 04:19:22.441] [debug] Core [2] : PE Utilization(%) 0.17, Systolic Bubble(%) 48.63, Vector Unit Utilization(%) 0.00, Total cycle: 20000
[2026-05-25 04:19:22.441] [debug] Core [3] : MatMul active cycle 998 Vector active cycle 0 
[2026-05-25 04:19:22.441] [debug] Core [3] : issued tile 1 
[2026-05-25 04:19:22.441] [debug] Core [3] : Memory unit idle cycle 1000 Systolic bubble cycle 7967088 Core idle cycle 0 
[2026-05-25 04:19:22.441] [debug] Core [3] : PE Utilization(%) 0.17, Systolic Bubble(%) 48.63, Vector Unit Utilization(%) 0.00, Total cycle: 20000
[2026-05-25 04:19:22.448] [info] Core [0] : MatMul active cycle 998 Vector active cycle 0 
[2026-05-25 04:19:22.448] [info] Core [0] : issued tile 1 
[2026-05-25 04:19:22.448] [info] Core [0] : Memory unit idle cycle 1000 Systolic bubble cycle 7967088 Core idle cycle 0 
[2026-05-25 04:19:22.448] [info] Core [0] : PE Utilization(%) 0.17, Systolic Bubble(%) 48.63, Vector Unit Utilization(%) 0.00, Total cycle: 21000
[2026-05-25 04:19:22.448] [debug] Core [1] : MatMul active cycle 998 Vector active cycle 0 
[2026-05-25 04:19:22.448] [debug] Core [1] : issued tile 1 
[2026-05-25 04:19:22.448] [debug] Core [1] : Memory unit idle cycle 1000 Systolic bubble cycle 7967088 Core idle cycle 0 
[2026-05-25 04:19:22.448] [debug] Core [1] : PE Utilization(%) 0.17, Systolic Bubble(%) 48.63, Vector Unit Utilization(%) 0.00, Total cycle: 21000
[2026-05-25 04:19:22.448] [debug] Core [2] : MatMul active cycle 998 Vector active cycle 0 
[2026-05-25 04:19:22.448] [debug] Core [2] : issued tile 1 
[2026-05-25 04:19:22.448] [debug] Core [2] : Memory unit idle cycle 1000 Systolic bubble cycle 7967088 Core idle cycle 0 
[2026-05-25 04:19:22.448] [debug] Core [2] : PE Utilization(%) 0.17, Systolic Bubble(%) 48.63, Vector Unit Utilization(%) 0.00, Total cycle: 21000
[2026-05-25 04:19:22.448] [debug] Core [3] : MatMul active cycle 998 Vector active cycle 0 
[2026-05-25 04:19:22.448] [debug] Core [3] : issued tile 1 
[2026-05-25 04:19:22.448] [debug] Core [3] : Memory unit idle cycle 1000 Systolic bubble cycle 7967088 Core idle cycle 0 
[2026-05-25 04:19:22.448] [debug] Core [3] : PE Utilization(%) 0.17, Systolic Bubble(%) 48.63, Vector Unit Utilization(%) 0.00, Total cycle: 21000
[2026-05-25 04:19:22.455] [info] Core [0] : MatMul active cycle 998 Vector active cycle 2 
[2026-05-25 04:19:22.455] [info] Core [0] : issued tile 1 
[2026-05-25 04:19:22.455] [info] Core [0] : Memory unit idle cycle 1000 Systolic bubble cycle 7967088 Core idle cycle 0 
[2026-05-25 04:19:22.455] [info] Core [0] : PE Utilization(%) 0.17, Systolic Bubble(%) 48.63, Vector Unit Utilization(%) 0.20, Total cycle: 22000
[2026-05-25 04:19:22.455] [debug] Core [1] : MatMul active cycle 998 Vector active cycle 2 
[2026-05-25 04:19:22.455] [debug] Core [1] : issued tile 1 
[2026-05-25 04:19:22.455] [debug] Core [1] : Memory unit idle cycle 1000 Systolic bubble cycle 7967088 Core idle cycle 0 
[2026-05-25 04:19:22.455] [debug] Core [1] : PE Utilization(%) 0.17, Systolic Bubble(%) 48.63, Vector Unit Utilization(%) 0.20, Total cycle: 22000
[2026-05-25 04:19:22.455] [debug] Core [2] : MatMul active cycle 998 Vector active cycle 2 
[2026-05-25 04:19:22.455] [debug] Core [2] : issued tile 1 
[2026-05-25 04:19:22.455] [debug] Core [2] : Memory unit idle cycle 1000 Systolic bubble cycle 7967088 Core idle cycle 0 
[2026-05-25 04:19:22.455] [debug] Core [2] : PE Utilization(%) 0.17, Systolic Bubble(%) 48.63, Vector Unit Utilization(%) 0.20, Total cycle: 22000
[2026-05-25 04:19:22.455] [debug] Core [3] : MatMul active cycle 998 Vector active cycle 2 
[2026-05-25 04:19:22.455] [debug] Core [3] : issued tile 1 
[2026-05-25 04:19:22.455] [debug] Core [3] : Memory unit idle cycle 1000 Systolic bubble cycle 7967088 Core idle cycle 0 
[2026-05-25 04:19:22.455] [debug] Core [3] : PE Utilization(%) 0.17, Systolic Bubble(%) 48.63, Vector Unit Utilization(%) 0.20, Total cycle: 22000
[2026-05-25 04:19:22.455] [debug] Layer 49 Core 1 Finish Tile at 22089 Remain tile 4
[2026-05-25 04:19:22.456] [debug] Layer 49 Core 0 Finish Tile at 22180 Remain tile 3
[2026-05-25 04:19:22.456] [debug] Layer 49 Core 2 Finish Tile at 22181 Remain tile 2
[2026-05-25 04:19:22.456] [debug] Layer 49 Core 3 Finish Tile at 22194 Remain tile 1
[2026-05-25 04:19:22.456] [info] Layer layer0.attn.Attention.0 finish at 22194
[2026-05-25 04:19:22.456] [info] Total compute time 7499
[2026-05-25 04:19:22.456] [info] executable layer count 1
[2026-05-25 04:19:22.456] [info] Start layer layer0.attn.Atccat
[2026-05-25 04:19:22.456] [debug] Layer layer0.attn.Atccat Core 3 Get Tile at 22194
[2026-05-25 04:19:22.456] [debug] Layer 51 Core 3 Finish Tile at 22195 Remain tile 1
[2026-05-25 04:19:22.456] [info] Layer layer0.attn.Atccat finish at 22195
[2026-05-25 04:19:22.456] [info] Total compute time 1
[2026-05-25 04:19:22.456] [info] executable layer count 1
[2026-05-25 04:19:22.456] [info] Start layer layer0.attn.proj
[2026-05-25 04:19:22.456] [debug] Layer layer0.attn.proj Core 3 Get Tile at 22195
[2026-05-25 04:19:22.456] [debug] Layer layer0.attn.proj Core 0 Get Tile at 22196
[2026-05-25 04:19:22.498] [info] Core [0] : MatMul active cycle 684 Vector active cycle 2 
[2026-05-25 04:19:22.498] [info] Core [0] : issued tile 1 
[2026-05-25 04:19:22.498] [info] Core [0] : Memory unit idle cycle 902 Systolic bubble cycle 6992216 Core idle cycle 0 
[2026-05-25 04:19:22.498] [info] Core [0] : PE Utilization(%) 0.22, Systolic Bubble(%) 42.68, Vector Unit Utilization(%) 0.20, Total cycle: 23000
[2026-05-25 04:19:22.498] [debug] Core [1] : MatMul active cycle 85 Vector active cycle 2 
[2026-05-25 04:19:22.498] [debug] Core [1] : issued tile 0 
[2026-05-25 04:19:22.498] [debug] Core [1] : Memory unit idle cycle 999 Systolic bubble cycle 1387710 Core idle cycle 879 
[2026-05-25 04:19:22.498] [debug] Core [1] : PE Utilization(%) 0.03, Systolic Bubble(%) 8.47, Vector Unit Utilization(%) 0.20, Total cycle: 23000
[2026-05-25 04:19:22.498] [debug] Core [2] : MatMul active cycle 177 Vector active cycle 2 
[2026-05-25 04:19:22.498] [debug] Core [2] : issued tile 0 
[2026-05-25 04:19:22.498] [debug] Core [2] : Memory unit idle cycle 999 Systolic bubble cycle 2889702 Core idle cycle 802 
[2026-05-25 04:19:22.498] [debug] Core [2] : PE Utilization(%) 0.06, Systolic Bubble(%) 17.64, Vector Unit Utilization(%) 0.20, Total cycle: 23000
[2026-05-25 04:19:22.498] [debug] Core [3] : MatMul active cycle 689 Vector active cycle 2 
[2026-05-25 04:19:22.498] [debug] Core [3] : issued tile 1 
[2026-05-25 04:19:22.498] [debug] Core [3] : Memory unit idle cycle 881 Systolic bubble cycle 7068404 Core idle cycle 0 
[2026-05-25 04:19:22.498] [debug] Core [3] : PE Utilization(%) 0.26, Systolic Bubble(%) 43.14, Vector Unit Utilization(%) 0.20, Total cycle: 23000
[2026-05-25 04:19:22.499] [debug] Layer 53 Core 0 Finish Tile at 23135 Remain tile 2
[2026-05-25 04:19:22.499] [debug] Layer 53 Core 3 Finish Tile at 23144 Remain tile 1
[2026-05-25 04:19:22.499] [info] Layer layer0.attn.proj finish at 23144
[2026-05-25 04:19:22.499] [info] Total compute time 949
[2026-05-25 04:19:22.499] [info] executable layer count 1
[2026-05-25 04:19:22.499] [info] Start layer layer0.attn.ln
[2026-05-25 04:19:22.499] [debug] Layer layer0.attn.ln Core 0 Get Tile at 23145
[2026-05-25 04:19:22.500] [debug] Layer 55 Core 0 Finish Tile at 23198 Remain tile 1
[2026-05-25 04:19:22.500] [info] Layer layer0.attn.ln finish at 23198
[2026-05-25 04:19:22.500] [info] Total compute time 54
[2026-05-25 04:19:22.500] [info] executable layer count 1
[2026-05-25 04:19:22.500] [info] Start layer layer0.ffn.fc1
[2026-05-25 04:19:22.500] [debug] Layer layer0.ffn.fc1 Core 0 Get Tile at 23198
[2026-05-25 04:19:22.500] [debug] Layer layer0.ffn.fc1 Core 1 Get Tile at 23198
[2026-05-25 04:19:22.500] [debug] Layer layer0.ffn.fc1 Core 2 Get Tile at 23198
[2026-05-25 04:19:22.500] [debug] Layer layer0.ffn.fc1 Core 3 Get Tile at 23198
[2026-05-25 04:19:22.617] [info] HBM2-CH_0: BW utilization 14% (1366 reads, 3 writes)
[2026-05-25 04:19:22.617] [debug] HBM2-CH_1: BW utilization 14% (1362 reads, 3 writes)
[2026-05-25 04:19:22.617] [debug] HBM2-CH_2: BW utilization 14% (1368 reads, 4 writes)
[2026-05-25 04:19:22.617] [debug] HBM2-CH_3: BW utilization 14% (1367 reads, 3 writes)
[2026-05-25 04:19:22.617] [debug] HBM2-CH_4: BW utilization 14% (1382 reads, 3 writes)
[2026-05-25 04:19:22.617] [debug] HBM2-CH_5: BW utilization 14% (1373 reads, 3 writes)
[2026-05-25 04:19:22.617] [debug] HBM2-CH_6: BW utilization 14% (1381 reads, 4 writes)
[2026-05-25 04:19:22.617] [debug] HBM2-CH_7: BW utilization 14% (1360 reads, 3 writes)
[2026-05-25 04:19:22.617] [debug] HBM2-CH_8: BW utilization 14% (1378 reads, 2 writes)
[2026-05-25 04:19:22.617] [debug] HBM2-CH_9: BW utilization 14% (1368 reads, 2 writes)
[2026-05-25 04:19:22.617] [debug] HBM2-CH_10: BW utilization 14% (1381 reads, 3 writes)
[2026-05-25 04:19:22.617] [debug] HBM2-CH_11: BW utilization 14% (1373 reads, 2 writes)
[2026-05-25 04:19:22.617] [debug] HBM2-CH_12: BW utilization 14% (1369 reads, 3 writes)
[2026-05-25 04:19:22.617] [debug] HBM2-CH_13: BW utilization 14% (1375 reads, 3 writes)
[2026-05-25 04:19:22.617] [debug] HBM2-CH_14: BW utilization 14% (1361 reads, 4 writes)
[2026-05-25 04:19:22.617] [debug] HBM2-CH_15: BW utilization 14% (1378 reads, 3 writes)
[2026-05-25 04:19:22.617] [info] Core [0] : MatMul active cycle 372 Vector active cycle 12 
[2026-05-25 04:19:22.617] [info] Core [0] : issued tile 1 
[2026-05-25 04:19:22.617] [info] Core [0] : Memory unit idle cycle 879 Systolic bubble cycle 2165240 Core idle cycle 0 
[2026-05-25 04:19:22.617] [info] Core [0] : PE Utilization(%) 0.08, Systolic Bubble(%) 13.22, Vector Unit Utilization(%) 1.20, Total cycle: 24000
[2026-05-25 04:19:22.617] [debug] Core [1] : MatMul active cycle 249 Vector active cycle 0 
[2026-05-25 04:19:22.617] [debug] Core [1] : issued tile 1 
[2026-05-25 04:19:22.617] [debug] Core [1] : Memory unit idle cycle 883 Systolic bubble cycle 0 Core idle cycle 198 
[2026-05-25 04:19:22.617] [debug] Core [1] : PE Utilization(%) 0.00, Systolic Bubble(%) 0.00, Vector Unit Utilization(%) 0.00, Total cycle: 24000
[2026-05-25 04:19:22.617] [debug] Core [2] : MatMul active cycle 247 Vector active cycle 0 
[2026-05-25 04:19:22.617] [debug] Core [2] : issued tile 1 
[2026-05-25 04:19:22.617] [debug] Core [2] : Memory unit idle cycle 883 Systolic bubble cycle 0 Core idle cycle 198 
[2026-05-25 04:19:22.617] [debug] Core [2] : PE Utilization(%) 0.00, Systolic Bubble(%) 0.00, Vector Unit Utilization(%) 0.00, Total cycle: 24000
[2026-05-25 04:19:22.617] [debug] Core [3] : MatMul active cycle 379 Vector active cycle 0 
[2026-05-25 04:19:22.617] [debug] Core [3] : issued tile 1 
[2026-05-25 04:19:22.617] [debug] Core [3] : Memory unit idle cycle 882 Systolic bubble cycle 2308352 Core idle cycle 37 
[2026-05-25 04:19:22.617] [debug] Core [3] : PE Utilization(%) 0.11, Systolic Bubble(%) 14.09, Vector Unit Utilization(%) 0.00, Total cycle: 24000
[2026-05-25 04:19:22.620] [debug] Layer 57 Core 1 Finish Tile at 24394 Remain tile 4
[2026-05-25 04:19:22.620] [debug] Layer 57 Core 2 Finish Tile at 24396 Remain tile 3
[2026-05-25 04:19:22.620] [debug] Layer 57 Core 0 Finish Tile at 24404 Remain tile 2
[2026-05-25 04:19:22.620] [debug] Layer 57 Core 3 Finish Tile at 24406 Remain tile 1
[2026-05-25 04:19:22.620] [info] Layer layer0.ffn.fc1 finish at 24406
[2026-05-25 04:19:22.620] [info] Total compute time 1208
[2026-05-25 04:19:22.620] [info] executable layer count 1
[2026-05-25 04:19:22.620] [info] Start layer layer0.ffn.act
[2026-05-25 04:19:22.620] [debug] Layer layer0.ffn.act Core 1 Get Tile at 24407
[2026-05-25 04:19:22.621] [debug] Layer 59 Core 1 Finish Tile at 24472 Remain tile 1
[2026-05-25 04:19:22.621] [info] Layer layer0.ffn.act finish at 24472
[2026-05-25 04:19:22.621] [info] Total compute time 66
[2026-05-25 04:19:22.621] [info] executable layer count 1
[2026-05-25 04:19:22.621] [info] Start layer layer0.ffn.fc2
[2026-05-25 04:19:22.621] [debug] Layer layer0.ffn.fc2 Core 3 Get Tile at 24472
[2026-05-25 04:19:22.622] [debug] Layer layer0.ffn.fc2 Core 0 Get Tile at 24473
[2026-05-25 04:19:22.702] [info] Core [0] : MatMul active cycle 402 Vector active cycle 0 
[2026-05-25 04:19:22.702] [info] Core [0] : issued tile 1 
[2026-05-25 04:19:22.702] [info] Core [0] : Memory unit idle cycle 788 Systolic bubble cycle 6274816 Core idle cycle 0 
[2026-05-25 04:19:22.702] [info] Core [0] : PE Utilization(%) 0.30, Systolic Bubble(%) 38.30, Vector Unit Utilization(%) 0.00, Total cycle: 25000
[2026-05-25 04:19:22.702] [debug] Core [1] : MatMul active cycle 392 Vector active cycle 4 
[2026-05-25 04:19:22.702] [debug] Core [1] : issued tile 0 
[2026-05-25 04:19:22.702] [debug] Core [1] : Memory unit idle cycle 993 Systolic bubble cycle 6274816 Core idle cycle 0 
[2026-05-25 04:19:22.702] [debug] Core [1] : PE Utilization(%) 0.30, Systolic Bubble(%) 38.30, Vector Unit Utilization(%) 0.40, Total cycle: 25000
[2026-05-25 04:19:22.702] [debug] Core [2] : MatMul active cycle 394 Vector active cycle 0 
[2026-05-25 04:19:22.702] [debug] Core [2] : issued tile 0 
[2026-05-25 04:19:22.702] [debug] Core [2] : Memory unit idle cycle 999 Systolic bubble cycle 6274816 Core idle cycle 572 
[2026-05-25 04:19:22.702] [debug] Core [2] : PE Utilization(%) 0.30, Systolic Bubble(%) 38.30, Vector Unit Utilization(%) 0.00, Total cycle: 25000
[2026-05-25 04:19:22.702] [debug] Core [3] : MatMul active cycle 404 Vector active cycle 0 
[2026-05-25 04:19:22.702] [debug] Core [3] : issued tile 1 
[2026-05-25 04:19:22.702] [debug] Core [3] : Memory unit idle cycle 740 Systolic bubble cycle 6274816 Core idle cycle 0 
[2026-05-25 04:19:22.702] [debug] Core [3] : PE Utilization(%) 0.30, Systolic Bubble(%) 38.30, Vector Unit Utilization(%) 0.00, Total cycle: 25000
[2026-05-25 04:19:22.713] [debug] Layer 61 Core 0 Finish Tile at 25975 Remain tile 2
[2026-05-25 04:19:22.714] [info] Core [0] : MatMul active cycle 897 Vector active cycle 0 
[2026-05-25 04:19:22.714] [info] Core [0] : issued tile 0 
[2026-05-25 04:19:22.714] [info] Core [0] : Memory unit idle cycle 999 Systolic bubble cycle 10451760 Core idle cycle 8 
[2026-05-25 04:19:22.714] [info] Core [0] : PE Utilization(%) 0.41, Systolic Bubble(%) 63.79, Vector Unit Utilization(%) 0.00, Total cycle: 26000
[2026-05-25 04:19:22.714] [debug] Core [1] : MatMul active cycle 0 Vector active cycle 0 
[2026-05-25 04:19:22.714] [debug] Core [1] : issued tile 0 
[2026-05-25 04:19:22.714] [debug] Core [1] : Memory unit idle cycle 1000 Systolic bubble cycle 0 Core idle cycle 922 
[2026-05-25 04:19:22.714] [debug] Core [1] : PE Utilization(%) 0.00, Systolic Bubble(%) 0.00, Vector Unit Utilization(%) 0.00, Total cycle: 26000
[2026-05-25 04:19:22.714] [debug] Core [2] : MatMul active cycle 0 Vector active cycle 0 
[2026-05-25 04:19:22.714] [debug] Core [2] : issued tile 0 
[2026-05-25 04:19:22.714] [debug] Core [2] : Memory unit idle cycle 1000 Systolic bubble cycle 0 Core idle cycle 1000 
[2026-05-25 04:19:22.714] [debug] Core [2] : PE Utilization(%) 0.00, Systolic Bubble(%) 0.00, Vector Unit Utilization(%) 0.00, Total cycle: 26000
[2026-05-25 04:19:22.714] [debug] Core [3] : MatMul active cycle 897 Vector active cycle 0 
[2026-05-25 04:19:22.714] [debug] Core [3] : issued tile 1 
[2026-05-25 04:19:22.714] [debug] Core [3] : Memory unit idle cycle 1000 Systolic bubble cycle 10436352 Core idle cycle 0 
[2026-05-25 04:19:22.714] [debug] Core [3] : PE Utilization(%) 0.50, Systolic Bubble(%) 63.70, Vector Unit Utilization(%) 0.00, Total cycle: 26000
[2026-05-25 04:19:22.714] [debug] Layer 61 Core 3 Finish Tile at 26001 Remain tile 1
[2026-05-25 04:19:22.714] [info] Layer layer0.ffn.fc2 finish at 26001
[2026-05-25 04:19:22.714] [info] Total compute time 1529
[2026-05-25 04:19:22.714] [info] executable layer count 1
[2026-05-25 04:19:22.714] [info] Start layer layer0.ffn.ln
[2026-05-25 04:19:22.714] [debug] Layer layer0.ffn.ln Core 2 Get Tile at 26002
[2026-05-25 04:19:22.714] [debug] Layer 63 Core 2 Finish Tile at 26046 Remain tile 1
[2026-05-25 04:19:22.714] [info] Layer layer0.ffn.ln finish at 26046
[2026-05-25 04:19:22.714] [info] Total compute time 45
[2026-05-25 04:19:22.714] [info] Model[tiny_transformer] Request: 13 us, Start: 13 us, finish:26 us, Current Cycle:26046
[2026-05-25 04:19:22.714] [info] Request 0 completed in 26046 cycles
[2026-05-25 04:19:22.714] [info] No total_seq_len!
[2026-05-25 04:19:22.715] [info] Simulation Finished at 26063 cycle 26 us
[2026-05-25 04:19:22.715] [info] [MEMORY_FOOTPRINT] Total Core->L2/DRAM Request Bytes: 3816576
[2026-05-25 04:19:22.715] [info] Runtime Instructions [124] Avg Instructions Per Finished Tile [8.86]
[2026-05-25 04:19:22.715] [info] Core [0] : MatMul active cycle 16666 Vector active cycle 102 
[2026-05-25 04:19:22.715] [info] Core [0] : Memory unit idle cycle 24202 Systolic bubble cycle 162399740 Core idle cycle 1921 
[2026-05-25 04:19:22.715] [info] Core [0] : PE Utilization(%) 0.48, Systolic Bubble(%) 38.03, Vector Unit Utilization(%) 0.39, Total cycle: 26063
[2026-05-25 04:19:22.715] [info] [Core 0] Input SRAM Hit Rate: 32.20% (9506 hits, 20012 misses)
[2026-05-25 04:19:22.715] [info] [Core 0] Accumulator SRAM Hit Rate: 0.62% (107 hits, 17206 misses)
[2026-05-25 04:19:22.715] [info] [Core 0] Average Core->L2 Request Size: 19901.22 bytes
[2026-05-25 04:19:22.715] [info] [Core 0] Object Histogram: Top-1 size 119488 B (26.10%), Top-2 size 119264 B (26.06%)
[2026-05-25 04:19:22.715] [info] Core [0] : Systolic Inst Issue Count : 52
[2026-05-25 04:19:22.715] [info] Core [0] : Systolic PRELOAD Issue Count : 52
[2026-05-25 04:19:22.715] [info] Runtime Instructions [124] Avg Instructions Per Finished Tile [8.86]
[2026-05-25 04:19:22.715] [info] Core [1] : MatMul active cycle 16666 Vector active cycle 94 
[2026-05-25 04:19:22.715] [info] Core [1] : Memory unit idle cycle 24051 Systolic bubble cycle 161863580 Core idle cycle 2260 
[2026-05-25 04:19:22.715] [info] Core [1] : PE Utilization(%) 0.60, Systolic Bubble(%) 37.91, Vector Unit Utilization(%) 0.36, Total cycle: 26063
[2026-05-25 04:19:22.715] [info] [Core 1] Input SRAM Hit Rate: 30.63% (9102 hits, 20610 misses)
[2026-05-25 04:19:22.715] [info] [Core 1] Accumulator SRAM Hit Rate: 0.62% (107 hits, 17211 misses)
[2026-05-25 04:19:22.715] [info] [Core 1] Average Core->L2 Request Size: 21622.96 bytes
[2026-05-25 04:19:22.715] [info] [Core 1] Object Histogram: Top-1 size 59392 B (35.83%), Top-2 size 119488 B (24.03%)
[2026-05-25 04:19:22.715] [info] Core [1] : Systolic Inst Issue Count : 52
[2026-05-25 04:19:22.715] [info] Core [1] : Systolic PRELOAD Issue Count : 52
[2026-05-25 04:19:22.715] [info] Runtime Instructions [124] Avg Instructions Per Finished Tile [8.86]
[2026-05-25 04:19:22.715] [info] Core [2] : MatMul active cycle 16666 Vector active cycle 90 
[2026-05-25 04:19:22.715] [info] Core [2] : Memory unit idle cycle 24192 Systolic bubble cycle 162035996 Core idle cycle 3001 
[2026-05-25 04:19:22.715] [info] Core [2] : PE Utilization(%) 0.56, Systolic Bubble(%) 37.95, Vector Unit Utilization(%) 0.35, Total cycle: 26063
[2026-05-25 04:19:22.715] [info] [Core 2] Input SRAM Hit Rate: 30.30% (8723 hits, 20067 misses)
[2026-05-25 04:19:22.715] [info] [Core 2] Accumulator SRAM Hit Rate: 0.62% (107 hits, 17219 misses)
[2026-05-25 04:19:22.715] [info] [Core 2] Average Core->L2 Request Size: 20065.39 bytes
[2026-05-25 04:19:22.715] [info] [Core 2] Object Histogram: Top-1 size 119488 B (25.89%), Top-2 size 119264 B (25.84%)
[2026-05-25 04:19:22.715] [info] Core [2] : Systolic Inst Issue Count : 52
[2026-05-25 04:19:22.715] [info] Core [2] : Systolic PRELOAD Issue Count : 52
[2026-05-25 04:19:22.715] [info] Runtime Instructions [119] Avg Instructions Per Finished Tile [9.15]
[2026-05-25 04:19:22.715] [info] Core [3] : MatMul active cycle 16666 Vector active cycle 90 
[2026-05-25 04:19:22.715] [info] Core [3] : Memory unit idle cycle 24072 Systolic bubble cycle 162356636 Core idle cycle 2792 
[2026-05-25 04:19:22.715] [info] Core [3] : PE Utilization(%) 0.49, Systolic Bubble(%) 38.02, Vector Unit Utilization(%) 0.35, Total cycle: 26063
[2026-05-25 04:19:22.715] [info] [Core 3] Input SRAM Hit Rate: 31.80% (9488 hits, 20353 misses)
[2026-05-25 04:19:22.715] [info] [Core 3] Accumulator SRAM Hit Rate: 0.62% (107 hits, 17185 misses)
[2026-05-25 04:19:22.715] [info] [Core 3] Average Core->L2 Request Size: 22871.07 bytes
[2026-05-25 04:19:22.715] [info] [Core 3] Object Histogram: Top-1 size 59392 B (36.23%), Top-2 size 119488 B (24.30%)
[2026-05-25 04:19:22.715] [info] Core [3] : Systolic Inst Issue Count : 52
[2026-05-25 04:19:22.715] [info] Core [3] : Systolic PRELOAD Issue Count : 52
Class 0:
Packet latency average = 249.464
	minimum = 7
	maximum = 1635
Network latency average = 249.464
	minimum = 7
	maximum = 1635
Slowest packet = 53487
Flit latency average = 249.464
	minimum = 7
	maximum = 1635
Slowest flit = 53487
Fragmentation average = 0
	minimum = 0
	maximum = 0
Injected packet rate average = 0.114404
	minimum = 0.0679507 (at node 15)
	maximum = 0.286306 (at node 72)
Accepted packet rate average = 0.114404
	minimum = 0.0684879 (at node 4)
	maximum = 0.286306 (at node 72)
Injected flit rate average = 0.114404
	minimum = 0.0679507 (at node 15)
	maximum = 0.286306 (at node 72)
Accepted flit rate average= 0.114404
	minimum = 0.0684879 (at node 4)
	maximum = 0.286306 (at node 72)
Injected packet length average = 1
Accepted packet length average = 1
Total in-flight flits = 0 (0 measured)
Frontend:
  impl: GEM5

[2026-05-25 04:19:22.715] [info] Row hits: 7113, Row misses: 34, Row conflicts: 298
MemorySystem:
  impl: GenericDRAM
  total_num_other_requests: 0
  total_num_write_requests: 56
  total_num_read_requests: 7399
  memory_system_cycles: 31287
  DRAM:
    impl: HBM2
  AddrMapper:
    impl: RoBaRaCoCh
  Controller:
    impl: Generic
    id: Channel 0
    Scheduler:
      impl: FRFCFS
    RefreshManager:
      impl: AllBank



[2026-05-25 04:19:22.715] [info] HBM2-CH_0: avg BW utilization 23% (7399 reads, 56 writes)
Frontend:
  impl: GEM5

[2026-05-25 04:19:22.715] [info] Row hits: 7110, Row misses: 33, Row conflicts: 298
MemorySystem:
  impl: GenericDRAM
  total_num_other_requests: 0
  total_num_write_requests: 57
  total_num_read_requests: 7394
  memory_system_cycles: 31287
  DRAM:
    impl: HBM2
  AddrMapper:
    impl: RoBaRaCoCh
  Controller:
    impl: Generic
    id: Channel 0
    Scheduler:
      impl: FRFCFS
    RefreshManager:
      impl: AllBank



[2026-05-25 04:19:22.715] [debug] HBM2-CH_1: avg BW utilization 23% (7394 reads, 57 writes)
Frontend:
  impl: GEM5

[2026-05-25 04:19:22.715] [info] Row hits: 7109, Row misses: 34, Row conflicts: 300
MemorySystem:
  impl: GenericDRAM
  total_num_other_requests: 0
  total_num_write_requests: 60
  total_num_read_requests: 7395
  memory_system_cycles: 31287
  DRAM:
    impl: HBM2
  AddrMapper:
    impl: RoBaRaCoCh
  Controller:
    impl: Generic
    id: Channel 0
    Scheduler:
      impl: FRFCFS
    RefreshManager:
      impl: AllBank



[2026-05-25 04:19:22.715] [debug] HBM2-CH_2: avg BW utilization 23% (7395 reads, 60 writes)
Frontend:
  impl: GEM5

[2026-05-25 04:19:22.715] [info] Row hits: 7100, Row misses: 35, Row conflicts: 308
MemorySystem:
  impl: GenericDRAM
  total_num_other_requests: 0
  total_num_write_requests: 54
  total_num_read_requests: 7398
  memory_system_cycles: 31287
  DRAM:
    impl: HBM2
  AddrMapper:
    impl: RoBaRaCoCh
  Controller:
    impl: Generic
    id: Channel 0
    Scheduler:
      impl: FRFCFS
    RefreshManager:
      impl: AllBank



[2026-05-25 04:19:22.715] [debug] HBM2-CH_3: avg BW utilization 23% (7398 reads, 54 writes)
Frontend:
  impl: GEM5

[2026-05-25 04:19:22.715] [info] Row hits: 7109, Row misses: 33, Row conflicts: 298
MemorySystem:
  impl: GenericDRAM
  total_num_other_requests: 0
  total_num_write_requests: 59
  total_num_read_requests: 7393
  memory_system_cycles: 31287
  DRAM:
    impl: HBM2
  AddrMapper:
    impl: RoBaRaCoCh
  Controller:
    impl: Generic
    id: Channel 0
    Scheduler:
      impl: FRFCFS
    RefreshManager:
      impl: AllBank



[2026-05-25 04:19:22.715] [debug] HBM2-CH_4: avg BW utilization 23% (7393 reads, 59 writes)
Frontend:
  impl: GEM5

[2026-05-25 04:19:22.715] [info] Row hits: 7105, Row misses: 36, Row conflicts: 302
MemorySystem:
  impl: GenericDRAM
  total_num_other_requests: 0
  total_num_write_requests: 59
  total_num_read_requests: 7396
  memory_system_cycles: 31287
  DRAM:
    impl: HBM2
  AddrMapper:
    impl: RoBaRaCoCh
  Controller:
    impl: Generic
    id: Channel 0
    Scheduler:
      impl: FRFCFS
    RefreshManager:
      impl: AllBank



[2026-05-25 04:19:22.715] [debug] HBM2-CH_5: avg BW utilization 23% (7396 reads, 59 writes)
Frontend:
  impl: GEM5

[2026-05-25 04:19:22.715] [info] Row hits: 7105, Row misses: 33, Row conflicts: 312
MemorySystem:
  impl: GenericDRAM
  total_num_other_requests: 0
  total_num_write_requests: 60
  total_num_read_requests: 7399
  memory_system_cycles: 31287
  DRAM:
    impl: HBM2
  AddrMapper:
    impl: RoBaRaCoCh
  Controller:
    impl: Generic
    id: Channel 0
    Scheduler:
      impl: FRFCFS
    RefreshManager:
      impl: AllBank



[2026-05-25 04:19:22.715] [debug] HBM2-CH_6: avg BW utilization 23% (7399 reads, 60 writes)
Frontend:
  impl: GEM5

[2026-05-25 04:19:22.715] [info] Row hits: 7099, Row misses: 35, Row conflicts: 304
MemorySystem:
  impl: GenericDRAM
  total_num_other_requests: 0
  total_num_write_requests: 61
  total_num_read_requests: 7391
  memory_system_cycles: 31287
  DRAM:
    impl: HBM2
  AddrMapper:
    impl: RoBaRaCoCh
  Controller:
    impl: Generic
    id: Channel 0
    Scheduler:
      impl: FRFCFS
    RefreshManager:
      impl: AllBank



[2026-05-25 04:19:22.715] [debug] HBM2-CH_7: avg BW utilization 23% (7391 reads, 61 writes)
Frontend:
  impl: GEM5

[2026-05-25 04:19:22.715] [info] Row hits: 7117, Row misses: 34, Row conflicts: 302
MemorySystem:
  impl: GenericDRAM
  total_num_other_requests: 0
  total_num_write_requests: 59
  total_num_read_requests: 7403
  memory_system_cycles: 31287
  DRAM:
    impl: HBM2
  AddrMapper:
    impl: RoBaRaCoCh
  Controller:
    impl: Generic
    id: Channel 0
    Scheduler:
      impl: FRFCFS
    RefreshManager:
      impl: AllBank



[2026-05-25 04:19:22.715] [debug] HBM2-CH_8: avg BW utilization 23% (7403 reads, 59 writes)
Frontend:
  impl: GEM5

[2026-05-25 04:19:22.715] [info] Row hits: 7119, Row misses: 32, Row conflicts: 303
MemorySystem:
  impl: GenericDRAM
  total_num_other_requests: 0
  total_num_write_requests: 57
  total_num_read_requests: 7403
  memory_system_cycles: 31287
  DRAM:
    impl: HBM2
  AddrMapper:
    impl: RoBaRaCoCh
  Controller:
    impl: Generic
    id: Channel 0
    Scheduler:
      impl: FRFCFS
    RefreshManager:
      impl: AllBank



[2026-05-25 04:19:22.716] [debug] HBM2-CH_9: avg BW utilization 23% (7403 reads, 57 writes)
Frontend:
  impl: GEM5

[2026-05-25 04:19:22.716] [info] Row hits: 7109, Row misses: 32, Row conflicts: 311
MemorySystem:
  impl: GenericDRAM
  total_num_other_requests: 0
  total_num_write_requests: 58
  total_num_read_requests: 7401
  memory_system_cycles: 31287
  DRAM:
    impl: HBM2
  AddrMapper:
    impl: RoBaRaCoCh
  Controller:
    impl: Generic
    id: Channel 0
    Scheduler:
      impl: FRFCFS
    RefreshManager:
      impl: AllBank



[2026-05-25 04:19:22.716] [debug] HBM2-CH_10: avg BW utilization 23% (7401 reads, 58 writes)
Frontend:
  impl: GEM5

[2026-05-25 04:19:22.716] [info] Row hits: 7113, Row misses: 34, Row conflicts: 299
MemorySystem:
  impl: GenericDRAM
  total_num_other_requests: 0
  total_num_write_requests: 61
  total_num_read_requests: 7394
  memory_system_cycles: 31287
  DRAM:
    impl: HBM2
  AddrMapper:
    impl: RoBaRaCoCh
  Controller:
    impl: Generic
    id: Channel 0
    Scheduler:
      impl: FRFCFS
    RefreshManager:
      impl: AllBank



[2026-05-25 04:19:22.716] [debug] HBM2-CH_11: avg BW utilization 23% (7394 reads, 61 writes)
Frontend:
  impl: GEM5

[2026-05-25 04:19:22.716] [info] Row hits: 7112, Row misses: 34, Row conflicts: 298
MemorySystem:
  impl: GenericDRAM
  total_num_other_requests: 0
  total_num_write_requests: 58
  total_num_read_requests: 7395
  memory_system_cycles: 31287
  DRAM:
    impl: HBM2
  AddrMapper:
    impl: RoBaRaCoCh
  Controller:
    impl: Generic
    id: Channel 0
    Scheduler:
      impl: FRFCFS
    RefreshManager:
      impl: AllBank



[2026-05-25 04:19:22.716] [debug] HBM2-CH_12: avg BW utilization 23% (7395 reads, 58 writes)
Frontend:
  impl: GEM5

[2026-05-25 04:19:22.716] [info] Row hits: 7101, Row misses: 36, Row conflicts: 298
MemorySystem:
  impl: GenericDRAM
  total_num_other_requests: 0
  total_num_write_requests: 56
  total_num_read_requests: 7390
  memory_system_cycles: 31287
  DRAM:
    impl: HBM2
  AddrMapper:
    impl: RoBaRaCoCh
  Controller:
    impl: Generic
    id: Channel 0
    Scheduler:
      impl: FRFCFS
    RefreshManager:
      impl: AllBank



[2026-05-25 04:19:22.716] [debug] HBM2-CH_13: avg BW utilization 23% (7390 reads, 56 writes)
Frontend:
  impl: GEM5

[2026-05-25 04:19:22.716] [info] Row hits: 7104, Row misses: 33, Row conflicts: 300
MemorySystem:
  impl: GenericDRAM
  total_num_other_requests: 0
  total_num_write_requests: 58
  total_num_read_requests: 7391
  memory_system_cycles: 31287
  DRAM:
    impl: HBM2
  AddrMapper:
    impl: RoBaRaCoCh
  Controller:
    impl: Generic
    id: Channel 0
    Scheduler:
      impl: FRFCFS
    RefreshManager:
      impl: AllBank



[2026-05-25 04:19:22.716] [debug] HBM2-CH_14: avg BW utilization 23% (7391 reads, 58 writes)
Frontend:
  impl: GEM5

[2026-05-25 04:19:22.716] [info] Row hits: 7113, Row misses: 33, Row conflicts: 296
MemorySystem:
  impl: GenericDRAM
  total_num_other_requests: 0
  total_num_write_requests: 57
  total_num_read_requests: 7396
  memory_system_cycles: 31287
  DRAM:
    impl: HBM2
  AddrMapper:
    impl: RoBaRaCoCh
  Controller:
    impl: Generic
    id: Channel 0
    Scheduler:
      impl: FRFCFS
    RefreshManager:
      impl: AllBank



[2026-05-25 04:19:22.716] [debug] HBM2-CH_15: avg BW utilization 23% (7396 reads, 57 writes)
[2026-05-25 04:19:22.716] [info] Simulation time: 1.846879 seconds
[2026-05-25 04:19:22.716] [info] Total tile: 55, simulated tile per seconds(TPS): 30.239905
