[2026-05-25 04:19:17.177] [info] CPU 0: Partition 0
[2026-05-25 04:19:17.177] [info] CPU 1: Partition 0
[2026-05-25 04:19:17.177] [info] CPU 2: Partition 0
[2026-05-25 04:19:17.177] [info] CPU 3: Partition 0
[2026-05-25 04:19:17.177] [info] Running in language mode
[2026-05-25 04:19:17.177] [info] Simulator Configuration:
[2026-05-25 04:19:17.177] [info] [Core 0] Systolic Array Throughput: 131072 GFLOPS, Spad size: 32768 KB, Accumulator size: 4096 KB
[2026-05-25 04:19:17.177] [info] [Core 1] Systolic Array Throughput: 131072 GFLOPS, Spad size: 32768 KB, Accumulator size: 4096 KB
[2026-05-25 04:19:17.177] [info] [Core 2] Systolic Array Throughput: 131072 GFLOPS, Spad size: 32768 KB, Accumulator size: 4096 KB
[2026-05-25 04:19:17.177] [info] [Core 3] Systolic Array Throughput: 131072 GFLOPS, Spad size: 32768 KB, Accumulator size: 4096 KB
[2026-05-25 04:19:17.177] [info] DRAM Bandwidth 614 GB/s
[2026-05-25 04:19:17.177] [info] Ramulator2 config: /workspace/ONNXim/configs/../configs/ramulator2_configs/HBM2.yaml
[2026-05-25 04:19:17.183] [info] Initialize Booksim2
[2026-05-25 04:19:17.183] [info] Config path : /workspace/ONNXim/configs/../configs/booksim2_configs/fly_c64_m16.icnt
[2026-05-25 04:19:17.185] [info] Register Language Model: tiny_transformer
[2026-05-25 04:19:17.185] [info] Tensor Parallelsim 1, Pipeline Parallelism 1
[2026-05-25 04:19:17.185] [info] Weight size: 0.01 GB
[2026-05-25 04:19:17.185] [info] Simple Language scheduler selected
[2026-05-25 04:19:17.186] [info] num layer 1 num sim layer 1
[2026-05-25 04:19:17.186] [info] ======Start Simulation=====
[2026-05-25 04:19:17.186] [info] Total Memory Usage: 0.01 GB
[2026-05-25 04:19:17.186] [info] Weight Memory Usage: 0.01 GB
[2026-05-25 04:19:17.186] [info] KV Memory Usage: 0.00 GB
[2026-05-25 04:19:17.186] [info] Activation Memory Usage: 0.00 GB
[2026-05-25 04:19:17.186] [debug] [Gemm] input_shape: [1, 232]
[2026-05-25 04:19:17.186] [debug] [Gemm] output_shape : [1, 696]
[2026-05-25 04:19:17.186] [info] [GEMM] spad_size: 33554432 accum_size: 4194304
[2026-05-25 04:19:17.186] [info] [GEMM] required_sram_size: 131072 required_accum_size: 32768
[2026-05-25 04:19:17.186] [info] [GEMM] Used mapping: Total N:1 C:232 M:696 | Outer N:1 C:1 M:6 | Inner N:128 C:256 M:128
[2026-05-25 04:19:17.187] [info] [GemmWs] Keys K = 232, N = 1, M = 696
[2026-05-25 04:19:17.187] [info] [GemmWS]: total 0.00032364 GFLOPs, 0.000326192 GB
[2026-05-25 04:19:17.187] [info] [GemmWS]: Theoretical time(ms): 0.0005312573421178968 Compute time: 2.469177307062864e-06 Memory time: 0.0005312573421178968
[2026-05-25 04:19:17.187] [debug] [KVCacheConcat] input_token_lengths: [1]
[2026-05-25 04:19:17.187] [debug] [KVCacheConcat] number of tiles: 1
[2026-05-25 04:19:17.187] [info] [Attention] total_spad_size_per_head: 237916 B
[2026-05-25 04:19:17.187] [info] [Attention] total_acc_size_per_head: 2050 B
[2026-05-25 04:19:17.187] [info] [Attention] q_len: 1, seq_len: 1025, dk: 58, heads per tile 1
[2026-05-25 04:19:17.187] [info] [Attention] Spad size 16777216
[2026-05-25 04:19:17.187] [info] [Attention] Accum spad size 2097152
[2026-05-25 04:19:17.187] [info] Mapping info Total Loop: N4 C58 M1025 S1 R1 Q1 P1 Tile Out Loop: N4 C1 M1 S1 R1 Q1 P1 Tile In Loop: N1 C58 M1025 S1 R1 Q1 P1
[2026-05-25 04:19:17.201] [info] [Attention] QK 0.0004756 GFLOPs
[2026-05-25 04:19:17.201] [info] [Attention] total 0.0009922001 GFLOPs, 0.00095212803 GB
[2026-05-25 04:19:17.201] [info] [Attention] Theoretical time(ms): 0.0015506971 Compute time: 1.2261963e-05 Memory time: 0.0015506971
[2026-05-25 04:19:17.201] [info] [Attention] QK compute 0.0000ms Softmax compute 0.0000ms SV compute 0.0000ms
[2026-05-25 04:19:17.201] [debug] [Gemm] input_shape: [1, 232]
[2026-05-25 04:19:17.201] [debug] [Gemm] output_shape : [1, 232]
[2026-05-25 04:19:17.201] [info] [GEMM] spad_size: 33554432 accum_size: 4194304
[2026-05-25 04:19:17.201] [info] [GEMM] required_sram_size: 131072 required_accum_size: 32768
[2026-05-25 04:19:17.201] [info] [GEMM] Used mapping: Total N:1 C:232 M:232 | Outer N:1 C:1 M:2 | Inner N:128 C:256 M:128
[2026-05-25 04:19:17.201] [info] [GemmWs] Keys K = 232, N = 1, M = 232
[2026-05-25 04:19:17.201] [info] [GemmWS]: total 0.00010787999 GFLOPs, 0.000109040004 GB
[2026-05-25 04:19:17.201] [info] [GemmWS]: Theoretical time(ms): 0.00017758958392732893 Compute time: 8.230590098357027e-07 Memory time: 0.00017758958392732893
[2026-05-25 04:19:17.201] [info] [SkipLayerNorm] tokens_per_tile: 1
[2026-05-25 04:19:17.201] [debug] [Gemm] input_shape: [1, 232]
[2026-05-25 04:19:17.201] [debug] [Gemm] output_shape : [1, 512]
[2026-05-25 04:19:17.201] [info] [GEMM] spad_size: 33554432 accum_size: 4194304
[2026-05-25 04:19:17.201] [info] [GEMM] required_sram_size: 131072 required_accum_size: 32768
[2026-05-25 04:19:17.201] [info] [GEMM] Used mapping: Total N:1 C:232 M:512 | Outer N:1 C:1 M:4 | Inner N:128 C:256 M:128
[2026-05-25 04:19:17.202] [info] [GemmWs] Keys K = 232, N = 1, M = 512
[2026-05-25 04:19:17.202] [info] [GemmWS]: total 0.000237568 GFLOPs, 0.000239056 GB
[2026-05-25 04:19:17.202] [info] [GemmWS]: Theoretical time(ms): 0.0003893420057465846 Compute time: 1.81250003894462e-06 Memory time: 0.0003893420057465846
[2026-05-25 04:19:17.202] [info] [BiasAct] tokens_per_tile: 1
[2026-05-25 04:19:17.202] [debug] [Gemm] input_shape: [1, 512]
[2026-05-25 04:19:17.202] [debug] [Gemm] output_shape : [1, 232]
[2026-05-25 04:19:17.202] [info] [GEMM] spad_size: 33554432 accum_size: 4194304
[2026-05-25 04:19:17.202] [info] [GEMM] required_sram_size: 262144 required_accum_size: 32768
[2026-05-25 04:19:17.202] [info] [GEMM] Used mapping: Total N:1 C:512 M:232 | Outer N:1 C:1 M:2 | Inner N:128 C:512 M:128
[2026-05-25 04:19:17.203] [info] [GemmWs] Keys K = 512, N = 1, M = 232
[2026-05-25 04:19:17.203] [info] [GemmWS]: total 0.00023779999 GFLOPs, 0.00023952 GB
[2026-05-25 04:19:17.203] [info] [GemmWS]: Theoretical time(ms): 0.00039009771057862963 Compute time: 1.8142699564904774e-06 Memory time: 0.00039009771057862963
[2026-05-25 04:19:17.203] [info] [SkipLayerNorm] tokens_per_tile: 1
[2026-05-25 04:19:17.203] [debug] runnable op, 
[2026-05-25 04:19:17.203] [info]  Model initialization time: 0.017637 seconds
[2026-05-25 04:19:17.203] [info] Schedule model: tiny_transformer at 1000 us
[2026-05-25 04:19:17.203] [info] MODEL tiny_transformer Scheduled, Total Request: 1
[2026-05-25 04:19:17.203] [info] executable layer count 1
[2026-05-25 04:19:17.203] [info] Start layer layer0.attn.QKVgen
[2026-05-25 04:19:17.203] [debug] Layer layer0.attn.QKVgen Core 0 Get Tile at 0
[2026-05-25 04:19:17.203] [debug] Layer layer0.attn.QKVgen Core 1 Get Tile at 0
[2026-05-25 04:19:17.203] [debug] Layer layer0.attn.QKVgen Core 2 Get Tile at 0
[2026-05-25 04:19:17.203] [debug] Layer layer0.attn.QKVgen Core 3 Get Tile at 0
[2026-05-25 04:19:17.203] [info] HBM2-CH_0: BW utilization 0% (0 reads, 0 writes)
[2026-05-25 04:19:17.203] [debug] HBM2-CH_1: BW utilization 0% (0 reads, 0 writes)
[2026-05-25 04:19:17.203] [debug] HBM2-CH_2: BW utilization 0% (0 reads, 0 writes)
[2026-05-25 04:19:17.203] [debug] HBM2-CH_3: BW utilization 0% (0 reads, 0 writes)
[2026-05-25 04:19:17.203] [debug] HBM2-CH_4: BW utilization 0% (0 reads, 0 writes)
[2026-05-25 04:19:17.203] [debug] HBM2-CH_5: BW utilization 0% (0 reads, 0 writes)
[2026-05-25 04:19:17.203] [debug] HBM2-CH_6: BW utilization 0% (0 reads, 0 writes)
[2026-05-25 04:19:17.203] [debug] HBM2-CH_7: BW utilization 0% (0 reads, 0 writes)
[2026-05-25 04:19:17.203] [debug] HBM2-CH_8: BW utilization 0% (0 reads, 0 writes)
[2026-05-25 04:19:17.203] [debug] HBM2-CH_9: BW utilization 0% (0 reads, 0 writes)
[2026-05-25 04:19:17.203] [debug] HBM2-CH_10: BW utilization 0% (0 reads, 0 writes)
[2026-05-25 04:19:17.203] [debug] HBM2-CH_11: BW utilization 0% (0 reads, 0 writes)
[2026-05-25 04:19:17.203] [debug] HBM2-CH_12: BW utilization 0% (0 reads, 0 writes)
[2026-05-25 04:19:17.203] [debug] HBM2-CH_13: BW utilization 0% (0 reads, 0 writes)
[2026-05-25 04:19:17.203] [debug] HBM2-CH_14: BW utilization 0% (0 reads, 0 writes)
[2026-05-25 04:19:17.203] [debug] HBM2-CH_15: BW utilization 0% (0 reads, 0 writes)
[2026-05-25 04:19:17.203] [debug] Layer layer0.attn.QKVgen Core 1 Get Tile at 1
[2026-05-25 04:19:17.203] [debug] Layer layer0.attn.QKVgen Core 2 Get Tile at 1
[2026-05-25 04:19:17.344] [info] Core [0] : MatMul active cycle 380 Vector active cycle 0 
[2026-05-25 04:19:17.344] [info] Core [0] : issued tile 1 
[2026-05-25 04:19:17.344] [info] Core [0] : Memory unit idle cycle 882 Systolic bubble cycle 2032000 Core idle cycle 0 
[2026-05-25 04:19:17.344] [info] Core [0] : PE Utilization(%) 0.10, Systolic Bubble(%) 12.40, Vector Unit Utilization(%) 0.00, Total cycle: 1000
[2026-05-25 04:19:17.344] [debug] Core [1] : MatMul active cycle 359 Vector active cycle 0 
[2026-05-25 04:19:17.344] [debug] Core [1] : issued tile 2 
[2026-05-25 04:19:17.344] [debug] Core [1] : Memory unit idle cycle 764 Systolic bubble cycle 1690624 Core idle cycle 0 
[2026-05-25 04:19:17.344] [debug] Core [1] : PE Utilization(%) 0.08, Systolic Bubble(%) 10.32, Vector Unit Utilization(%) 0.00, Total cycle: 1000
[2026-05-25 04:19:17.344] [debug] Core [2] : MatMul active cycle 326 Vector active cycle 0 
[2026-05-25 04:19:17.344] [debug] Core [2] : issued tile 2 
[2026-05-25 04:19:17.344] [debug] Core [2] : Memory unit idle cycle 830 Systolic bubble cycle 1154176 Core idle cycle 0 
[2026-05-25 04:19:17.344] [debug] Core [2] : PE Utilization(%) 0.06, Systolic Bubble(%) 7.04, Vector Unit Utilization(%) 0.00, Total cycle: 1000
[2026-05-25 04:19:17.344] [debug] Core [3] : MatMul active cycle 349 Vector active cycle 0 
[2026-05-25 04:19:17.344] [debug] Core [3] : issued tile 1 
[2026-05-25 04:19:17.344] [debug] Core [3] : Memory unit idle cycle 882 Systolic bubble cycle 1528064 Core idle cycle 0 
[2026-05-25 04:19:17.344] [debug] Core [3] : PE Utilization(%) 0.07, Systolic Bubble(%) 9.33, Vector Unit Utilization(%) 0.00, Total cycle: 1000
[2026-05-25 04:19:17.346] [debug] Layer 18 Core 0 Finish Tile at 1263 Remain tile 6
[2026-05-25 04:19:17.346] [debug] Layer 18 Core 1 Finish Tile at 1284 Remain tile 5
[2026-05-25 04:19:17.346] [debug] Layer 18 Core 3 Finish Tile at 1294 Remain tile 4
[2026-05-25 04:19:17.346] [debug] Layer 18 Core 2 Finish Tile at 1317 Remain tile 3
[2026-05-25 04:19:17.348] [debug] Layer 18 Core 1 Finish Tile at 1540 Remain tile 2
[2026-05-25 04:19:17.348] [debug] Layer 18 Core 2 Finish Tile at 1573 Remain tile 1
[2026-05-25 04:19:17.348] [info] Layer layer0.attn.QKVgen finish at 1573
[2026-05-25 04:19:17.348] [info] Total compute time 1573
[2026-05-25 04:19:17.348] [info] executable layer count 1
[2026-05-25 04:19:17.348] [info] Start layer layer0.attn.KVccat
[2026-05-25 04:19:17.348] [debug] Layer layer0.attn.KVccat Core 0 Get Tile at 1574
[2026-05-25 04:19:17.348] [debug] Layer 20 Core 0 Finish Tile at 1575 Remain tile 1
[2026-05-25 04:19:17.348] [info] Layer layer0.attn.KVccat finish at 1575
[2026-05-25 04:19:17.348] [info] Total compute time 2
[2026-05-25 04:19:17.348] [info] executable layer count 1
[2026-05-25 04:19:17.348] [info] Start layer layer0.attn.Attention.0
[2026-05-25 04:19:17.348] [debug] Layer layer0.attn.Attention.0 Core 0 Get Tile at 1575
[2026-05-25 04:19:17.348] [debug] Layer layer0.attn.Attention.0 Core 1 Get Tile at 1575
[2026-05-25 04:19:17.348] [debug] Layer layer0.attn.Attention.0 Core 2 Get Tile at 1575
[2026-05-25 04:19:17.348] [debug] Layer layer0.attn.Attention.0 Core 3 Get Tile at 1575
[2026-05-25 04:19:17.450] [info] Core [0] : MatMul active cycle 261 Vector active cycle 0 
[2026-05-25 04:19:17.450] [info] Core [0] : issued tile 1 
[2026-05-25 04:19:17.450] [info] Core [0] : Memory unit idle cycle 575 Systolic bubble cycle 4242816 Core idle cycle 280 
[2026-05-25 04:19:17.450] [info] Core [0] : PE Utilization(%) 0.20, Systolic Bubble(%) 25.90, Vector Unit Utilization(%) 0.00, Total cycle: 2000
[2026-05-25 04:19:17.450] [debug] Core [1] : MatMul active cycle 538 Vector active cycle 0 
[2026-05-25 04:19:17.450] [debug] Core [1] : issued tile 1 
[2026-05-25 04:19:17.450] [debug] Core [1] : Memory unit idle cycle 574 Systolic bubble cycle 8745728 Core idle cycle 18 
[2026-05-25 04:19:17.450] [debug] Core [1] : PE Utilization(%) 0.42, Systolic Bubble(%) 53.38, Vector Unit Utilization(%) 0.00, Total cycle: 2000
[2026-05-25 04:19:17.450] [debug] Core [2] : MatMul active cycle 571 Vector active cycle 0 
[2026-05-25 04:19:17.450] [debug] Core [2] : issued tile 1 
[2026-05-25 04:19:17.450] [debug] Core [2] : Memory unit idle cycle 574 Systolic bubble cycle 9300608 Core idle cycle 0 
[2026-05-25 04:19:17.450] [debug] Core [2] : PE Utilization(%) 0.33, Systolic Bubble(%) 56.77, Vector Unit Utilization(%) 0.00, Total cycle: 2000
[2026-05-25 04:19:17.450] [debug] Core [3] : MatMul active cycle 292 Vector active cycle 0 
[2026-05-25 04:19:17.450] [debug] Core [3] : issued tile 1 
[2026-05-25 04:19:17.450] [debug] Core [3] : Memory unit idle cycle 575 Systolic bubble cycle 4746752 Core idle cycle 249 
[2026-05-25 04:19:17.450] [debug] Core [3] : PE Utilization(%) 0.23, Systolic Bubble(%) 28.97, Vector Unit Utilization(%) 0.00, Total cycle: 2000
[2026-05-25 04:19:17.673] [info] Core [0] : MatMul active cycle 184 Vector active cycle 0 
[2026-05-25 04:19:17.673] [info] Core [0] : issued tile 1 
[2026-05-25 04:19:17.673] [info] Core [0] : Memory unit idle cycle 959 Systolic bubble cycle 0 Core idle cycle 0 
[2026-05-25 04:19:17.673] [info] Core [0] : PE Utilization(%) 0.00, Systolic Bubble(%) 0.00, Vector Unit Utilization(%) 0.00, Total cycle: 3000
[2026-05-25 04:19:17.673] [debug] Core [1] : MatMul active cycle 186 Vector active cycle 0 
[2026-05-25 04:19:17.673] [debug] Core [1] : issued tile 1 
[2026-05-25 04:19:17.673] [debug] Core [1] : Memory unit idle cycle 959 Systolic bubble cycle 0 Core idle cycle 0 
[2026-05-25 04:19:17.673] [debug] Core [1] : PE Utilization(%) 0.00, Systolic Bubble(%) 0.00, Vector Unit Utilization(%) 0.00, Total cycle: 3000
[2026-05-25 04:19:17.673] [debug] Core [2] : MatMul active cycle 180 Vector active cycle 0 
[2026-05-25 04:19:17.673] [debug] Core [2] : issued tile 1 
[2026-05-25 04:19:17.673] [debug] Core [2] : Memory unit idle cycle 959 Systolic bubble cycle 0 Core idle cycle 0 
[2026-05-25 04:19:17.673] [debug] Core [2] : PE Utilization(%) 0.00, Systolic Bubble(%) 0.00, Vector Unit Utilization(%) 0.00, Total cycle: 3000
[2026-05-25 04:19:17.673] [debug] Core [3] : MatMul active cycle 138 Vector active cycle 0 
[2026-05-25 04:19:17.673] [debug] Core [3] : issued tile 1 
[2026-05-25 04:19:17.673] [debug] Core [3] : Memory unit idle cycle 959 Systolic bubble cycle 0 Core idle cycle 0 
[2026-05-25 04:19:17.673] [debug] Core [3] : PE Utilization(%) 0.00, Systolic Bubble(%) 0.00, Vector Unit Utilization(%) 0.00, Total cycle: 3000
[2026-05-25 04:19:17.801] [info] Core [0] : MatMul active cycle 1000 Vector active cycle 0 
[2026-05-25 04:19:17.801] [info] Core [0] : issued tile 1 
[2026-05-25 04:19:17.801] [info] Core [0] : Memory unit idle cycle 1000 Systolic bubble cycle 15101824 Core idle cycle 0 
[2026-05-25 04:19:17.801] [info] Core [0] : PE Utilization(%) 0.73, Systolic Bubble(%) 92.17, Vector Unit Utilization(%) 0.00, Total cycle: 4000
[2026-05-25 04:19:17.801] [debug] Core [1] : MatMul active cycle 1000 Vector active cycle 0 
[2026-05-25 04:19:17.801] [debug] Core [1] : issued tile 1 
[2026-05-25 04:19:17.801] [debug] Core [1] : Memory unit idle cycle 1000 Systolic bubble cycle 15134336 Core idle cycle 0 
[2026-05-25 04:19:17.801] [debug] Core [1] : PE Utilization(%) 0.73, Systolic Bubble(%) 92.37, Vector Unit Utilization(%) 0.00, Total cycle: 4000
[2026-05-25 04:19:17.801] [debug] Core [2] : MatMul active cycle 1000 Vector active cycle 0 
[2026-05-25 04:19:17.801] [debug] Core [2] : issued tile 1 
[2026-05-25 04:19:17.801] [debug] Core [2] : Memory unit idle cycle 1000 Systolic bubble cycle 15036800 Core idle cycle 0 
[2026-05-25 04:19:17.801] [debug] Core [2] : PE Utilization(%) 0.72, Systolic Bubble(%) 91.78, Vector Unit Utilization(%) 0.00, Total cycle: 4000
[2026-05-25 04:19:17.801] [debug] Core [3] : MatMul active cycle 1000 Vector active cycle 0 
[2026-05-25 04:19:17.801] [debug] Core [3] : issued tile 1 
[2026-05-25 04:19:17.801] [debug] Core [3] : Memory unit idle cycle 1000 Systolic bubble cycle 14354048 Core idle cycle 0 
[2026-05-25 04:19:17.801] [debug] Core [3] : PE Utilization(%) 0.69, Systolic Bubble(%) 87.61, Vector Unit Utilization(%) 0.00, Total cycle: 4000
[2026-05-25 04:19:17.809] [info] Core [0] : MatMul active cycle 984 Vector active cycle 14 
[2026-05-25 04:19:17.809] [info] Core [0] : issued tile 1 
[2026-05-25 04:19:17.809] [info] Core [0] : Memory unit idle cycle 1000 Systolic bubble cycle 9966732 Core idle cycle 0 
[2026-05-25 04:19:17.809] [info] Core [0] : PE Utilization(%) 0.27, Systolic Bubble(%) 60.83, Vector Unit Utilization(%) 1.40, Total cycle: 5000
[2026-05-25 04:19:17.809] [debug] Core [1] : MatMul active cycle 984 Vector active cycle 14 
[2026-05-25 04:19:17.809] [debug] Core [1] : issued tile 1 
[2026-05-25 04:19:17.809] [debug] Core [1] : Memory unit idle cycle 1000 Systolic bubble cycle 9934220 Core idle cycle 0 
[2026-05-25 04:19:17.809] [debug] Core [1] : PE Utilization(%) 0.27, Systolic Bubble(%) 60.63, Vector Unit Utilization(%) 1.40, Total cycle: 5000
[2026-05-25 04:19:17.809] [debug] Core [2] : MatMul active cycle 984 Vector active cycle 14 
[2026-05-25 04:19:17.809] [debug] Core [2] : issued tile 1 
[2026-05-25 04:19:17.809] [debug] Core [2] : Memory unit idle cycle 1000 Systolic bubble cycle 10031756 Core idle cycle 0 
[2026-05-25 04:19:17.809] [debug] Core [2] : PE Utilization(%) 0.27, Systolic Bubble(%) 61.23, Vector Unit Utilization(%) 1.40, Total cycle: 5000
[2026-05-25 04:19:17.809] [debug] Core [3] : MatMul active cycle 984 Vector active cycle 14 
[2026-05-25 04:19:17.809] [debug] Core [3] : issued tile 1 
[2026-05-25 04:19:17.809] [debug] Core [3] : Memory unit idle cycle 1000 Systolic bubble cycle 10714508 Core idle cycle 0 
[2026-05-25 04:19:17.809] [debug] Core [3] : PE Utilization(%) 0.30, Systolic Bubble(%) 65.40, Vector Unit Utilization(%) 1.40, Total cycle: 5000
[2026-05-25 04:19:17.815] [info] Core [0] : MatMul active cycle 998 Vector active cycle 0 
[2026-05-25 04:19:17.815] [info] Core [0] : issued tile 1 
[2026-05-25 04:19:17.815] [info] Core [0] : Memory unit idle cycle 1000 Systolic bubble cycle 8424216 Core idle cycle 0 
[2026-05-25 04:19:17.815] [info] Core [0] : PE Utilization(%) 0.18, Systolic Bubble(%) 51.42, Vector Unit Utilization(%) 0.00, Total cycle: 6000
[2026-05-25 04:19:17.816] [debug] Core [1] : MatMul active cycle 998 Vector active cycle 0 
[2026-05-25 04:19:17.816] [debug] Core [1] : issued tile 1 
[2026-05-25 04:19:17.816] [debug] Core [1] : Memory unit idle cycle 1000 Systolic bubble cycle 8424216 Core idle cycle 0 
[2026-05-25 04:19:17.816] [debug] Core [1] : PE Utilization(%) 0.18, Systolic Bubble(%) 51.42, Vector Unit Utilization(%) 0.00, Total cycle: 6000
[2026-05-25 04:19:17.816] [debug] Core [2] : MatMul active cycle 998 Vector active cycle 0 
[2026-05-25 04:19:17.816] [debug] Core [2] : issued tile 1 
[2026-05-25 04:19:17.816] [debug] Core [2] : Memory unit idle cycle 1000 Systolic bubble cycle 8424216 Core idle cycle 0 
[2026-05-25 04:19:17.816] [debug] Core [2] : PE Utilization(%) 0.18, Systolic Bubble(%) 51.42, Vector Unit Utilization(%) 0.00, Total cycle: 6000
[2026-05-25 04:19:17.816] [debug] Core [3] : MatMul active cycle 998 Vector active cycle 0 
[2026-05-25 04:19:17.816] [debug] Core [3] : issued tile 1 
[2026-05-25 04:19:17.816] [debug] Core [3] : Memory unit idle cycle 1000 Systolic bubble cycle 8424216 Core idle cycle 0 
[2026-05-25 04:19:17.816] [debug] Core [3] : PE Utilization(%) 0.18, Systolic Bubble(%) 51.42, Vector Unit Utilization(%) 0.00, Total cycle: 6000
[2026-05-25 04:19:17.822] [info] Core [0] : MatMul active cycle 998 Vector active cycle 0 
[2026-05-25 04:19:17.822] [info] Core [0] : issued tile 1 
[2026-05-25 04:19:17.822] [info] Core [0] : Memory unit idle cycle 1000 Systolic bubble cycle 8424216 Core idle cycle 0 
[2026-05-25 04:19:17.822] [info] Core [0] : PE Utilization(%) 0.18, Systolic Bubble(%) 51.42, Vector Unit Utilization(%) 0.00, Total cycle: 7000
[2026-05-25 04:19:17.822] [debug] Core [1] : MatMul active cycle 998 Vector active cycle 0 
[2026-05-25 04:19:17.822] [debug] Core [1] : issued tile 1 
[2026-05-25 04:19:17.822] [debug] Core [1] : Memory unit idle cycle 1000 Systolic bubble cycle 8424216 Core idle cycle 0 
[2026-05-25 04:19:17.822] [debug] Core [1] : PE Utilization(%) 0.18, Systolic Bubble(%) 51.42, Vector Unit Utilization(%) 0.00, Total cycle: 7000
[2026-05-25 04:19:17.822] [debug] Core [2] : MatMul active cycle 998 Vector active cycle 0 
[2026-05-25 04:19:17.822] [debug] Core [2] : issued tile 1 
[2026-05-25 04:19:17.822] [debug] Core [2] : Memory unit idle cycle 1000 Systolic bubble cycle 8424216 Core idle cycle 0 
[2026-05-25 04:19:17.822] [debug] Core [2] : PE Utilization(%) 0.18, Systolic Bubble(%) 51.42, Vector Unit Utilization(%) 0.00, Total cycle: 7000
[2026-05-25 04:19:17.822] [debug] Core [3] : MatMul active cycle 998 Vector active cycle 0 
[2026-05-25 04:19:17.822] [debug] Core [3] : issued tile 1 
[2026-05-25 04:19:17.822] [debug] Core [3] : Memory unit idle cycle 1000 Systolic bubble cycle 8424216 Core idle cycle 0 
[2026-05-25 04:19:17.822] [debug] Core [3] : PE Utilization(%) 0.18, Systolic Bubble(%) 51.42, Vector Unit Utilization(%) 0.00, Total cycle: 7000
[2026-05-25 04:19:17.829] [info] HBM2-CH_0: BW utilization 26% (2497 reads, 3 writes)
[2026-05-25 04:19:17.829] [debug] HBM2-CH_1: BW utilization 26% (2496 reads, 2 writes)
[2026-05-25 04:19:17.829] [debug] HBM2-CH_2: BW utilization 26% (2497 reads, 2 writes)
[2026-05-25 04:19:17.829] [debug] HBM2-CH_3: BW utilization 26% (2497 reads, 3 writes)
[2026-05-25 04:19:17.829] [debug] HBM2-CH_4: BW utilization 26% (2496 reads, 2 writes)
[2026-05-25 04:19:17.829] [debug] HBM2-CH_5: BW utilization 26% (2497 reads, 3 writes)
[2026-05-25 04:19:17.829] [debug] HBM2-CH_6: BW utilization 25% (2492 reads, 3 writes)
[2026-05-25 04:19:17.829] [debug] HBM2-CH_7: BW utilization 26% (2496 reads, 2 writes)
[2026-05-25 04:19:17.829] [debug] HBM2-CH_8: BW utilization 26% (2500 reads, 3 writes)
[2026-05-25 04:19:17.829] [debug] HBM2-CH_9: BW utilization 26% (2501 reads, 3 writes)
[2026-05-25 04:19:17.829] [debug] HBM2-CH_10: BW utilization 26% (2502 reads, 3 writes)
[2026-05-25 04:19:17.829] [debug] HBM2-CH_11: BW utilization 26% (2500 reads, 3 writes)
[2026-05-25 04:19:17.829] [debug] HBM2-CH_12: BW utilization 26% (2501 reads, 3 writes)
[2026-05-25 04:19:17.829] [debug] HBM2-CH_13: BW utilization 26% (2499 reads, 3 writes)
[2026-05-25 04:19:17.829] [debug] HBM2-CH_14: BW utilization 26% (2500 reads, 3 writes)
[2026-05-25 04:19:17.829] [debug] HBM2-CH_15: BW utilization 26% (2501 reads, 3 writes)
[2026-05-25 04:19:17.829] [info] Core [0] : MatMul active cycle 998 Vector active cycle 0 
[2026-05-25 04:19:17.829] [info] Core [0] : issued tile 1 
[2026-05-25 04:19:17.829] [info] Core [0] : Memory unit idle cycle 1000 Systolic bubble cycle 8424216 Core idle cycle 0 
[2026-05-25 04:19:17.829] [info] Core [0] : PE Utilization(%) 0.18, Systolic Bubble(%) 51.42, Vector Unit Utilization(%) 0.00, Total cycle: 8000
[2026-05-25 04:19:17.829] [debug] Core [1] : MatMul active cycle 998 Vector active cycle 0 
[2026-05-25 04:19:17.829] [debug] Core [1] : issued tile 1 
[2026-05-25 04:19:17.829] [debug] Core [1] : Memory unit idle cycle 1000 Systolic bubble cycle 8424216 Core idle cycle 0 
[2026-05-25 04:19:17.829] [debug] Core [1] : PE Utilization(%) 0.18, Systolic Bubble(%) 51.42, Vector Unit Utilization(%) 0.00, Total cycle: 8000
[2026-05-25 04:19:17.829] [debug] Core [2] : MatMul active cycle 998 Vector active cycle 0 
[2026-05-25 04:19:17.829] [debug] Core [2] : issued tile 1 
[2026-05-25 04:19:17.829] [debug] Core [2] : Memory unit idle cycle 1000 Systolic bubble cycle 8424216 Core idle cycle 0 
[2026-05-25 04:19:17.829] [debug] Core [2] : PE Utilization(%) 0.18, Systolic Bubble(%) 51.42, Vector Unit Utilization(%) 0.00, Total cycle: 8000
[2026-05-25 04:19:17.829] [debug] Core [3] : MatMul active cycle 999 Vector active cycle 0 
[2026-05-25 04:19:17.829] [debug] Core [3] : issued tile 1 
[2026-05-25 04:19:17.829] [debug] Core [3] : Memory unit idle cycle 1000 Systolic bubble cycle 8244630 Core idle cycle 0 
[2026-05-25 04:19:17.829] [debug] Core [3] : PE Utilization(%) 0.18, Systolic Bubble(%) 50.32, Vector Unit Utilization(%) 0.00, Total cycle: 8000
[2026-05-25 04:19:17.835] [debug] Layer 24 Core 1 Finish Tile at 8995 Remain tile 4
[2026-05-25 04:19:17.835] [debug] Layer 24 Core 0 Finish Tile at 8997 Remain tile 3
[2026-05-25 04:19:17.835] [info] Core [0] : MatMul active cycle 992 Vector active cycle 4 
[2026-05-25 04:19:17.835] [info] Core [0] : issued tile 0 
[2026-05-25 04:19:17.835] [info] Core [0] : Memory unit idle cycle 999 Systolic bubble cycle 8424216 Core idle cycle 0 
[2026-05-25 04:19:17.835] [info] Core [0] : PE Utilization(%) 0.18, Systolic Bubble(%) 51.42, Vector Unit Utilization(%) 0.40, Total cycle: 9000
[2026-05-25 04:19:17.835] [debug] Core [1] : MatMul active cycle 990 Vector active cycle 4 
[2026-05-25 04:19:17.835] [debug] Core [1] : issued tile 0 
[2026-05-25 04:19:17.835] [debug] Core [1] : Memory unit idle cycle 999 Systolic bubble cycle 8424216 Core idle cycle 0 
[2026-05-25 04:19:17.835] [debug] Core [1] : PE Utilization(%) 0.18, Systolic Bubble(%) 51.42, Vector Unit Utilization(%) 0.40, Total cycle: 9000
[2026-05-25 04:19:17.835] [debug] Core [2] : MatMul active cycle 996 Vector active cycle 4 
[2026-05-25 04:19:17.835] [debug] Core [2] : issued tile 1 
[2026-05-25 04:19:17.835] [debug] Core [2] : Memory unit idle cycle 1000 Systolic bubble cycle 8424216 Core idle cycle 0 
[2026-05-25 04:19:17.835] [debug] Core [2] : PE Utilization(%) 0.18, Systolic Bubble(%) 51.42, Vector Unit Utilization(%) 0.40, Total cycle: 9000
[2026-05-25 04:19:17.835] [debug] Core [3] : MatMul active cycle 998 Vector active cycle 2 
[2026-05-25 04:19:17.835] [debug] Core [3] : issued tile 1 
[2026-05-25 04:19:17.835] [debug] Core [3] : Memory unit idle cycle 1000 Systolic bubble cycle 7967088 Core idle cycle 0 
[2026-05-25 04:19:17.835] [debug] Core [3] : PE Utilization(%) 0.17, Systolic Bubble(%) 48.63, Vector Unit Utilization(%) 0.20, Total cycle: 9000
[2026-05-25 04:19:17.835] [debug] Layer 24 Core 2 Finish Tile at 9001 Remain tile 2
[2026-05-25 04:19:17.836] [debug] Layer 24 Core 3 Finish Tile at 9043 Remain tile 1
[2026-05-25 04:19:17.836] [info] Layer layer0.attn.Attention.0 finish at 9043
[2026-05-25 04:19:17.836] [info] Total compute time 7468
[2026-05-25 04:19:17.836] [info] executable layer count 1
[2026-05-25 04:19:17.836] [info] Start layer layer0.attn.Atccat
[2026-05-25 04:19:17.836] [debug] Layer layer0.attn.Atccat Core 1 Get Tile at 9044
[2026-05-25 04:19:17.836] [debug] Layer 26 Core 1 Finish Tile at 9045 Remain tile 1
[2026-05-25 04:19:17.836] [info] Layer layer0.attn.Atccat finish at 9045
[2026-05-25 04:19:17.836] [info] Total compute time 2
[2026-05-25 04:19:17.836] [info] executable layer count 1
[2026-05-25 04:19:17.836] [info] Start layer layer0.attn.proj
[2026-05-25 04:19:17.836] [debug] Layer layer0.attn.proj Core 1 Get Tile at 9045
[2026-05-25 04:19:17.836] [debug] Layer layer0.attn.proj Core 2 Get Tile at 9045
[2026-05-25 04:19:17.879] [debug] Layer 28 Core 2 Finish Tile at 9981 Remain tile 2
[2026-05-25 04:19:17.879] [info] Core [0] : MatMul active cycle 0 Vector active cycle 0 
[2026-05-25 04:19:17.879] [info] Core [0] : issued tile 0 
[2026-05-25 04:19:17.879] [info] Core [0] : Memory unit idle cycle 1000 Systolic bubble cycle 0 Core idle cycle 986 
[2026-05-25 04:19:17.879] [info] Core [0] : PE Utilization(%) 0.00, Systolic Bubble(%) 0.00, Vector Unit Utilization(%) 0.00, Total cycle: 10000
[2026-05-25 04:19:17.879] [debug] Core [1] : MatMul active cycle 620 Vector active cycle 0 
[2026-05-25 04:19:17.879] [debug] Core [1] : issued tile 1 
[2026-05-25 04:19:17.879] [debug] Core [1] : Memory unit idle cycle 882 Systolic bubble cycle 5933440 Core idle cycle 33 
[2026-05-25 04:19:17.879] [debug] Core [1] : PE Utilization(%) 0.29, Systolic Bubble(%) 36.21, Vector Unit Utilization(%) 0.00, Total cycle: 10000
[2026-05-25 04:19:17.879] [debug] Core [2] : MatMul active cycle 641 Vector active cycle 0 
[2026-05-25 04:19:17.879] [debug] Core [2] : issued tile 0 
[2026-05-25 04:19:17.879] [debug] Core [2] : Memory unit idle cycle 901 Systolic bubble cycle 6284080 Core idle cycle 12 
[2026-05-25 04:19:17.879] [debug] Core [2] : PE Utilization(%) 0.25, Systolic Bubble(%) 38.35, Vector Unit Utilization(%) 0.00, Total cycle: 10000
[2026-05-25 04:19:17.879] [debug] Core [3] : MatMul active cycle 39 Vector active cycle 2 
[2026-05-25 04:19:17.879] [debug] Core [3] : issued tile 0 
[2026-05-25 04:19:17.879] [debug] Core [3] : Memory unit idle cycle 999 Systolic bubble cycle 636714 Core idle cycle 940 
[2026-05-25 04:19:17.879] [debug] Core [3] : PE Utilization(%) 0.01, Systolic Bubble(%) 3.89, Vector Unit Utilization(%) 0.20, Total cycle: 10000
[2026-05-25 04:19:17.879] [debug] Layer 28 Core 1 Finish Tile at 10023 Remain tile 1
[2026-05-25 04:19:17.879] [info] Layer layer0.attn.proj finish at 10023
[2026-05-25 04:19:17.879] [info] Total compute time 978
[2026-05-25 04:19:17.879] [info] executable layer count 1
[2026-05-25 04:19:17.879] [info] Start layer layer0.attn.ln
[2026-05-25 04:19:17.879] [debug] Layer layer0.attn.ln Core 2 Get Tile at 10023
[2026-05-25 04:19:17.880] [debug] Layer 30 Core 2 Finish Tile at 10076 Remain tile 1
[2026-05-25 04:19:17.880] [info] Layer layer0.attn.ln finish at 10076
[2026-05-25 04:19:17.880] [info] Total compute time 53
[2026-05-25 04:19:17.880] [info] executable layer count 1
[2026-05-25 04:19:17.880] [info] Start layer layer0.ffn.fc1
[2026-05-25 04:19:17.880] [debug] Layer layer0.ffn.fc1 Core 2 Get Tile at 10076
[2026-05-25 04:19:17.880] [debug] Layer layer0.ffn.fc1 Core 3 Get Tile at 10076
[2026-05-25 04:19:17.880] [debug] Layer layer0.ffn.fc1 Core 0 Get Tile at 10077
[2026-05-25 04:19:17.880] [debug] Layer layer0.ffn.fc1 Core 1 Get Tile at 10077
[2026-05-25 04:19:17.999] [info] Core [0] : MatMul active cycle 376 Vector active cycle 0 
[2026-05-25 04:19:17.999] [info] Core [0] : issued tile 1 
[2026-05-25 04:19:17.999] [info] Core [0] : Memory unit idle cycle 883 Systolic bubble cycle 1966976 Core idle cycle 77 
[2026-05-25 04:19:17.999] [info] Core [0] : PE Utilization(%) 0.09, Systolic Bubble(%) 12.01, Vector Unit Utilization(%) 0.00, Total cycle: 11000
[2026-05-25 04:19:17.999] [debug] Core [1] : MatMul active cycle 397 Vector active cycle 0 
[2026-05-25 04:19:17.999] [debug] Core [1] : issued tile 1 
[2026-05-25 04:19:17.999] [debug] Core [1] : Memory unit idle cycle 882 Systolic bubble cycle 2308352 Core idle cycle 18 
[2026-05-25 04:19:17.999] [debug] Core [1] : PE Utilization(%) 0.11, Systolic Bubble(%) 14.09, Vector Unit Utilization(%) 0.00, Total cycle: 11000
[2026-05-25 04:19:17.999] [debug] Core [2] : MatMul active cycle 372 Vector active cycle 12 
[2026-05-25 04:19:17.999] [debug] Core [2] : issued tile 1 
[2026-05-25 04:19:17.999] [debug] Core [2] : Memory unit idle cycle 880 Systolic bubble cycle 1901952 Core idle cycle 10 
[2026-05-25 04:19:17.999] [debug] Core [2] : PE Utilization(%) 0.09, Systolic Bubble(%) 11.61, Vector Unit Utilization(%) 1.20, Total cycle: 11000
[2026-05-25 04:19:17.999] [debug] Core [3] : MatMul active cycle 381 Vector active cycle 0 
[2026-05-25 04:19:17.999] [debug] Core [3] : issued tile 1 
[2026-05-25 04:19:17.999] [debug] Core [3] : Memory unit idle cycle 883 Systolic bubble cycle 2048256 Core idle cycle 76 
[2026-05-25 04:19:17.999] [debug] Core [3] : PE Utilization(%) 0.10, Systolic Bubble(%) 12.50, Vector Unit Utilization(%) 0.00, Total cycle: 11000
[2026-05-25 04:19:18.000] [debug] Layer 32 Core 3 Finish Tile at 11262 Remain tile 4
[2026-05-25 04:19:18.001] [debug] Layer 32 Core 0 Finish Tile at 11267 Remain tile 3
[2026-05-25 04:19:18.001] [debug] Layer 32 Core 1 Finish Tile at 11267 Remain tile 2
[2026-05-25 04:19:18.001] [debug] Layer 32 Core 2 Finish Tile at 11271 Remain tile 1
[2026-05-25 04:19:18.001] [info] Layer layer0.ffn.fc1 finish at 11271
[2026-05-25 04:19:18.001] [info] Total compute time 1195
[2026-05-25 04:19:18.001] [info] executable layer count 1
[2026-05-25 04:19:18.001] [info] Start layer layer0.ffn.act
[2026-05-25 04:19:18.001] [debug] Layer layer0.ffn.act Core 3 Get Tile at 11271
[2026-05-25 04:19:18.002] [debug] Layer 34 Core 3 Finish Tile at 11316 Remain tile 1
[2026-05-25 04:19:18.002] [info] Layer layer0.ffn.act finish at 11316
[2026-05-25 04:19:18.002] [info] Total compute time 45
[2026-05-25 04:19:18.002] [info] executable layer count 1
[2026-05-25 04:19:18.002] [info] Start layer layer0.ffn.fc2
[2026-05-25 04:19:18.002] [debug] Layer layer0.ffn.fc2 Core 1 Get Tile at 11317
[2026-05-25 04:19:18.002] [debug] Layer layer0.ffn.fc2 Core 2 Get Tile at 11317
[2026-05-25 04:19:18.087] [info] Core [0] : MatMul active cycle 265 Vector active cycle 0 
[2026-05-25 04:19:18.087] [info] Core [0] : issued tile 0 
[2026-05-25 04:19:18.087] [info] Core [0] : Memory unit idle cycle 999 Systolic bubble cycle 4307840 Core idle cycle 698 
[2026-05-25 04:19:18.087] [info] Core [0] : PE Utilization(%) 0.21, Systolic Bubble(%) 26.29, Vector Unit Utilization(%) 0.00, Total cycle: 12000
[2026-05-25 04:19:18.087] [debug] Core [1] : MatMul active cycle 309 Vector active cycle 0 
[2026-05-25 04:19:18.087] [debug] Core [1] : issued tile 1 
[2026-05-25 04:19:18.087] [debug] Core [1] : Memory unit idle cycle 740 Systolic bubble cycle 4307840 Core idle cycle 33 
[2026-05-25 04:19:18.087] [debug] Core [1] : PE Utilization(%) 0.21, Systolic Bubble(%) 26.29, Vector Unit Utilization(%) 0.00, Total cycle: 12000
[2026-05-25 04:19:18.087] [debug] Core [2] : MatMul active cycle 332 Vector active cycle 0 
[2026-05-25 04:19:18.087] [debug] Core [2] : issued tile 1 
[2026-05-25 04:19:18.087] [debug] Core [2] : Memory unit idle cycle 788 Systolic bubble cycle 4372864 Core idle cycle 13 
[2026-05-25 04:19:18.087] [debug] Core [2] : PE Utilization(%) 0.21, Systolic Bubble(%) 26.69, Vector Unit Utilization(%) 0.00, Total cycle: 12000
[2026-05-25 04:19:18.087] [debug] Core [3] : MatMul active cycle 260 Vector active cycle 4 
[2026-05-25 04:19:18.087] [debug] Core [3] : issued tile 0 
[2026-05-25 04:19:18.087] [debug] Core [3] : Memory unit idle cycle 993 Systolic bubble cycle 4226560 Core idle cycle 665 
[2026-05-25 04:19:18.087] [debug] Core [3] : PE Utilization(%) 0.20, Systolic Bubble(%) 25.80, Vector Unit Utilization(%) 0.40, Total cycle: 12000
[2026-05-25 04:19:18.093] [debug] Layer 36 Core 2 Finish Tile at 12836 Remain tile 2
[2026-05-25 04:19:18.093] [debug] Layer 36 Core 1 Finish Tile at 12855 Remain tile 1
[2026-05-25 04:19:18.093] [info] Layer layer0.ffn.fc2 finish at 12855
[2026-05-25 04:19:18.093] [info] Total compute time 1539
[2026-05-25 04:19:18.093] [info] executable layer count 1
[2026-05-25 04:19:18.093] [info] Start layer layer0.ffn.ln
[2026-05-25 04:19:18.093] [debug] Layer layer0.ffn.ln Core 0 Get Tile at 12856
[2026-05-25 04:19:18.094] [debug] Layer 38 Core 0 Finish Tile at 12899 Remain tile 1
[2026-05-25 04:19:18.094] [info] Layer layer0.ffn.ln finish at 12899
[2026-05-25 04:19:18.094] [info] Total compute time 44
[2026-05-25 04:19:18.094] [info] Model[tiny_transformer] Request: 0 us, Start: 0 us, finish:12 us, Current Cycle:12899
[2026-05-25 04:19:18.094] [info] No total_seq_len!
[2026-05-25 04:19:18.094] [info] Total Memory Usage: 0.01 GB
[2026-05-25 04:19:18.094] [info] Weight Memory Usage: 0.01 GB
[2026-05-25 04:19:18.094] [info] KV Memory Usage: 0.00 GB
[2026-05-25 04:19:18.094] [info] Activation Memory Usage: 0.00 GB
[2026-05-25 04:19:18.094] [debug] [Gemm] input_shape: [1, 232]
[2026-05-25 04:19:18.094] [debug] [Gemm] output_shape : [1, 696]
[2026-05-25 04:19:18.094] [info] [GEMM] spad_size: 33554432 accum_size: 4194304
[2026-05-25 04:19:18.094] [info] [GEMM] required_sram_size: 131072 required_accum_size: 32768
[2026-05-25 04:19:18.094] [info] [GEMM] Used mapping: Total N:1 C:232 M:696 | Outer N:1 C:1 M:6 | Inner N:128 C:256 M:128
[2026-05-25 04:19:18.095] [info] [GemmWs] Keys K = 232, N = 1, M = 696
[2026-05-25 04:19:18.095] [info] [GemmWS]: total 0.00032364 GFLOPs, 0.000326192 GB
[2026-05-25 04:19:18.095] [info] [GemmWS]: Theoretical time(ms): 0.0005312573421178968 Compute time: 2.469177307062864e-06 Memory time: 0.0005312573421178968
[2026-05-25 04:19:18.095] [debug] [KVCacheConcat] input_token_lengths: [1]
[2026-05-25 04:19:18.095] [debug] [KVCacheConcat] number of tiles: 1
[2026-05-25 04:19:18.095] [info] [Attention] total_spad_size_per_head: 238380 B
[2026-05-25 04:19:18.095] [info] [Attention] total_acc_size_per_head: 2054 B
[2026-05-25 04:19:18.095] [info] [Attention] q_len: 1, seq_len: 1027, dk: 58, heads per tile 1
[2026-05-25 04:19:18.095] [info] [Attention] Spad size 16777216
[2026-05-25 04:19:18.095] [info] [Attention] Accum spad size 2097152
[2026-05-25 04:19:18.095] [info] Mapping info Total Loop: N4 C58 M1027 S1 R1 Q1 P1 Tile Out Loop: N4 C1 M1 S1 R1 Q1 P1 Tile In Loop: N1 C58 M1027 S1 R1 Q1 P1
[2026-05-25 04:19:18.109] [info] [Attention] QK 0.000476528 GFLOPs
[2026-05-25 04:19:18.109] [info] [Attention] total 0.000994136 GFLOPs, 0.000953984 GB
[2026-05-25 04:19:18.109] [info] [Attention] Theoretical time(ms): 0.0015537199 Compute time: 1.2285888e-05 Memory time: 0.0015537199
[2026-05-25 04:19:18.109] [info] [Attention] QK compute 0.0000ms Softmax compute 0.0000ms SV compute 0.0000ms
[2026-05-25 04:19:18.109] [debug] [Gemm] input_shape: [1, 232]
[2026-05-25 04:19:18.109] [debug] [Gemm] output_shape : [1, 232]
[2026-05-25 04:19:18.109] [info] [GEMM] spad_size: 33554432 accum_size: 4194304
[2026-05-25 04:19:18.109] [info] [GEMM] required_sram_size: 131072 required_accum_size: 32768
[2026-05-25 04:19:18.109] [info] [GEMM] Used mapping: Total N:1 C:232 M:232 | Outer N:1 C:1 M:2 | Inner N:128 C:256 M:128
[2026-05-25 04:19:18.110] [info] [GemmWs] Keys K = 232, N = 1, M = 232
[2026-05-25 04:19:18.110] [info] [GemmWS]: total 0.00010787999 GFLOPs, 0.000109040004 GB
[2026-05-25 04:19:18.110] [info] [GemmWS]: Theoretical time(ms): 0.00017758958392732893 Compute time: 8.230590098357027e-07 Memory time: 0.00017758958392732893
[2026-05-25 04:19:18.110] [info] [SkipLayerNorm] tokens_per_tile: 1
[2026-05-25 04:19:18.110] [debug] [Gemm] input_shape: [1, 232]
[2026-05-25 04:19:18.110] [debug] [Gemm] output_shape : [1, 512]
[2026-05-25 04:19:18.110] [info] [GEMM] spad_size: 33554432 accum_size: 4194304
[2026-05-25 04:19:18.110] [info] [GEMM] required_sram_size: 131072 required_accum_size: 32768
[2026-05-25 04:19:18.110] [info] [GEMM] Used mapping: Total N:1 C:232 M:512 | Outer N:1 C:1 M:4 | Inner N:128 C:256 M:128
[2026-05-25 04:19:18.111] [info] [GemmWs] Keys K = 232, N = 1, M = 512
[2026-05-25 04:19:18.111] [info] [GemmWS]: total 0.000237568 GFLOPs, 0.000239056 GB
[2026-05-25 04:19:18.111] [info] [GemmWS]: Theoretical time(ms): 0.0003893420057465846 Compute time: 1.81250003894462e-06 Memory time: 0.0003893420057465846
[2026-05-25 04:19:18.111] [info] [BiasAct] tokens_per_tile: 1
[2026-05-25 04:19:18.111] [debug] [Gemm] input_shape: [1, 512]
[2026-05-25 04:19:18.111] [debug] [Gemm] output_shape : [1, 232]
[2026-05-25 04:19:18.111] [info] [GEMM] spad_size: 33554432 accum_size: 4194304
[2026-05-25 04:19:18.111] [info] [GEMM] required_sram_size: 262144 required_accum_size: 32768
[2026-05-25 04:19:18.111] [info] [GEMM] Used mapping: Total N:1 C:512 M:232 | Outer N:1 C:1 M:2 | Inner N:128 C:512 M:128
[2026-05-25 04:19:18.112] [info] [GemmWs] Keys K = 512, N = 1, M = 232
[2026-05-25 04:19:18.112] [info] [GemmWS]: total 0.00023779999 GFLOPs, 0.00023952 GB
[2026-05-25 04:19:18.112] [info] [GemmWS]: Theoretical time(ms): 0.00039009771057862963 Compute time: 1.8142699564904774e-06 Memory time: 0.00039009771057862963
[2026-05-25 04:19:18.112] [info] [SkipLayerNorm] tokens_per_tile: 1
[2026-05-25 04:19:18.112] [debug] runnable op, 
[2026-05-25 04:19:18.112] [info]  Model initialization time: 0.018074 seconds
[2026-05-25 04:19:18.112] [info] Schedule model: tiny_transformer at 12901000 us
[2026-05-25 04:19:18.112] [info] MODEL tiny_transformer Scheduled, Total Request: 1
[2026-05-25 04:19:18.112] [info] executable layer count 1
[2026-05-25 04:19:18.112] [info] Start layer layer0.attn.QKVgen
[2026-05-25 04:19:18.112] [debug] Layer layer0.attn.QKVgen Core 0 Get Tile at 12900
[2026-05-25 04:19:18.112] [debug] Layer layer0.attn.QKVgen Core 1 Get Tile at 12900
[2026-05-25 04:19:18.112] [debug] Layer layer0.attn.QKVgen Core 2 Get Tile at 12900
[2026-05-25 04:19:18.112] [debug] Layer layer0.attn.QKVgen Core 3 Get Tile at 12900
[2026-05-25 04:19:18.112] [debug] Layer layer0.attn.QKVgen Core 0 Get Tile at 12901
[2026-05-25 04:19:18.112] [debug] Layer layer0.attn.QKVgen Core 3 Get Tile at 12901
[2026-05-25 04:19:18.136] [info] Core [0] : MatMul active cycle 0 Vector active cycle 12 
[2026-05-25 04:19:18.136] [info] Core [0] : issued tile 2 
[2026-05-25 04:19:18.136] [info] Core [0] : Memory unit idle cycle 898 Systolic bubble cycle 0 Core idle cycle 856 
[2026-05-25 04:19:18.136] [info] Core [0] : PE Utilization(%) 0.00, Systolic Bubble(%) 0.00, Vector Unit Utilization(%) 1.20, Total cycle: 13000
[2026-05-25 04:19:18.136] [debug] Core [1] : MatMul active cycle 853 Vector active cycle 0 
[2026-05-25 04:19:18.136] [debug] Core [1] : issued tile 1 
[2026-05-25 04:19:18.136] [debug] Core [1] : Memory unit idle cycle 900 Systolic bubble cycle 10436352 Core idle cycle 28 
[2026-05-25 04:19:18.136] [debug] Core [1] : PE Utilization(%) 0.50, Systolic Bubble(%) 63.70, Vector Unit Utilization(%) 0.00, Total cycle: 13000
[2026-05-25 04:19:18.136] [debug] Core [2] : MatMul active cycle 834 Vector active cycle 0 
[2026-05-25 04:19:18.136] [debug] Core [2] : issued tile 1 
[2026-05-25 04:19:18.136] [debug] Core [2] : Memory unit idle cycle 900 Systolic bubble cycle 10451760 Core idle cycle 32 
[2026-05-25 04:19:18.136] [debug] Core [2] : PE Utilization(%) 0.41, Systolic Bubble(%) 63.79, Vector Unit Utilization(%) 0.00, Total cycle: 13000
[2026-05-25 04:19:18.136] [debug] Core [3] : MatMul active cycle 0 Vector active cycle 0 
[2026-05-25 04:19:18.136] [debug] Core [3] : issued tile 2 
[2026-05-25 04:19:18.136] [debug] Core [3] : Memory unit idle cycle 901 Systolic bubble cycle 0 Core idle cycle 900 
[2026-05-25 04:19:18.136] [debug] Core [3] : PE Utilization(%) 0.00, Systolic Bubble(%) 0.00, Vector Unit Utilization(%) 0.00, Total cycle: 13000
[2026-05-25 04:19:18.265] [info] Core [0] : MatMul active cycle 412 Vector active cycle 0 
[2026-05-25 04:19:18.265] [info] Core [0] : issued tile 2 
[2026-05-25 04:19:18.265] [info] Core [0] : Memory unit idle cycle 929 Systolic bubble cycle 2552192 Core idle cycle 0 
[2026-05-25 04:19:18.265] [info] Core [0] : PE Utilization(%) 0.12, Systolic Bubble(%) 15.58, Vector Unit Utilization(%) 0.00, Total cycle: 14000
[2026-05-25 04:19:18.265] [debug] Core [1] : MatMul active cycle 460 Vector active cycle 0 
[2026-05-25 04:19:18.265] [debug] Core [1] : issued tile 1 
[2026-05-25 04:19:18.265] [debug] Core [1] : Memory unit idle cycle 981 Systolic bubble cycle 3332480 Core idle cycle 0 
[2026-05-25 04:19:18.265] [debug] Core [1] : PE Utilization(%) 0.16, Systolic Bubble(%) 20.34, Vector Unit Utilization(%) 0.00, Total cycle: 14000
[2026-05-25 04:19:18.265] [debug] Core [2] : MatMul active cycle 459 Vector active cycle 0 
[2026-05-25 04:19:18.265] [debug] Core [2] : issued tile 1 
[2026-05-25 04:19:18.265] [debug] Core [2] : Memory unit idle cycle 981 Systolic bubble cycle 3316224 Core idle cycle 0 
[2026-05-25 04:19:18.265] [debug] Core [2] : PE Utilization(%) 0.16, Systolic Bubble(%) 20.24, Vector Unit Utilization(%) 0.00, Total cycle: 14000
[2026-05-25 04:19:18.265] [debug] Core [3] : MatMul active cycle 438 Vector active cycle 0 
[2026-05-25 04:19:18.265] [debug] Core [3] : issued tile 2 
[2026-05-25 04:19:18.265] [debug] Core [3] : Memory unit idle cycle 863 Systolic bubble cycle 2974848 Core idle cycle 0 
[2026-05-25 04:19:18.265] [debug] Core [3] : PE Utilization(%) 0.14, Systolic Bubble(%) 18.16, Vector Unit Utilization(%) 0.00, Total cycle: 14000
[2026-05-25 04:19:18.266] [debug] Layer 43 Core 1 Finish Tile at 14183 Remain tile 6
[2026-05-25 04:19:18.266] [debug] Layer 43 Core 2 Finish Tile at 14184 Remain tile 5
[2026-05-25 04:19:18.266] [debug] Layer 43 Core 3 Finish Tile at 14205 Remain tile 4
[2026-05-25 04:19:18.267] [debug] Layer 43 Core 0 Finish Tile at 14231 Remain tile 3
[2026-05-25 04:19:18.268] [debug] Layer 43 Core 3 Finish Tile at 14461 Remain tile 2
[2026-05-25 04:19:18.268] [debug] Layer 43 Core 0 Finish Tile at 14487 Remain tile 1
[2026-05-25 04:19:18.268] [info] Layer layer0.attn.QKVgen finish at 14487
[2026-05-25 04:19:18.268] [info] Total compute time 1587
[2026-05-25 04:19:18.268] [info] executable layer count 1
[2026-05-25 04:19:18.268] [info] Start layer layer0.attn.KVccat
[2026-05-25 04:19:18.268] [debug] Layer layer0.attn.KVccat Core 1 Get Tile at 14487
[2026-05-25 04:19:18.268] [debug] Layer 45 Core 1 Finish Tile at 14488 Remain tile 1
[2026-05-25 04:19:18.268] [info] Layer layer0.attn.KVccat finish at 14488
[2026-05-25 04:19:18.268] [info] Total compute time 1
[2026-05-25 04:19:18.268] [info] executable layer count 1
[2026-05-25 04:19:18.268] [info] Start layer layer0.attn.Attention.0
[2026-05-25 04:19:18.268] [debug] Layer layer0.attn.Attention.0 Core 1 Get Tile at 14488
[2026-05-25 04:19:18.268] [debug] Layer layer0.attn.Attention.0 Core 2 Get Tile at 14488
[2026-05-25 04:19:18.268] [debug] Layer layer0.attn.Attention.0 Core 3 Get Tile at 14488
[2026-05-25 04:19:18.268] [debug] Layer layer0.attn.Attention.0 Core 0 Get Tile at 14489
[2026-05-25 04:19:18.392] [info] Core [0] : MatMul active cycle 485 Vector active cycle 0 
[2026-05-25 04:19:18.392] [info] Core [0] : issued tile 1 
[2026-05-25 04:19:18.392] [info] Core [0] : Memory unit idle cycle 532 Systolic bubble cycle 7902592 Core idle cycle 0 
[2026-05-25 04:19:18.392] [info] Core [0] : PE Utilization(%) 0.27, Systolic Bubble(%) 48.23, Vector Unit Utilization(%) 0.00, Total cycle: 15000
[2026-05-25 04:19:18.392] [debug] Core [1] : MatMul active cycle 181 Vector active cycle 0 
[2026-05-25 04:19:18.392] [debug] Core [1] : issued tile 1 
[2026-05-25 04:19:18.392] [debug] Core [1] : Memory unit idle cycle 533 Systolic bubble cycle 2942336 Core idle cycle 273 
[2026-05-25 04:19:18.392] [debug] Core [1] : PE Utilization(%) 0.14, Systolic Bubble(%) 17.96, Vector Unit Utilization(%) 0.00, Total cycle: 15000
[2026-05-25 04:19:18.392] [debug] Core [2] : MatMul active cycle 182 Vector active cycle 0 
[2026-05-25 04:19:18.392] [debug] Core [2] : issued tile 1 
[2026-05-25 04:19:18.392] [debug] Core [2] : Memory unit idle cycle 533 Systolic bubble cycle 2958592 Core idle cycle 272 
[2026-05-25 04:19:18.392] [debug] Core [2] : PE Utilization(%) 0.14, Systolic Bubble(%) 18.06, Vector Unit Utilization(%) 0.00, Total cycle: 15000
[2026-05-25 04:19:18.392] [debug] Core [3] : MatMul active cycle 459 Vector active cycle 0 
[2026-05-25 04:19:18.392] [debug] Core [3] : issued tile 1 
[2026-05-25 04:19:18.392] [debug] Core [3] : Memory unit idle cycle 532 Systolic bubble cycle 7461504 Core idle cycle 10 
[2026-05-25 04:19:18.392] [debug] Core [3] : PE Utilization(%) 0.36, Systolic Bubble(%) 45.54, Vector Unit Utilization(%) 0.00, Total cycle: 15000
[2026-05-25 04:19:18.618] [info] HBM2-CH_0: BW utilization 32% (3149 reads, 12 writes)
[2026-05-25 04:19:18.618] [debug] HBM2-CH_1: BW utilization 33% (3156 reads, 12 writes)
[2026-05-25 04:19:18.618] [debug] HBM2-CH_2: BW utilization 33% (3173 reads, 12 writes)
[2026-05-25 04:19:18.618] [debug] HBM2-CH_3: BW utilization 33% (3176 reads, 13 writes)
[2026-05-25 04:19:18.618] [debug] HBM2-CH_4: BW utilization 32% (3154 reads, 12 writes)
[2026-05-25 04:19:18.618] [debug] HBM2-CH_5: BW utilization 32% (3153 reads, 11 writes)
[2026-05-25 04:19:18.618] [debug] HBM2-CH_6: BW utilization 33% (3169 reads, 11 writes)
[2026-05-25 04:19:18.618] [debug] HBM2-CH_7: BW utilization 33% (3156 reads, 13 writes)
[2026-05-25 04:19:18.618] [debug] HBM2-CH_8: BW utilization 33% (3161 reads, 10 writes)
[2026-05-25 04:19:18.618] [debug] HBM2-CH_9: BW utilization 33% (3156 reads, 12 writes)
[2026-05-25 04:19:18.618] [debug] HBM2-CH_10: BW utilization 33% (3173 reads, 11 writes)
[2026-05-25 04:19:18.618] [debug] HBM2-CH_11: BW utilization 33% (3161 reads, 11 writes)
[2026-05-25 04:19:18.618] [debug] HBM2-CH_12: BW utilization 33% (3177 reads, 12 writes)
[2026-05-25 04:19:18.618] [debug] HBM2-CH_13: BW utilization 33% (3168 reads, 11 writes)
[2026-05-25 04:19:18.618] [debug] HBM2-CH_14: BW utilization 33% (3179 reads, 10 writes)
[2026-05-25 04:19:18.618] [debug] HBM2-CH_15: BW utilization 33% (3176 reads, 13 writes)
[2026-05-25 04:19:18.619] [info] Core [0] : MatMul active cycle 250 Vector active cycle 0 
[2026-05-25 04:19:18.619] [info] Core [0] : issued tile 1 
[2026-05-25 04:19:18.619] [info] Core [0] : Memory unit idle cycle 1000 Systolic bubble cycle 0 Core idle cycle 0 
[2026-05-25 04:19:18.619] [info] Core [0] : PE Utilization(%) 0.00, Systolic Bubble(%) 0.00, Vector Unit Utilization(%) 0.00, Total cycle: 16000
[2026-05-25 04:19:18.619] [debug] Core [1] : MatMul active cycle 165 Vector active cycle 0 
[2026-05-25 04:19:18.619] [debug] Core [1] : issued tile 1 
[2026-05-25 04:19:18.619] [debug] Core [1] : Memory unit idle cycle 1000 Systolic bubble cycle 0 Core idle cycle 0 
[2026-05-25 04:19:18.619] [debug] Core [1] : PE Utilization(%) 0.00, Systolic Bubble(%) 0.00, Vector Unit Utilization(%) 0.00, Total cycle: 16000
[2026-05-25 04:19:18.619] [debug] Core [2] : MatMul active cycle 172 Vector active cycle 0 
[2026-05-25 04:19:18.619] [debug] Core [2] : issued tile 1 
[2026-05-25 04:19:18.619] [debug] Core [2] : Memory unit idle cycle 1000 Systolic bubble cycle 0 Core idle cycle 0 
[2026-05-25 04:19:18.619] [debug] Core [2] : PE Utilization(%) 0.00, Systolic Bubble(%) 0.00, Vector Unit Utilization(%) 0.00, Total cycle: 16000
[2026-05-25 04:19:18.619] [debug] Core [3] : MatMul active cycle 191 Vector active cycle 0 
[2026-05-25 04:19:18.619] [debug] Core [3] : issued tile 1 
[2026-05-25 04:19:18.619] [debug] Core [3] : Memory unit idle cycle 1000 Systolic bubble cycle 0 Core idle cycle 0 
[2026-05-25 04:19:18.619] [debug] Core [3] : PE Utilization(%) 0.00, Systolic Bubble(%) 0.00, Vector Unit Utilization(%) 0.00, Total cycle: 16000
[2026-05-25 04:19:18.729] [info] Core [0] : MatMul active cycle 1000 Vector active cycle 0 
[2026-05-25 04:19:18.729] [info] Core [0] : issued tile 1 
[2026-05-25 04:19:18.729] [info] Core [0] : Memory unit idle cycle 1000 Systolic bubble cycle 16174720 Core idle cycle 0 
[2026-05-25 04:19:18.729] [info] Core [0] : PE Utilization(%) 0.78, Systolic Bubble(%) 98.72, Vector Unit Utilization(%) 0.00, Total cycle: 17000
[2026-05-25 04:19:18.729] [debug] Core [1] : MatMul active cycle 1000 Vector active cycle 0 
[2026-05-25 04:19:18.729] [debug] Core [1] : issued tile 1 
[2026-05-25 04:19:18.729] [debug] Core [1] : Memory unit idle cycle 1000 Systolic bubble cycle 14792960 Core idle cycle 0 
[2026-05-25 04:19:18.729] [debug] Core [1] : PE Utilization(%) 0.71, Systolic Bubble(%) 90.29, Vector Unit Utilization(%) 0.00, Total cycle: 17000
[2026-05-25 04:19:18.729] [debug] Core [2] : MatMul active cycle 1000 Vector active cycle 0 
[2026-05-25 04:19:18.729] [debug] Core [2] : issued tile 1 
[2026-05-25 04:19:18.729] [debug] Core [2] : Memory unit idle cycle 1000 Systolic bubble cycle 14906752 Core idle cycle 0 
[2026-05-25 04:19:18.729] [debug] Core [2] : PE Utilization(%) 0.72, Systolic Bubble(%) 90.98, Vector Unit Utilization(%) 0.00, Total cycle: 17000
[2026-05-25 04:19:18.729] [debug] Core [3] : MatMul active cycle 1000 Vector active cycle 0 
[2026-05-25 04:19:18.729] [debug] Core [3] : issued tile 1 
[2026-05-25 04:19:18.729] [debug] Core [3] : Memory unit idle cycle 1000 Systolic bubble cycle 15215616 Core idle cycle 0 
[2026-05-25 04:19:18.729] [debug] Core [3] : PE Utilization(%) 0.73, Systolic Bubble(%) 92.87, Vector Unit Utilization(%) 0.00, Total cycle: 17000
[2026-05-25 04:19:18.736] [info] Core [0] : MatMul active cycle 984 Vector active cycle 14 
[2026-05-25 04:19:18.736] [info] Core [0] : issued tile 1 
[2026-05-25 04:19:18.736] [info] Core [0] : Memory unit idle cycle 1000 Systolic bubble cycle 8893580 Core idle cycle 0 
[2026-05-25 04:19:18.736] [info] Core [0] : PE Utilization(%) 0.22, Systolic Bubble(%) 54.28, Vector Unit Utilization(%) 1.40, Total cycle: 18000
[2026-05-25 04:19:18.736] [debug] Core [1] : MatMul active cycle 984 Vector active cycle 14 
[2026-05-25 04:19:18.736] [debug] Core [1] : issued tile 1 
[2026-05-25 04:19:18.736] [debug] Core [1] : Memory unit idle cycle 1000 Systolic bubble cycle 10275340 Core idle cycle 0 
[2026-05-25 04:19:18.736] [debug] Core [1] : PE Utilization(%) 0.28, Systolic Bubble(%) 62.72, Vector Unit Utilization(%) 1.40, Total cycle: 18000
[2026-05-25 04:19:18.736] [debug] Core [2] : MatMul active cycle 984 Vector active cycle 14 
[2026-05-25 04:19:18.736] [debug] Core [2] : issued tile 1 
[2026-05-25 04:19:18.736] [debug] Core [2] : Memory unit idle cycle 1000 Systolic bubble cycle 10161548 Core idle cycle 0 
[2026-05-25 04:19:18.736] [debug] Core [2] : PE Utilization(%) 0.28, Systolic Bubble(%) 62.02, Vector Unit Utilization(%) 1.40, Total cycle: 18000
[2026-05-25 04:19:18.736] [debug] Core [3] : MatMul active cycle 984 Vector active cycle 14 
[2026-05-25 04:19:18.736] [debug] Core [3] : issued tile 1 
[2026-05-25 04:19:18.736] [debug] Core [3] : Memory unit idle cycle 1000 Systolic bubble cycle 9852684 Core idle cycle 0 
[2026-05-25 04:19:18.736] [debug] Core [3] : PE Utilization(%) 0.26, Systolic Bubble(%) 60.14, Vector Unit Utilization(%) 1.40, Total cycle: 18000
[2026-05-25 04:19:18.743] [info] Core [0] : MatMul active cycle 998 Vector active cycle 0 
[2026-05-25 04:19:18.743] [info] Core [0] : issued tile 1 
[2026-05-25 04:19:18.743] [info] Core [0] : Memory unit idle cycle 1000 Systolic bubble cycle 8424216 Core idle cycle 0 
[2026-05-25 04:19:18.743] [info] Core [0] : PE Utilization(%) 0.18, Systolic Bubble(%) 51.42, Vector Unit Utilization(%) 0.00, Total cycle: 19000
[2026-05-25 04:19:18.743] [debug] Core [1] : MatMul active cycle 998 Vector active cycle 0 
[2026-05-25 04:19:18.743] [debug] Core [1] : issued tile 1 
[2026-05-25 04:19:18.743] [debug] Core [1] : Memory unit idle cycle 1000 Systolic bubble cycle 8424216 Core idle cycle 0 
[2026-05-25 04:19:18.743] [debug] Core [1] : PE Utilization(%) 0.18, Systolic Bubble(%) 51.42, Vector Unit Utilization(%) 0.00, Total cycle: 19000
[2026-05-25 04:19:18.743] [debug] Core [2] : MatMul active cycle 998 Vector active cycle 0 
[2026-05-25 04:19:18.743] [debug] Core [2] : issued tile 1 
[2026-05-25 04:19:18.743] [debug] Core [2] : Memory unit idle cycle 1000 Systolic bubble cycle 8424216 Core idle cycle 0 
[2026-05-25 04:19:18.743] [debug] Core [2] : PE Utilization(%) 0.18, Systolic Bubble(%) 51.42, Vector Unit Utilization(%) 0.00, Total cycle: 19000
[2026-05-25 04:19:18.743] [debug] Core [3] : MatMul active cycle 998 Vector active cycle 0 
[2026-05-25 04:19:18.743] [debug] Core [3] : issued tile 1 
[2026-05-25 04:19:18.743] [debug] Core [3] : Memory unit idle cycle 1000 Systolic bubble cycle 8424216 Core idle cycle 0 
[2026-05-25 04:19:18.743] [debug] Core [3] : PE Utilization(%) 0.18, Systolic Bubble(%) 51.42, Vector Unit Utilization(%) 0.00, Total cycle: 19000
[2026-05-25 04:19:18.749] [info] Core [0] : MatMul active cycle 998 Vector active cycle 0 
[2026-05-25 04:19:18.749] [info] Core [0] : issued tile 1 
[2026-05-25 04:19:18.749] [info] Core [0] : Memory unit idle cycle 1000 Systolic bubble cycle 8424216 Core idle cycle 0 
[2026-05-25 04:19:18.749] [info] Core [0] : PE Utilization(%) 0.18, Systolic Bubble(%) 51.42, Vector Unit Utilization(%) 0.00, Total cycle: 20000
[2026-05-25 04:19:18.749] [debug] Core [1] : MatMul active cycle 998 Vector active cycle 0 
[2026-05-25 04:19:18.749] [debug] Core [1] : issued tile 1 
[2026-05-25 04:19:18.749] [debug] Core [1] : Memory unit idle cycle 1000 Systolic bubble cycle 8424216 Core idle cycle 0 
[2026-05-25 04:19:18.749] [debug] Core [1] : PE Utilization(%) 0.18, Systolic Bubble(%) 51.42, Vector Unit Utilization(%) 0.00, Total cycle: 20000
[2026-05-25 04:19:18.749] [debug] Core [2] : MatMul active cycle 998 Vector active cycle 0 
[2026-05-25 04:19:18.749] [debug] Core [2] : issued tile 1 
[2026-05-25 04:19:18.749] [debug] Core [2] : Memory unit idle cycle 1000 Systolic bubble cycle 8424216 Core idle cycle 0 
[2026-05-25 04:19:18.749] [debug] Core [2] : PE Utilization(%) 0.18, Systolic Bubble(%) 51.42, Vector Unit Utilization(%) 0.00, Total cycle: 20000
[2026-05-25 04:19:18.749] [debug] Core [3] : MatMul active cycle 998 Vector active cycle 0 
[2026-05-25 04:19:18.749] [debug] Core [3] : issued tile 1 
[2026-05-25 04:19:18.749] [debug] Core [3] : Memory unit idle cycle 1000 Systolic bubble cycle 8424216 Core idle cycle 0 
[2026-05-25 04:19:18.749] [debug] Core [3] : PE Utilization(%) 0.18, Systolic Bubble(%) 51.42, Vector Unit Utilization(%) 0.00, Total cycle: 20000
[2026-05-25 04:19:18.756] [info] Core [0] : MatMul active cycle 998 Vector active cycle 0 
[2026-05-25 04:19:18.756] [info] Core [0] : issued tile 1 
[2026-05-25 04:19:18.756] [info] Core [0] : Memory unit idle cycle 1000 Systolic bubble cycle 8424216 Core idle cycle 0 
[2026-05-25 04:19:18.756] [info] Core [0] : PE Utilization(%) 0.18, Systolic Bubble(%) 51.42, Vector Unit Utilization(%) 0.00, Total cycle: 21000
[2026-05-25 04:19:18.756] [debug] Core [1] : MatMul active cycle 998 Vector active cycle 0 
[2026-05-25 04:19:18.756] [debug] Core [1] : issued tile 1 
[2026-05-25 04:19:18.756] [debug] Core [1] : Memory unit idle cycle 1000 Systolic bubble cycle 8424216 Core idle cycle 0 
[2026-05-25 04:19:18.756] [debug] Core [1] : PE Utilization(%) 0.18, Systolic Bubble(%) 51.42, Vector Unit Utilization(%) 0.00, Total cycle: 21000
[2026-05-25 04:19:18.756] [debug] Core [2] : MatMul active cycle 998 Vector active cycle 0 
[2026-05-25 04:19:18.756] [debug] Core [2] : issued tile 1 
[2026-05-25 04:19:18.756] [debug] Core [2] : Memory unit idle cycle 1000 Systolic bubble cycle 8424216 Core idle cycle 0 
[2026-05-25 04:19:18.756] [debug] Core [2] : PE Utilization(%) 0.18, Systolic Bubble(%) 51.42, Vector Unit Utilization(%) 0.00, Total cycle: 21000
[2026-05-25 04:19:18.756] [debug] Core [3] : MatMul active cycle 998 Vector active cycle 0 
[2026-05-25 04:19:18.756] [debug] Core [3] : issued tile 1 
[2026-05-25 04:19:18.756] [debug] Core [3] : Memory unit idle cycle 1000 Systolic bubble cycle 8424216 Core idle cycle 0 
[2026-05-25 04:19:18.756] [debug] Core [3] : PE Utilization(%) 0.18, Systolic Bubble(%) 51.42, Vector Unit Utilization(%) 0.00, Total cycle: 21000
[2026-05-25 04:19:18.762] [debug] Layer 49 Core 0 Finish Tile at 21931 Remain tile 4
[2026-05-25 04:19:18.763] [debug] Layer 49 Core 3 Finish Tile at 21990 Remain tile 3
[2026-05-25 04:19:18.763] [info] Core [0] : MatMul active cycle 926 Vector active cycle 4 
[2026-05-25 04:19:18.763] [info] Core [0] : issued tile 0 
[2026-05-25 04:19:18.763] [info] Core [0] : Memory unit idle cycle 999 Systolic bubble cycle 8424216 Core idle cycle 37 
[2026-05-25 04:19:18.763] [info] Core [0] : PE Utilization(%) 0.18, Systolic Bubble(%) 51.42, Vector Unit Utilization(%) 0.40, Total cycle: 22000
[2026-05-25 04:19:18.763] [debug] Core [1] : MatMul active cycle 999 Vector active cycle 2 
[2026-05-25 04:19:18.763] [debug] Core [1] : issued tile 1 
[2026-05-25 04:19:18.763] [debug] Core [1] : Memory unit idle cycle 1000 Systolic bubble cycle 8228304 Core idle cycle 0 
[2026-05-25 04:19:18.763] [debug] Core [1] : PE Utilization(%) 0.18, Systolic Bubble(%) 50.22, Vector Unit Utilization(%) 0.20, Total cycle: 22000
[2026-05-25 04:19:18.763] [debug] Core [2] : MatMul active cycle 999 Vector active cycle 2 
[2026-05-25 04:19:18.763] [debug] Core [2] : issued tile 1 
[2026-05-25 04:19:18.763] [debug] Core [2] : Memory unit idle cycle 1000 Systolic bubble cycle 8342586 Core idle cycle 0 
[2026-05-25 04:19:18.763] [debug] Core [2] : PE Utilization(%) 0.18, Systolic Bubble(%) 50.92, Vector Unit Utilization(%) 0.20, Total cycle: 22000
[2026-05-25 04:19:18.763] [debug] Core [3] : MatMul active cycle 985 Vector active cycle 4 
[2026-05-25 04:19:18.763] [debug] Core [3] : issued tile 0 
[2026-05-25 04:19:18.763] [debug] Core [3] : Memory unit idle cycle 999 Systolic bubble cycle 8424216 Core idle cycle 0 
[2026-05-25 04:19:18.763] [debug] Core [3] : PE Utilization(%) 0.18, Systolic Bubble(%) 51.42, Vector Unit Utilization(%) 0.40, Total cycle: 22000
[2026-05-25 04:19:18.763] [debug] Layer 49 Core 2 Finish Tile at 22009 Remain tile 2
[2026-05-25 04:19:18.763] [debug] Layer 49 Core 1 Finish Tile at 22016 Remain tile 1
[2026-05-25 04:19:18.763] [info] Layer layer0.attn.Attention.0 finish at 22016
[2026-05-25 04:19:18.763] [info] Total compute time 7528
[2026-05-25 04:19:18.763] [info] executable layer count 1
[2026-05-25 04:19:18.763] [info] Start layer layer0.attn.Atccat
[2026-05-25 04:19:18.763] [debug] Layer layer0.attn.Atccat Core 2 Get Tile at 22016
[2026-05-25 04:19:18.763] [debug] Layer 51 Core 2 Finish Tile at 22017 Remain tile 1
[2026-05-25 04:19:18.763] [info] Layer layer0.attn.Atccat finish at 22017
[2026-05-25 04:19:18.763] [info] Total compute time 1
[2026-05-25 04:19:18.763] [info] executable layer count 1
[2026-05-25 04:19:18.763] [info] Start layer layer0.attn.proj
[2026-05-25 04:19:18.763] [debug] Layer layer0.attn.proj Core 3 Get Tile at 22017
[2026-05-25 04:19:18.763] [debug] Layer layer0.attn.proj Core 0 Get Tile at 22018
[2026-05-25 04:19:18.806] [debug] Layer 53 Core 0 Finish Tile at 22948 Remain tile 2
[2026-05-25 04:19:18.806] [debug] Layer 53 Core 3 Finish Tile at 22956 Remain tile 1
[2026-05-25 04:19:18.806] [info] Layer layer0.attn.proj finish at 22956
[2026-05-25 04:19:18.806] [info] Total compute time 939
[2026-05-25 04:19:18.806] [info] executable layer count 1
[2026-05-25 04:19:18.806] [info] Start layer layer0.attn.ln
[2026-05-25 04:19:18.806] [debug] Layer layer0.attn.ln Core 3 Get Tile at 22956
[2026-05-25 04:19:18.807] [info] Core [0] : MatMul active cycle 641 Vector active cycle 0 
[2026-05-25 04:19:18.807] [info] Core [0] : issued tile 0 
[2026-05-25 04:19:18.807] [info] Core [0] : Memory unit idle cycle 902 Systolic bubble cycle 6284080 Core idle cycle 38 
[2026-05-25 04:19:18.807] [info] Core [0] : PE Utilization(%) 0.25, Systolic Bubble(%) 38.35, Vector Unit Utilization(%) 0.00, Total cycle: 23000
[2026-05-25 04:19:18.807] [debug] Core [1] : MatMul active cycle 12 Vector active cycle 2 
[2026-05-25 04:19:18.807] [debug] Core [1] : issued tile 0 
[2026-05-25 04:19:18.807] [debug] Core [1] : Memory unit idle cycle 999 Systolic bubble cycle 195912 Core idle cycle 695 
[2026-05-25 04:19:18.807] [debug] Core [1] : PE Utilization(%) 0.00, Systolic Bubble(%) 1.20, Vector Unit Utilization(%) 0.20, Total cycle: 23000
[2026-05-25 04:19:18.807] [debug] Core [2] : MatMul active cycle 5 Vector active cycle 2 
[2026-05-25 04:19:18.807] [debug] Core [2] : issued tile 0 
[2026-05-25 04:19:18.807] [debug] Core [2] : Memory unit idle cycle 999 Systolic bubble cycle 81630 Core idle cycle 959 
[2026-05-25 04:19:18.807] [debug] Core [2] : PE Utilization(%) 0.00, Systolic Bubble(%) 0.50, Vector Unit Utilization(%) 0.20, Total cycle: 23000
[2026-05-25 04:19:18.807] [debug] Core [3] : MatMul active cycle 641 Vector active cycle 0 
[2026-05-25 04:19:18.807] [debug] Core [3] : issued tile 1 
[2026-05-25 04:19:18.807] [debug] Core [3] : Memory unit idle cycle 879 Systolic bubble cycle 6274816 Core idle cycle 10 
[2026-05-25 04:19:18.807] [debug] Core [3] : PE Utilization(%) 0.30, Systolic Bubble(%) 38.30, Vector Unit Utilization(%) 0.00, Total cycle: 23000
[2026-05-25 04:19:18.807] [debug] Layer 55 Core 3 Finish Tile at 23009 Remain tile 1
[2026-05-25 04:19:18.807] [info] Layer layer0.attn.ln finish at 23009
[2026-05-25 04:19:18.807] [info] Total compute time 53
[2026-05-25 04:19:18.807] [info] executable layer count 1
[2026-05-25 04:19:18.807] [info] Start layer layer0.ffn.fc1
[2026-05-25 04:19:18.807] [debug] Layer layer0.ffn.fc1 Core 3 Get Tile at 23009
[2026-05-25 04:19:18.807] [debug] Layer layer0.ffn.fc1 Core 0 Get Tile at 23010
[2026-05-25 04:19:18.807] [debug] Layer layer0.ffn.fc1 Core 1 Get Tile at 23010
[2026-05-25 04:19:18.807] [debug] Layer layer0.ffn.fc1 Core 2 Get Tile at 23010
[2026-05-25 04:19:18.927] [info] HBM2-CH_0: BW utilization 12% (1193 reads, 4 writes)
[2026-05-25 04:19:18.927] [debug] HBM2-CH_1: BW utilization 12% (1187 reads, 3 writes)
[2026-05-25 04:19:18.927] [debug] HBM2-CH_2: BW utilization 12% (1169 reads, 3 writes)
[2026-05-25 04:19:18.927] [debug] HBM2-CH_3: BW utilization 12% (1168 reads, 3 writes)
[2026-05-25 04:19:18.927] [debug] HBM2-CH_4: BW utilization 12% (1180 reads, 2 writes)
[2026-05-25 04:19:18.927] [debug] HBM2-CH_5: BW utilization 12% (1187 reads, 3 writes)
[2026-05-25 04:19:18.927] [debug] HBM2-CH_6: BW utilization 12% (1174 reads, 3 writes)
[2026-05-25 04:19:18.927] [debug] HBM2-CH_7: BW utilization 12% (1183 reads, 2 writes)
[2026-05-25 04:19:18.927] [debug] HBM2-CH_8: BW utilization 12% (1180 reads, 4 writes)
[2026-05-25 04:19:18.927] [debug] HBM2-CH_9: BW utilization 12% (1189 reads, 3 writes)
[2026-05-25 04:19:18.927] [debug] HBM2-CH_10: BW utilization 12% (1168 reads, 2 writes)
[2026-05-25 04:19:18.927] [debug] HBM2-CH_11: BW utilization 12% (1180 reads, 3 writes)
[2026-05-25 04:19:18.927] [debug] HBM2-CH_12: BW utilization 12% (1171 reads, 4 writes)
[2026-05-25 04:19:18.927] [debug] HBM2-CH_13: BW utilization 12% (1174 reads, 3 writes)
[2026-05-25 04:19:18.927] [debug] HBM2-CH_14: BW utilization 12% (1161 reads, 3 writes)
[2026-05-25 04:19:18.927] [debug] HBM2-CH_15: BW utilization 12% (1170 reads, 3 writes)
[2026-05-25 04:19:18.927] [info] Core [0] : MatMul active cycle 441 Vector active cycle 0 
[2026-05-25 04:19:18.927] [info] Core [0] : issued tile 1 
[2026-05-25 04:19:18.927] [info] Core [0] : Memory unit idle cycle 883 Systolic bubble cycle 3023616 Core idle cycle 10 
[2026-05-25 04:19:18.927] [info] Core [0] : PE Utilization(%) 0.15, Systolic Bubble(%) 18.45, Vector Unit Utilization(%) 0.00, Total cycle: 24000
[2026-05-25 04:19:18.927] [debug] Core [1] : MatMul active cycle 451 Vector active cycle 0 
[2026-05-25 04:19:18.927] [debug] Core [1] : issued tile 1 
[2026-05-25 04:19:18.927] [debug] Core [1] : Memory unit idle cycle 883 Systolic bubble cycle 3186176 Core idle cycle 10 
[2026-05-25 04:19:18.927] [debug] Core [1] : PE Utilization(%) 0.15, Systolic Bubble(%) 19.45, Vector Unit Utilization(%) 0.00, Total cycle: 24000
[2026-05-25 04:19:18.927] [debug] Core [2] : MatMul active cycle 439 Vector active cycle 0 
[2026-05-25 04:19:18.927] [debug] Core [2] : issued tile 1 
[2026-05-25 04:19:18.927] [debug] Core [2] : Memory unit idle cycle 883 Systolic bubble cycle 2991104 Core idle cycle 10 
[2026-05-25 04:19:18.927] [debug] Core [2] : PE Utilization(%) 0.14, Systolic Bubble(%) 18.26, Vector Unit Utilization(%) 0.00, Total cycle: 24000
[2026-05-25 04:19:18.927] [debug] Core [3] : MatMul active cycle 444 Vector active cycle 12 
[2026-05-25 04:19:18.927] [debug] Core [3] : issued tile 1 
[2026-05-25 04:19:18.927] [debug] Core [3] : Memory unit idle cycle 882 Systolic bubble cycle 3072384 Core idle cycle 0 
[2026-05-25 04:19:18.927] [debug] Core [3] : PE Utilization(%) 0.15, Systolic Bubble(%) 18.75, Vector Unit Utilization(%) 1.20, Total cycle: 24000
[2026-05-25 04:19:18.928] [debug] Layer 57 Core 1 Finish Tile at 24192 Remain tile 4
[2026-05-25 04:19:18.928] [debug] Layer 57 Core 3 Finish Tile at 24199 Remain tile 3
[2026-05-25 04:19:18.928] [debug] Layer 57 Core 0 Finish Tile at 24202 Remain tile 2
[2026-05-25 04:19:18.928] [debug] Layer 57 Core 2 Finish Tile at 24204 Remain tile 1
[2026-05-25 04:19:18.928] [info] Layer layer0.ffn.fc1 finish at 24204
[2026-05-25 04:19:18.928] [info] Total compute time 1195
[2026-05-25 04:19:18.928] [info] executable layer count 1
[2026-05-25 04:19:18.929] [info] Start layer layer0.ffn.act
[2026-05-25 04:19:18.929] [debug] Layer layer0.ffn.act Core 0 Get Tile at 24205
[2026-05-25 04:19:18.930] [debug] Layer 59 Core 0 Finish Tile at 24246 Remain tile 1
[2026-05-25 04:19:18.930] [info] Layer layer0.ffn.act finish at 24246
[2026-05-25 04:19:18.930] [info] Total compute time 42
[2026-05-25 04:19:18.930] [info] executable layer count 1
[2026-05-25 04:19:18.930] [info] Start layer layer0.ffn.fc2
[2026-05-25 04:19:18.930] [debug] Layer layer0.ffn.fc2 Core 0 Get Tile at 24246
[2026-05-25 04:19:18.930] [debug] Layer layer0.ffn.fc2 Core 3 Get Tile at 24246
[2026-05-25 04:19:19.016] [info] Core [0] : MatMul active cycle 349 Vector active cycle 4 
[2026-05-25 04:19:19.016] [info] Core [0] : issued tile 1 
[2026-05-25 04:19:19.016] [info] Core [0] : Memory unit idle cycle 782 Systolic bubble cycle 3251200 Core idle cycle 0 
[2026-05-25 04:19:19.016] [info] Core [0] : PE Utilization(%) 0.16, Systolic Bubble(%) 19.84, Vector Unit Utilization(%) 0.40, Total cycle: 25000
[2026-05-25 04:19:19.016] [debug] Core [1] : MatMul active cycle 190 Vector active cycle 0 
[2026-05-25 04:19:19.016] [debug] Core [1] : issued tile 0 
[2026-05-25 04:19:19.016] [debug] Core [1] : Memory unit idle cycle 999 Systolic bubble cycle 3088640 Core idle cycle 791 
[2026-05-25 04:19:19.016] [debug] Core [1] : PE Utilization(%) 0.15, Systolic Bubble(%) 18.85, Vector Unit Utilization(%) 0.00, Total cycle: 25000
[2026-05-25 04:19:19.016] [debug] Core [2] : MatMul active cycle 202 Vector active cycle 0 
[2026-05-25 04:19:19.016] [debug] Core [2] : issued tile 0 
[2026-05-25 04:19:19.016] [debug] Core [2] : Memory unit idle cycle 999 Systolic bubble cycle 3283712 Core idle cycle 764 
[2026-05-25 04:19:19.016] [debug] Core [2] : PE Utilization(%) 0.16, Systolic Bubble(%) 20.04, Vector Unit Utilization(%) 0.00, Total cycle: 25000
[2026-05-25 04:19:19.016] [debug] Core [3] : MatMul active cycle 319 Vector active cycle 0 
[2026-05-25 04:19:19.016] [debug] Core [3] : issued tile 1 
[2026-05-25 04:19:19.016] [debug] Core [3] : Memory unit idle cycle 740 Systolic bubble cycle 3202432 Core idle cycle 30 
[2026-05-25 04:19:19.016] [debug] Core [3] : PE Utilization(%) 0.15, Systolic Bubble(%) 19.55, Vector Unit Utilization(%) 0.00, Total cycle: 25000
[2026-05-25 04:19:19.021] [debug] Layer 61 Core 0 Finish Tile at 25750 Remain tile 2
[2026-05-25 04:19:19.021] [debug] Layer 61 Core 3 Finish Tile at 25777 Remain tile 1
[2026-05-25 04:19:19.021] [info] Layer layer0.ffn.fc2 finish at 25777
[2026-05-25 04:19:19.021] [info] Total compute time 1531
[2026-05-25 04:19:19.021] [info] executable layer count 1
[2026-05-25 04:19:19.021] [info] Start layer layer0.ffn.ln
[2026-05-25 04:19:19.021] [debug] Layer layer0.ffn.ln Core 1 Get Tile at 25778
[2026-05-25 04:19:19.022] [debug] Layer 63 Core 1 Finish Tile at 25829 Remain tile 1
[2026-05-25 04:19:19.022] [info] Layer layer0.ffn.ln finish at 25829
[2026-05-25 04:19:19.022] [info] Total compute time 52
[2026-05-25 04:19:19.022] [info] Model[tiny_transformer] Request: 12 us, Start: 12 us, finish:25 us, Current Cycle:25829
[2026-05-25 04:19:19.022] [info] Request 0 completed in 25829 cycles
[2026-05-25 04:19:19.022] [info] No total_seq_len!
[2026-05-25 04:19:19.022] [info] Simulation Finished at 25846 cycle 25 us
[2026-05-25 04:19:19.022] [info] [MEMORY_FOOTPRINT] Total Core->L2/DRAM Request Bytes: 3757184
[2026-05-25 04:19:19.022] [info] Runtime Instructions [114] Avg Instructions Per Finished Tile [9.50]
[2026-05-25 04:19:19.022] [info] Core [0] : MatMul active cycle 15918 Vector active cycle 52 
[2026-05-25 04:19:19.022] [info] Core [0] : Memory unit idle cycle 23222 Systolic bubble cycle 153093896 Core idle cycle 2982 
[2026-05-25 04:19:19.022] [info] Core [0] : PE Utilization(%) 0.19, Systolic Bubble(%) 36.15, Vector Unit Utilization(%) 0.20, Total cycle: 25846
[2026-05-25 04:19:19.022] [info] [Core 0] Input SRAM Hit Rate: 31.66% (8971 hits, 19364 misses)
[2026-05-25 04:19:19.022] [info] [Core 0] Accumulator SRAM Hit Rate: 0.60% (104 hits, 17241 misses)
[2026-05-25 04:19:19.022] [info] [Core 0] Average Core->L2 Request Size: 22653.60 bytes
[2026-05-25 04:19:19.022] [info] [Core 0] Object Histogram: Top-1 size 119136 B (26.30%), Top-2 size 118912 B (26.25%)
[2026-05-25 04:19:19.022] [info] Core [0] : Systolic Inst Issue Count : 52
[2026-05-25 04:19:19.022] [info] Core [0] : Systolic PRELOAD Issue Count : 52
[2026-05-25 04:19:19.022] [info] Runtime Instructions [109] Avg Instructions Per Finished Tile [9.08]
[2026-05-25 04:19:19.022] [info] Core [1] : MatMul active cycle 16666 Vector active cycle 36 
[2026-05-25 04:19:19.022] [info] Core [1] : Memory unit idle cycle 23095 Systolic bubble cycle 163502552 Core idle cycle 1899 
[2026-05-25 04:19:19.022] [info] Core [1] : PE Utilization(%) 0.22, Systolic Bubble(%) 38.61, Vector Unit Utilization(%) 0.14, Total cycle: 25846
[2026-05-25 04:19:19.022] [info] [Core 1] Input SRAM Hit Rate: 32.02% (9253 hits, 19644 misses)
[2026-05-25 04:19:19.022] [info] [Core 1] Accumulator SRAM Hit Rate: 0.60% (104 hits, 17153 misses)
[2026-05-25 04:19:19.022] [info] [Core 1] Average Core->L2 Request Size: 26282.38 bytes
[2026-05-25 04:19:19.022] [info] [Core 1] Object Histogram: Top-1 size 59392 B (36.64%), Top-2 size 119136 B (24.50%)
[2026-05-25 04:19:19.022] [info] Core [1] : Systolic Inst Issue Count : 52
[2026-05-25 04:19:19.022] [info] Core [1] : Systolic PRELOAD Issue Count : 52
[2026-05-25 04:19:19.022] [info] Runtime Instructions [109] Avg Instructions Per Finished Tile [9.91]
[2026-05-25 04:19:19.022] [info] Core [2] : MatMul active cycle 16666 Vector active cycle 48 
[2026-05-25 04:19:19.022] [info] Core [2] : Memory unit idle cycle 23227 Systolic bubble cycle 163545656 Core idle cycle 2072 
[2026-05-25 04:19:19.022] [info] Core [2] : PE Utilization(%) 0.21, Systolic Bubble(%) 38.62, Vector Unit Utilization(%) 0.19, Total cycle: 25846
[2026-05-25 04:19:19.022] [info] [Core 2] Input SRAM Hit Rate: 31.64% (9077 hits, 19613 misses)
[2026-05-25 04:19:19.022] [info] [Core 2] Accumulator SRAM Hit Rate: 0.60% (104 hits, 17223 misses)
[2026-05-25 04:19:19.022] [info] [Core 2] Average Core->L2 Request Size: 24407.35 bytes
[2026-05-25 04:19:19.022] [info] [Core 2] Object Histogram: Top-1 size 119136 B (26.38%), Top-2 size 118912 B (26.33%)
[2026-05-25 04:19:19.022] [info] Core [2] : Systolic Inst Issue Count : 52
[2026-05-25 04:19:19.022] [info] Core [2] : Systolic PRELOAD Issue Count : 52
[2026-05-25 04:19:19.022] [info] Runtime Instructions [114] Avg Instructions Per Finished Tile [10.36]
[2026-05-25 04:19:19.022] [info] Core [3] : MatMul active cycle 15891 Vector active cycle 52 
[2026-05-25 04:19:19.022] [info] Core [3] : Memory unit idle cycle 23087 Systolic bubble cycle 153066200 Core idle cycle 2880 
[2026-05-25 04:19:19.022] [info] Core [3] : PE Utilization(%) 0.20, Systolic Bubble(%) 36.15, Vector Unit Utilization(%) 0.20, Total cycle: 25846
[2026-05-25 04:19:19.022] [info] [Core 3] Input SRAM Hit Rate: 30.98% (8949 hits, 19942 misses)
[2026-05-25 04:19:19.022] [info] [Core 3] Accumulator SRAM Hit Rate: 0.60% (104 hits, 17185 misses)
[2026-05-25 04:19:19.022] [info] [Core 3] Average Core->L2 Request Size: 24388.00 bytes
[2026-05-25 04:19:19.022] [info] [Core 3] Object Histogram: Top-1 size 59392 B (36.53%), Top-2 size 119136 B (24.43%)
[2026-05-25 04:19:19.022] [info] Core [3] : Systolic Inst Issue Count : 52
[2026-05-25 04:19:19.022] [info] Core [3] : Systolic PRELOAD Issue Count : 52
Class 0:
Packet latency average = 250.511
	minimum = 7
	maximum = 1642
Network latency average = 250.511
	minimum = 7
	maximum = 1642
Slowest packet = 51420
Flit latency average = 250.511
	minimum = 7
	maximum = 1642
Slowest flit = 51420
Fragmentation average = 0
	minimum = 0
	maximum = 0
Injected packet rate average = 0.113569
	minimum = 0.0677087 (at node 47)
	maximum = 0.284338 (at node 76)
Accepted packet rate average = 0.113569
	minimum = 0.0680183 (at node 38)
	maximum = 0.284338 (at node 76)
Injected flit rate average = 0.113569
	minimum = 0.0677087 (at node 47)
	maximum = 0.284338 (at node 76)
Accepted flit rate average= 0.113569
	minimum = 0.0680183 (at node 38)
	maximum = 0.284338 (at node 76)
Injected packet length average = 1
Accepted packet length average = 1
Total in-flight flits = 0 (0 measured)
Frontend:
  impl: GEM5

[2026-05-25 04:19:19.022] [info] Row hits: 7004, Row misses: 34, Row conflicts: 299
MemorySystem:
  impl: GenericDRAM
  total_num_other_requests: 0
  total_num_write_requests: 25
  total_num_read_requests: 7314
  memory_system_cycles: 31027
  DRAM:
    impl: HBM2
  AddrMapper:
    impl: RoBaRaCoCh
  Controller:
    impl: Generic
    id: Channel 0
    Scheduler:
      impl: FRFCFS
    RefreshManager:
      impl: AllBank



[2026-05-25 04:19:19.022] [info] HBM2-CH_0: avg BW utilization 23% (7314 reads, 25 writes)
Frontend:
  impl: GEM5

[2026-05-25 04:19:19.022] [info] Row hits: 7001, Row misses: 33, Row conflicts: 300
MemorySystem:
  impl: GenericDRAM
  total_num_other_requests: 0
  total_num_write_requests: 22
  total_num_read_requests: 7313
  memory_system_cycles: 31027
  DRAM:
    impl: HBM2
  AddrMapper:
    impl: RoBaRaCoCh
  Controller:
    impl: Generic
    id: Channel 0
    Scheduler:
      impl: FRFCFS
    RefreshManager:
      impl: AllBank



[2026-05-25 04:19:19.022] [debug] HBM2-CH_1: avg BW utilization 23% (7313 reads, 22 writes)
Frontend:
  impl: GEM5

[2026-05-25 04:19:19.022] [info] Row hits: 7002, Row misses: 33, Row conflicts: 302
MemorySystem:
  impl: GenericDRAM
  total_num_other_requests: 0
  total_num_write_requests: 23
  total_num_read_requests: 7314
  memory_system_cycles: 31027
  DRAM:
    impl: HBM2
  AddrMapper:
    impl: RoBaRaCoCh
  Controller:
    impl: Generic
    id: Channel 0
    Scheduler:
      impl: FRFCFS
    RefreshManager:
      impl: AllBank



[2026-05-25 04:19:19.022] [debug] HBM2-CH_2: avg BW utilization 23% (7314 reads, 23 writes)
Frontend:
  impl: GEM5

[2026-05-25 04:19:19.022] [info] Row hits: 6999, Row misses: 35, Row conflicts: 306
MemorySystem:
  impl: GenericDRAM
  total_num_other_requests: 0
  total_num_write_requests: 25
  total_num_read_requests: 7316
  memory_system_cycles: 31027
  DRAM:
    impl: HBM2
  AddrMapper:
    impl: RoBaRaCoCh
  Controller:
    impl: Generic
    id: Channel 0
    Scheduler:
      impl: FRFCFS
    RefreshManager:
      impl: AllBank



[2026-05-25 04:19:19.023] [debug] HBM2-CH_3: avg BW utilization 23% (7316 reads, 25 writes)
Frontend:
  impl: GEM5

[2026-05-25 04:19:19.023] [info] Row hits: 6998, Row misses: 32, Row conflicts: 297
MemorySystem:
  impl: GenericDRAM
  total_num_other_requests: 0
  total_num_write_requests: 22
  total_num_read_requests: 7305
  memory_system_cycles: 31027
  DRAM:
    impl: HBM2
  AddrMapper:
    impl: RoBaRaCoCh
  Controller:
    impl: Generic
    id: Channel 0
    Scheduler:
      impl: FRFCFS
    RefreshManager:
      impl: AllBank



[2026-05-25 04:19:19.023] [debug] HBM2-CH_4: avg BW utilization 23% (7305 reads, 22 writes)
Frontend:
  impl: GEM5

[2026-05-25 04:19:19.023] [info] Row hits: 6992, Row misses: 32, Row conflicts: 305
MemorySystem:
  impl: GenericDRAM
  total_num_other_requests: 0
  total_num_write_requests: 22
  total_num_read_requests: 7311
  memory_system_cycles: 31027
  DRAM:
    impl: HBM2
  AddrMapper:
    impl: RoBaRaCoCh
  Controller:
    impl: Generic
    id: Channel 0
    Scheduler:
      impl: FRFCFS
    RefreshManager:
      impl: AllBank



[2026-05-25 04:19:19.023] [debug] HBM2-CH_5: avg BW utilization 23% (7311 reads, 22 writes)
Frontend:
  impl: GEM5

[2026-05-25 04:19:19.023] [info] Row hits: 7005, Row misses: 34, Row conflicts: 294
MemorySystem:
  impl: GenericDRAM
  total_num_other_requests: 0
  total_num_write_requests: 23
  total_num_read_requests: 7310
  memory_system_cycles: 31027
  DRAM:
    impl: HBM2
  AddrMapper:
    impl: RoBaRaCoCh
  Controller:
    impl: Generic
    id: Channel 0
    Scheduler:
      impl: FRFCFS
    RefreshManager:
      impl: AllBank



[2026-05-25 04:19:19.023] [debug] HBM2-CH_6: avg BW utilization 23% (7310 reads, 23 writes)
Frontend:
  impl: GEM5

[2026-05-25 04:19:19.023] [info] Row hits: 6999, Row misses: 36, Row conflicts: 295
MemorySystem:
  impl: GenericDRAM
  total_num_other_requests: 0
  total_num_write_requests: 23
  total_num_read_requests: 7310
  memory_system_cycles: 31027
  DRAM:
    impl: HBM2
  AddrMapper:
    impl: RoBaRaCoCh
  Controller:
    impl: Generic
    id: Channel 0
    Scheduler:
      impl: FRFCFS
    RefreshManager:
      impl: AllBank



[2026-05-25 04:19:19.023] [debug] HBM2-CH_7: avg BW utilization 23% (7310 reads, 23 writes)
Frontend:
  impl: GEM5

[2026-05-25 04:19:19.023] [info] Row hits: 7002, Row misses: 32, Row conflicts: 304
MemorySystem:
  impl: GenericDRAM
  total_num_other_requests: 0
  total_num_write_requests: 23
  total_num_read_requests: 7316
  memory_system_cycles: 31027
  DRAM:
    impl: HBM2
  AddrMapper:
    impl: RoBaRaCoCh
  Controller:
    impl: Generic
    id: Channel 0
    Scheduler:
      impl: FRFCFS
    RefreshManager:
      impl: AllBank



[2026-05-25 04:19:19.023] [debug] HBM2-CH_8: avg BW utilization 23% (7316 reads, 23 writes)
Frontend:
  impl: GEM5

[2026-05-25 04:19:19.023] [info] Row hits: 7007, Row misses: 32, Row conflicts: 306
MemorySystem:
  impl: GenericDRAM
  total_num_other_requests: 0
  total_num_write_requests: 24
  total_num_read_requests: 7321
  memory_system_cycles: 31027
  DRAM:
    impl: HBM2
  AddrMapper:
    impl: RoBaRaCoCh
  Controller:
    impl: Generic
    id: Channel 0
    Scheduler:
      impl: FRFCFS
    RefreshManager:
      impl: AllBank



[2026-05-25 04:19:19.023] [debug] HBM2-CH_9: avg BW utilization 23% (7321 reads, 24 writes)
Frontend:
  impl: GEM5

[2026-05-25 04:19:19.023] [info] Row hits: 6996, Row misses: 32, Row conflicts: 309
MemorySystem:
  impl: GenericDRAM
  total_num_other_requests: 0
  total_num_write_requests: 22
  total_num_read_requests: 7317
  memory_system_cycles: 31027
  DRAM:
    impl: HBM2
  AddrMapper:
    impl: RoBaRaCoCh
  Controller:
    impl: Generic
    id: Channel 0
    Scheduler:
      impl: FRFCFS
    RefreshManager:
      impl: AllBank



[2026-05-25 04:19:19.023] [debug] HBM2-CH_10: avg BW utilization 23% (7317 reads, 22 writes)
Frontend:
  impl: GEM5

[2026-05-25 04:19:19.023] [info] Row hits: 7002, Row misses: 32, Row conflicts: 304
MemorySystem:
  impl: GenericDRAM
  total_num_other_requests: 0
  total_num_write_requests: 23
  total_num_read_requests: 7316
  memory_system_cycles: 31027
  DRAM:
    impl: HBM2
  AddrMapper:
    impl: RoBaRaCoCh
  Controller:
    impl: Generic
    id: Channel 0
    Scheduler:
      impl: FRFCFS
    RefreshManager:
      impl: AllBank



[2026-05-25 04:19:19.023] [debug] HBM2-CH_11: avg BW utilization 23% (7316 reads, 23 writes)
Frontend:
  impl: GEM5

[2026-05-25 04:19:19.023] [info] Row hits: 7015, Row misses: 32, Row conflicts: 302
MemorySystem:
  impl: GenericDRAM
  total_num_other_requests: 0
  total_num_write_requests: 25
  total_num_read_requests: 7324
  memory_system_cycles: 31027
  DRAM:
    impl: HBM2
  AddrMapper:
    impl: RoBaRaCoCh
  Controller:
    impl: Generic
    id: Channel 0
    Scheduler:
      impl: FRFCFS
    RefreshManager:
      impl: AllBank



[2026-05-25 04:19:19.023] [debug] HBM2-CH_12: avg BW utilization 23% (7324 reads, 25 writes)
Frontend:
  impl: GEM5

[2026-05-25 04:19:19.023] [info] Row hits: 7001, Row misses: 34, Row conflicts: 304
MemorySystem:
  impl: GenericDRAM
  total_num_other_requests: 0
  total_num_write_requests: 23
  total_num_read_requests: 7316
  memory_system_cycles: 31027
  DRAM:
    impl: HBM2
  AddrMapper:
    impl: RoBaRaCoCh
  Controller:
    impl: Generic
    id: Channel 0
    Scheduler:
      impl: FRFCFS
    RefreshManager:
      impl: AllBank



[2026-05-25 04:19:19.023] [debug] HBM2-CH_13: avg BW utilization 23% (7316 reads, 23 writes)
Frontend:
  impl: GEM5

[2026-05-25 04:19:19.023] [info] Row hits: 6998, Row misses: 34, Row conflicts: 302
MemorySystem:
  impl: GenericDRAM
  total_num_other_requests: 0
  total_num_write_requests: 22
  total_num_read_requests: 7315
  memory_system_cycles: 31027
  DRAM:
    impl: HBM2
  AddrMapper:
    impl: RoBaRaCoCh
  Controller:
    impl: Generic
    id: Channel 0
    Scheduler:
      impl: FRFCFS
    RefreshManager:
      impl: AllBank



[2026-05-25 04:19:19.023] [debug] HBM2-CH_14: avg BW utilization 23% (7315 reads, 22 writes)
Frontend:
  impl: GEM5

[2026-05-25 04:19:19.023] [info] Row hits: 7018, Row misses: 33, Row conflicts: 294
MemorySystem:
  impl: GenericDRAM
  total_num_other_requests: 0
  total_num_write_requests: 25
  total_num_read_requests: 7322
  memory_system_cycles: 31027
  DRAM:
    impl: HBM2
  AddrMapper:
    impl: RoBaRaCoCh
  Controller:
    impl: Generic
    id: Channel 0
    Scheduler:
      impl: FRFCFS
    RefreshManager:
      impl: AllBank



[2026-05-25 04:19:19.023] [debug] HBM2-CH_15: avg BW utilization 23% (7322 reads, 25 writes)
[2026-05-25 04:19:19.023] [info] Simulation time: 1.846695 seconds
[2026-05-25 04:19:19.023] [info] Total tile: 46, simulated tile per seconds(TPS): 25.304478
